../Src/EXTI_program.c:15:6:MEXTI_voidInit	4	static
../Src/EXTI_program.c:66:6:MEXTI_voidSetSignalLatch	16	static
../Src/EXTI_program.c:89:6:MEXTI_voidEnableLine	16	static
../Src/EXTI_program.c:95:6:MEXTI_voidDisableLine	16	static
../Src/EXTI_program.c:101:6:MEXTI_voidSoftwareTrigger	16	static
../Src/EXTI_program.c:107:6:MEXTI_voidSetCallBack	16	static
../Src/EXTI_program.c:113:6:EXTI0_IRQHandler	8	static
../Src/EXTI_program.c:120:6:EXTI1_IRQHandler	8	static
../Src/EXTI_program.c:127:6:EXTI2_IRQHandler	8	static
../Src/EXTI_program.c:134:6:EXTI3_IRQHandler	8	static
../Src/EXTI_program.c:141:6:EXTI4_IRQHandler	8	static
../Src/EXTI_program.c:148:6:EXTI5_IRQHandler	8	static
../Src/EXTI_program.c:155:6:EXTI6_IRQHandler	8	static
../Src/EXTI_program.c:162:6:EXTI7_IRQHandler	8	static
../Src/EXTI_program.c:169:6:EXTI8_IRQHandler	8	static
../Src/EXTI_program.c:176:6:EXTI9_IRQHandler	8	static
../Src/EXTI_program.c:183:6:EXTI10_IRQHandler	8	static
../Src/EXTI_program.c:190:6:EXTI11_IRQHandler	8	static
../Src/EXTI_program.c:197:6:EXTI12_IRQHandler	8	static
../Src/EXTI_program.c:204:6:EXTI13_IRQHandler	8	static
../Src/EXTI_program.c:211:6:EXTI14_IRQHandler	8	static
../Src/EXTI_program.c:218:6:EXTI15_IRQHandler	8	static
