Archive member included to satisfy reference by file (symbol)

c:/st/stm32cubeide_1.12.1/stm32cubeide/plugins/com.st.stm32cube.ide.mcu.externaltools.gnu-tools-for-stm32.10.3-2021.10.win32_1.0.200.202301161003/tools/bin/../lib/gcc/arm-none-eabi/10.3.1/../../../../arm-none-eabi/lib/thumb/v7-m/nofp\libc_nano.a(lib_a-errno.o)
                              ./Src/syscalls.o (__errno)
c:/st/stm32cubeide_1.12.1/stm32cubeide/plugins/com.st.stm32cube.ide.mcu.externaltools.gnu-tools-for-stm32.10.3-2021.10.win32_1.0.200.202301161003/tools/bin/../lib/gcc/arm-none-eabi/10.3.1/../../../../arm-none-eabi/lib/thumb/v7-m/nofp\libc_nano.a(lib_a-exit.o)
                              c:/st/stm32cubeide_1.12.1/stm32cubeide/plugins/com.st.stm32cube.ide.mcu.externaltools.gnu-tools-for-stm32.10.3-2021.10.win32_1.0.200.202301161003/tools/bin/../lib/gcc/arm-none-eabi/10.3.1/../../../../arm-none-eabi/lib/thumb/v7-m/nofp/crt0.o (exit)
c:/st/stm32cubeide_1.12.1/stm32cubeide/plugins/com.st.stm32cube.ide.mcu.externaltools.gnu-tools-for-stm32.10.3-2021.10.win32_1.0.200.202301161003/tools/bin/../lib/gcc/arm-none-eabi/10.3.1/../../../../arm-none-eabi/lib/thumb/v7-m/nofp\libc_nano.a(lib_a-impure.o)
                              c:/st/stm32cubeide_1.12.1/stm32cubeide/plugins/com.st.stm32cube.ide.mcu.externaltools.gnu-tools-for-stm32.10.3-2021.10.win32_1.0.200.202301161003/tools/bin/../lib/gcc/arm-none-eabi/10.3.1/../../../../arm-none-eabi/lib/thumb/v7-m/nofp\libc_nano.a(lib_a-exit.o) (_global_impure_ptr)
c:/st/stm32cubeide_1.12.1/stm32cubeide/plugins/com.st.stm32cube.ide.mcu.externaltools.gnu-tools-for-stm32.10.3-2021.10.win32_1.0.200.202301161003/tools/bin/../lib/gcc/arm-none-eabi/10.3.1/../../../../arm-none-eabi/lib/thumb/v7-m/nofp\libc_nano.a(lib_a-init.o)
                              c:/st/stm32cubeide_1.12.1/stm32cubeide/plugins/com.st.stm32cube.ide.mcu.externaltools.gnu-tools-for-stm32.10.3-2021.10.win32_1.0.200.202301161003/tools/bin/../lib/gcc/arm-none-eabi/10.3.1/../../../../arm-none-eabi/lib/thumb/v7-m/nofp/crt0.o (__libc_init_array)
c:/st/stm32cubeide_1.12.1/stm32cubeide/plugins/com.st.stm32cube.ide.mcu.externaltools.gnu-tools-for-stm32.10.3-2021.10.win32_1.0.200.202301161003/tools/bin/../lib/gcc/arm-none-eabi/10.3.1/../../../../arm-none-eabi/lib/thumb/v7-m/nofp\libc_nano.a(lib_a-memset.o)
                              c:/st/stm32cubeide_1.12.1/stm32cubeide/plugins/com.st.stm32cube.ide.mcu.externaltools.gnu-tools-for-stm32.10.3-2021.10.win32_1.0.200.202301161003/tools/bin/../lib/gcc/arm-none-eabi/10.3.1/../../../../arm-none-eabi/lib/thumb/v7-m/nofp/crt0.o (memset)
c:/st/stm32cubeide_1.12.1/stm32cubeide/plugins/com.st.stm32cube.ide.mcu.externaltools.gnu-tools-for-stm32.10.3-2021.10.win32_1.0.200.202301161003/tools/bin/../lib/gcc/arm-none-eabi/10.3.1/../../../../arm-none-eabi/lib/thumb/v7-m/nofp\libc_nano.a(lib_a-sprintf.o)
                              ./Src/LCD_prog.o (sprintf)
c:/st/stm32cubeide_1.12.1/stm32cubeide/plugins/com.st.stm32cube.ide.mcu.externaltools.gnu-tools-for-stm32.10.3-2021.10.win32_1.0.200.202301161003/tools/bin/../lib/gcc/arm-none-eabi/10.3.1/../../../../arm-none-eabi/lib/thumb/v7-m/nofp\libc_nano.a(lib_a-nano-svfprintf.o)
                              c:/st/stm32cubeide_1.12.1/stm32cubeide/plugins/com.st.stm32cube.ide.mcu.externaltools.gnu-tools-for-stm32.10.3-2021.10.win32_1.0.200.202301161003/tools/bin/../lib/gcc/arm-none-eabi/10.3.1/../../../../arm-none-eabi/lib/thumb/v7-m/nofp\libc_nano.a(lib_a-sprintf.o) (_svfprintf_r)
c:/st/stm32cubeide_1.12.1/stm32cubeide/plugins/com.st.stm32cube.ide.mcu.externaltools.gnu-tools-for-stm32.10.3-2021.10.win32_1.0.200.202301161003/tools/bin/../lib/gcc/arm-none-eabi/10.3.1/../../../../arm-none-eabi/lib/thumb/v7-m/nofp\libc_nano.a(lib_a-nano-vfprintf_i.o)
                              c:/st/stm32cubeide_1.12.1/stm32cubeide/plugins/com.st.stm32cube.ide.mcu.externaltools.gnu-tools-for-stm32.10.3-2021.10.win32_1.0.200.202301161003/tools/bin/../lib/gcc/arm-none-eabi/10.3.1/../../../../arm-none-eabi/lib/thumb/v7-m/nofp\libc_nano.a(lib_a-nano-svfprintf.o) (_printf_i)
c:/st/stm32cubeide_1.12.1/stm32cubeide/plugins/com.st.stm32cube.ide.mcu.externaltools.gnu-tools-for-stm32.10.3-2021.10.win32_1.0.200.202301161003/tools/bin/../lib/gcc/arm-none-eabi/10.3.1/../../../../arm-none-eabi/lib/thumb/v7-m/nofp\libc_nano.a(lib_a-memchr-stub.o)
                              c:/st/stm32cubeide_1.12.1/stm32cubeide/plugins/com.st.stm32cube.ide.mcu.externaltools.gnu-tools-for-stm32.10.3-2021.10.win32_1.0.200.202301161003/tools/bin/../lib/gcc/arm-none-eabi/10.3.1/../../../../arm-none-eabi/lib/thumb/v7-m/nofp\libc_nano.a(lib_a-nano-svfprintf.o) (memchr)
c:/st/stm32cubeide_1.12.1/stm32cubeide/plugins/com.st.stm32cube.ide.mcu.externaltools.gnu-tools-for-stm32.10.3-2021.10.win32_1.0.200.202301161003/tools/bin/../lib/gcc/arm-none-eabi/10.3.1/../../../../arm-none-eabi/lib/thumb/v7-m/nofp\libc_nano.a(lib_a-memcpy-stub.o)
[...]
Memory Configuration

Name             Origin             Length             Attributes
RAM              0x0000000020000000 0x0000000000002800 xrw
FLASH            0x0000000008000000 0x0000000000008000 xr
*default*        0x0000000000000000 0xffffffffffffffff

Linker script and memory map

LOAD c:/st/stm32cubeide_1.12.1/stm32cubeide/plugins/com.st.stm32cube.ide.mcu.externaltools.gnu-tools-for-stm32.10.3-2021.10.win32_1.0.200.202301161003/tools/bin/../lib/gcc/arm-none-eabi/10.3.1/thumb/v7-m/nofp/crti.o
LOAD c:/st/stm32cubeide_1.12.1/stm32cubeide/plugins/com.st.stm32cube.ide.mcu.externaltools.gnu-tools-for-stm32.10.3-2021.10.win32_1.0.200.202301161003/tools/bin/../lib/gcc/arm-none-eabi/10.3.1/thumb/v7-m/nofp/crtbegin.o
LOAD c:/st/stm32cubeide_1.12.1/stm32cubeide/plugins/com.st.stm32cube.ide.mcu.externaltools.gnu-tools-for-stm32.10.3-2021.10.win32_1.0.200.202301161003/tools/bin/../lib/gcc/arm-none-eabi/10.3.1/../../../../arm-none-eabi/lib/thumb/v7-m/nofp/crt0.o
LOAD ./Src/AFIO_program.o
LOAD ./Src/EXTI_program.o
LOAD ./Src/GPIO_program.o
LOAD ./Src/LCD_private.o
LOAD ./Src/LCD_prog.o
LOAD ./Src/MotorDriver_program.o
LOAD ./Src/NVIC_program.o
LOAD ./Src/RCC_program.o
LOAD ./Src/SYSTICK_program.o
LOAD ./Src/TIMERx_program.o
LOAD ./Src/USART_PROG.o
LOAD ./Src/main.o
LOAD ./Src/syscalls.o
LOAD ./Src/sysmem.o
LOAD ./Startup/startup_stm32f103c6tx.o
START GROUP
LOAD c:/st/stm32cubeide_1.12.1/stm32cubeide/plugins/com.st.stm32cube.ide.mcu.externaltools.gnu-tools-for-stm32.10.3-2021.10.win32_1.0.200.202301161003/tools/bin/../lib/gcc/arm-none-eabi/10.3.1/../../../../arm-none-eabi/lib/thumb/v7-m/nofp\libc_nano.a
LOAD c:/st/stm32cubeide_1.12.1/stm32cubeide/plugins/com.st.stm32cube.ide.mcu.externaltools.gnu-tools-for-stm32.10.3-2021.10.win32_1.0.200.202301161003/tools/bin/../lib/gcc/arm-none-eabi/10.3.1/../../../../arm-none-eabi/lib/thumb/v7-m/nofp\libm.a
END GROUP
START GROUP
LOAD c:/st/stm32cubeide_1.12.1/stm32cubeide/plugins/com.st.stm32cube.ide.mcu.externaltools.gnu-tools-for-stm32.10.3-2021.10.win32_1.0.200.202301161003/tools/bin/../lib/gcc/arm-none-eabi/10.3.1/thumb/v7-m/nofp\libgcc.a
LOAD c:/st/stm32cubeide_1.12.1/stm32cubeide/plugins/com.st.stm32cube.ide.mcu.externaltools.gnu-tools-for-stm32.10.3-2021.10.win32_1.0.200.202301161003/tools/bin/../lib/gcc/arm-none-eabi/10.3.1/../../../../arm-none-eabi/lib/thumb/v7-m/nofp\libc_nano.a
END GROUP
START GROUP
LOAD c:/st/stm32cubeide_1.12.1/stm32cubeide/plugins/com.st.stm32cube.ide.mcu.externaltools.gnu-tools-for-stm32.10.3-2021.10.win32_1.0.200.202301161003/tools/bin/../lib/gcc/arm-none-eabi/10.3.1/thumb/v7-m/nofp\libgcc.a
LOAD c:/st/stm32cubeide_1.12.1/stm32cubeide/plugins/com.st.stm32cube.ide.mcu.externaltools.gnu-tools-for-stm32.10.3-2021.10.win32_1.0.200.202301161003/tools/bin/../lib/gcc/arm-none-eabi/10.3.1/../../../../arm-none-eabi/lib/thumb/v7-m/nofp\libc_nano.a
LOAD c:/st/stm32cubeide_1.12.1/stm32cubeide/plugins/com.st.stm32cube.ide.mcu.externaltools.gnu-tools-for-stm32.10.3-2021.10.win32_1.0.200.202301161003/tools/bin/../lib/gcc/arm-none-eabi/10.3.1/../../../../arm-none-eabi/lib/thumb/v7-m/nofp\libnosys.a
END GROUP
START GROUP
LOAD c:/st/stm32cubeide_1.12.1/stm32cubeide/plugins/com.st.stm32cube.ide.mcu.externaltools.gnu-tools-for-stm32.10.3-2021.10.win32_1.0.200.202301161003/tools/bin/../lib/gcc/arm-none-eabi/10.3.1/thumb/v7-m/nofp\libgcc.a
LOAD c:/st/stm32cubeide_1.12.1/stm32cubeide/plugins/com.st.stm32cube.ide.mcu.externaltools.gnu-tools-for-stm32.10.3-2021.10.win32_1.0.200.202301161003/tools/bin/../lib/gcc/arm-none-eabi/10.3.1/../../../../arm-none-eabi/lib/thumb/v7-m/nofp\libc_nano.a
LOAD c:/st/stm32cubeide_1.12.1/stm32cubeide/plugins/com.st.stm32cube.ide.mcu.externaltools.gnu-tools-for-stm32.10.3-2021.10.win32_1.0.200.202301161003/tools/bin/../lib/gcc/arm-none-eabi/10.3.1/../../../../arm-none-eabi/lib/thumb/v7-m/nofp\libnosys.a
END GROUP
LOAD c:/st/stm32cubeide_1.12.1/stm32cubeide/plugins/com.st.stm32cube.ide.mcu.externaltools.gnu-tools-for-stm32.10.3-2021.10.win32_1.0.200.202301161003/tools/bin/../lib/gcc/arm-none-eabi/10.3.1/thumb/v7-m/nofp/crtend.o
LOAD c:/st/stm32cubeide_1.12.1/stm32cubeide/plugins/com.st.stm32cube.ide.mcu.externaltools.gnu-tools-for-stm32.10.3-2021.10.win32_1.0.200.202301161003/tools/bin/../lib/gcc/arm-none-eabi/10.3.1/thumb/v7-m/nofp/crtn.o
                0x0000000020002800                _estack = (ORIGIN (RAM) + LENGTH (RAM))
                0x0000000000000200                _Min_Heap_Size = 0x200
                0x0000000000000400                _Min_Stack_Size = 0x400

.isr_vector     0x0000000008000000      0x130
                0x0000000008000000                . = ALIGN (0x4)
 *(.isr_vector)
 .isr_vector    0x0000000008000000      0x130 ./Startup/startup_stm32f103c6tx.o
                0x0000000008000000                g_pfnVectors
                0x0000000008000130                . = ALIGN (0x4)

.text           0x0000000008000130     0x1a7c
                0x0000000008000130                . = ALIGN (0x4)
 *(.text)
 .text          0x0000000008000130       0x40 c:/st/stm32cubeide_1.12.1/stm32cubeide/plugins/com.st.stm32cube.ide.mcu.externaltools.gnu-tools-for-stm32.10.3-2021.10.win32_1.0.200.202301161003/tools/bin/../lib/gcc/arm-none-eabi/10.3.1/thumb/v7-m/nofp/crtbegin.o
 *(.text*)
 .text.EXTI0_IRQHandler
                0x0000000008000170       0x24 ./Src/EXTI_program.o
                0x0000000008000170                EXTI0_IRQHandler
 .text.EXTI1_IRQHandler
                0x0000000008000194       0x24 ./Src/EXTI_program.o
                0x0000000008000194                EXTI1_IRQHandler
 .text.EXTI2_IRQHandler
                0x00000000080001b8       0x24 ./Src/EXTI_program.o
                0x00000000080001b8                EXTI2_IRQHandler
 .text.EXTI3_IRQHandler
                0x00000000080001dc       0x24 ./Src/EXTI_program.o
                0x00000000080001dc                EXTI3_IRQHandler
 .text.EXTI4_IRQHandler
                0x0000000008000200       0x24 ./Src/EXTI_program.o
                0x0000000008000200                EXTI4_IRQHandler
 .text.MGPIO_voidSetPinMode
                0x0000000008000224      0x1b8 ./Src/GPIO_program.o
                0x0000000008000224                MGPIO_voidSetPinMode
 .text.MGPIO_voidSetPinValue
                0x00000000080003dc      0x100 ./Src/GPIO_program.o
                0x00000000080003dc                MGPIO_voidSetPinValue
 .text.HLCD_voidSendCmd
                0x00000000080004dc      0x12e ./Src/LCD_private.o
                0x00000000080004dc                HLCD_voidSendCmd
 .text.HLCD_voidInit
                0x000000000800060a       0x70 ./Src/LCD_prog.o
                0x000000000800060a                HLCD_voidInit
 .text.HLCD_voidSendData
                0x000000000800067a       0xc8 ./Src/LCD_prog.o
                0x000000000800067a                HLCD_voidSendData
 .text.HLCD_voidDispStr
                0x0000000008000742       0x38 ./Src/LCD_prog.o
                0x0000000008000742                HLCD_voidDispStr
 *fill*         0x000000000800077a        0x2 
 .text.HLCD_voidDispIntNum
                0x000000000800077c       0x68 ./Src/LCD_prog.o
                0x000000000800077c                HLCD_voidDispIntNum
 .text.HLCD_voidClrScreen
                0x00000000080007e4        0xe ./Src/LCD_prog.o
                0x00000000080007e4                HLCD_voidClrScreen
 .text.H_MotorDriver_voidInit
                0x00000000080007f2       0x7c ./Src/MotorDriver_program.o
                0x00000000080007f2                H_MotorDriver_voidInit
 .text.H_MotorDriver_voidForward
                0x000000000800086e       0xe2 ./Src/MotorDriver_program.o
                0x000000000800086e                H_MotorDriver_voidForward
 .text.H_MotorDriver_voidStop
                0x0000000008000950       0xe2 ./Src/MotorDriver_program.o
                0x0000000008000950                H_MotorDriver_voidStop
 *fill*         0x0000000008000a32        0x2 
 .text.MNVIC_voidEnableInterrupt
                0x0000000008000a34       0x44 ./Src/NVIC_program.o
                0x0000000008000a34                MNVIC_voidEnableInterrupt
 .text.MRCC_voidInitSysClock
                0x0000000008000a78       0x58 ./Src/RCC_program.o
                0x0000000008000a78                MRCC_voidInitSysClock
 .text.MRCC_voidEnableClock
                0x0000000008000ad0       0x84 ./Src/RCC_program.o
                0x0000000008000ad0                MRCC_voidEnableClock
 .text.MSTK_voidInit
                0x0000000008000b54       0x40 ./Src/SYSTICK_program.o
                0x0000000008000b54                MSTK_voidInit
 .text.MSTK_voidSetBusyWait
                0x0000000008000b94       0x60 ./Src/SYSTICK_program.o
                0x0000000008000b94                MSTK_voidSetBusyWait
 .text.MTIMERx_voidInit
                0x0000000008000bf4       0x3a ./Src/TIMERx_program.o
                0x0000000008000bf4                MTIMERx_voidInit
 *fill*         0x0000000008000c2e        0x2 
 .text.MTIMERx_voidPWMSetup
                0x0000000008000c30      0x154 ./Src/TIMERx_program.o
                0x0000000008000c30                MTIMERx_voidPWMSetup
 .text.MTIMERx_voidSetPWMDuty
                0x0000000008000d84       0x64 ./Src/TIMERx_program.o
                0x0000000008000d84                MTIMERx_voidSetPWMDuty
 .text.MTIMERx_GetTimerID
                0x0000000008000de8       0x60 ./Src/TIMERx_program.o
                0x0000000008000de8                MTIMERx_GetTimerID
 .text.TIM2_IRQHandler
                0x0000000008000e48       0xec ./Src/TIMERx_program.o
                0x0000000008000e48                TIM2_IRQHandler
 .text.MUSART_VidInit
                0x0000000008000f34       0xc8 ./Src/USART_PROG.o
                0x0000000008000f34                MUSART_VidInit
 .text.MUSART1_u8RecCharSynch
                0x0000000008000ffc       0x64 ./Src/USART_PROG.o
                0x0000000008000ffc                MUSART1_u8RecCharSynch
 .text.USART1_IRQHandler
                0x0000000008001060       0x1c ./Src/USART_PROG.o
                0x0000000008001060                USART1_IRQHandler
 .text.main     0x000000000800107c      0x110 ./Src/main.o
                0x000000000800107c                main
 .text._sbrk    0x000000000800118c       0x6c ./Src/sysmem.o
                0x000000000800118c                _sbrk
 .text.Reset_Handler
                0x00000000080011f8       0x50 ./Startup/startup_stm32f103c6tx.o
                0x00000000080011f8                Reset_Handler
 .text.Default_Handler
                0x0000000008001248        0x2 ./Startup/startup_stm32f103c6tx.o
                0x0000000008001248                TIM8_TRG_COM_IRQHandler
                0x0000000008001248                TIM8_CC_IRQHandler
                0x0000000008001248                DebugMon_Handler
                0x0000000008001248                TIM1_CC_IRQHandler
                0x0000000008001248                HardFault_Handler
                0x0000000008001248                TIM6_IRQHandler
                0x0000000008001248                SysTick_Handler
                0x0000000008001248                PVD_IRQHandler
                0x0000000008001248                SDIO_IRQHandler
                0x0000000008001248                PendSV_Handler
                0x0000000008001248                NMI_Handler
                0x0000000008001248                USB_HP_CAN_TX_IRQHandler
                0x0000000008001248                I2C2_EV_IRQHandler
                0x0000000008001248                UsageFault_Handler
                0x0000000008001248                ADC1_2_IRQHandler
                0x0000000008001248                SPI1_IRQHandler
                0x0000000008001248                CAN_SCE_IRQHandler
                0x0000000008001248                TAMPER_IRQHandler
                0x0000000008001248                TIM8_UP_IRQHandler
                0x0000000008001248                DMA2_Channel2_IRQHandler
                0x0000000008001248                DMA1_Channel4_IRQHandler
                0x0000000008001248                USART3_IRQHandler
                0x0000000008001248                RTC_IRQHandler
                0x0000000008001248                DMA1_Channel7_IRQHandler
                0x0000000008001248                UART5_IRQHandler
                0x0000000008001248                ADC3_IRQHandler
                0x0000000008001248                TIM4_IRQHandler
                0x0000000008001248                CAN_RX1_IRQHandler
                0x0000000008001248                DMA2_Channel1_IRQHandler
                0x0000000008001248                I2C1_EV_IRQHandler
                0x0000000008001248                DMA1_Channel6_IRQHandler
                0x0000000008001248                UART4_IRQHandler
                0x0000000008001248                TIM3_IRQHandler
                0x0000000008001248                RCC_IRQHandler
                0x0000000008001248                TIM1_TRG_COM_IRQHandler
                0x0000000008001248                DMA1_Channel1_IRQHandler
                0x0000000008001248                Default_Handler
                0x0000000008001248                EXTI15_10_IRQHandler
                0x0000000008001248                TIM7_IRQHandler
                0x0000000008001248                TIM5_IRQHandler
                0x0000000008001248                EXTI9_5_IRQHandler
                0x0000000008001248                SPI2_IRQHandler
                0x0000000008001248                USB_LP_CAN_RX0_IRQHandler
                0x0000000008001248                MemManage_Handler
                0x0000000008001248                SVC_Handler
                0x0000000008001248                DMA1_Channel5_IRQHandler
                0x0000000008001248                DMA1_Channel3_IRQHandler
                0x0000000008001248                FSMC_IRQHandler
                0x0000000008001248                TIM1_UP_IRQHandler
                0x0000000008001248                WWDG_IRQHandler
                0x0000000008001248                TIM1_BRK_IRQHandler
                0x0000000008001248                RTCAlarm_IRQHandler
                0x0000000008001248                DMA2_Channel4_5_IRQHandler
                0x0000000008001248                USART2_IRQHandler
                0x0000000008001248                I2C2_ER_IRQHandler
                0x0000000008001248                DMA1_Channel2_IRQHandler
                0x0000000008001248                TIM8_BRK_IRQHandler
                0x0000000008001248                FLASH_IRQHandler
                0x0000000008001248                BusFault_Handler
                0x0000000008001248                SPI3_IRQHandler
                0x0000000008001248                I2C1_ER_IRQHandler
                0x0000000008001248                DMA2_Channel3_IRQHandler
 *fill*         0x000000000800124a        0x2 
 .text.__errno  0x000000000800124c        0xc c:/st/stm32cubeide_1.12.1/stm32cubeide/plugins/com.st.stm32cube.ide.mcu.externaltools.gnu-tools-for-stm32.10.3-2021.10.win32_1.0.200.202301161003/tools/bin/../lib/gcc/arm-none-eabi/10.3.1/../../../../arm-none-eabi/lib/thumb/v7-m/nofp\libc_nano.a(lib_a-errno.o)
                0x000000000800124c                __errno
 .text.__libc_init_array
                0x0000000008001258       0x48 c:/st/stm32cubeide_1.12.1/stm32cubeide/plugins/com.st.stm32cube.ide.mcu.externaltools.gnu-tools-for-stm32.10.3-2021.10.win32_1.0.200.202301161003/tools/bin/../lib/gcc/arm-none-eabi/10.3.1/../../../../arm-none-eabi/lib/thumb/v7-m/nofp\libc_nano.a(lib_a-init.o)
                0x0000000008001258                __libc_init_array
 .text.sprintf  0x00000000080012a0       0x40 c:/st/stm32cubeide_1.12.1/stm32cubeide/plugins/com.st.stm32cube.ide.mcu.externaltools.gnu-tools-for-stm32.10.3-2021.10.win32_1.0.200.202301161003/tools/bin/../lib/gcc/arm-none-eabi/10.3.1/../../../../arm-none-eabi/lib/thumb/v7-m/nofp\libc_nano.a(lib_a-sprintf.o)
                0x00000000080012a0                siprintf
                0x00000000080012a0                sprintf
 .text.__ssputs_r
                0x00000000080012e0       0xb6 c:/st/stm32cubeide_1.12.1/stm32cubeide/plugins/com.st.stm32cube.ide.mcu.externaltools.gnu-tools-for-stm32.10.3-2021.10.win32_1.0.200.202301161003/tools/bin/../lib/gcc/arm-none-eabi/10.3.1/../../../../arm-none-eabi/lib/thumb/v7-m/nofp\libc_nano.a(lib_a-nano-svfprintf.o)
                0x00000000080012e0                __ssputs_r
 *fill*         0x0000000008001396        0x2 
 .text._svfprintf_r
                0x0000000008001398      0x200 c:/st/stm32cubeide_1.12.1/stm32cubeide/plugins/com.st.stm32cube.ide.mcu.externaltools.gnu-tools-for-stm32.10.3-2021.10.win32_1.0.200.202301161003/tools/bin/../lib/gcc/arm-none-eabi/10.3.1/../../../../arm-none-eabi/lib/thumb/v7-m/nofp\libc_nano.a(lib_a-nano-svfprintf.o)
                0x0000000008001398                _svfiprintf_r
                0x0000000008001398                _svfprintf_r
 .text._printf_common
                0x0000000008001598       0xde c:/st/stm32cubeide_1.12.1/stm32cubeide/plugins/com.st.stm32cube.ide.mcu.externaltools.gnu-tools-for-stm32.10.3-2021.10.win32_1.0.200.202301161003/tools/bin/../lib/gcc/arm-none-eabi/10.3.1/../../../../arm-none-eabi/lib/thumb/v7-m/nofp\libc_nano.a(lib_a-nano-vfprintf_i.o)
                0x0000000008001598                _printf_common
 *fill*         0x0000000008001676        0x2 
 .text._printf_i
                0x0000000008001678      0x24c c:/st/stm32cubeide_1.12.1/stm32cubeide/plugins/com.st.stm32cube.ide.mcu.externaltools.gnu-tools-for-stm32.10.3-2021.10.win32_1.0.200.202301161003/tools/bin/../lib/gcc/arm-none-eabi/10.3.1/../../../../arm-none-eabi/lib/thumb/v7-m/nofp\libc_nano.a(lib_a-nano-vfprintf_i.o)
                0x0000000008001678                _printf_i
 .text.memchr   0x00000000080018c4       0x1c c:/st/stm32cubeide_1.12.1/stm32cubeide/plugins/com.st.stm32cube.ide.mcu.externaltools.gnu-tools-for-stm32.10.3-2021.10.win32_1.0.200.202301161003/tools/bin/../lib/gcc/arm-none-eabi/10.3.1/../../../../arm-none-eabi/lib/thumb/v7-m/nofp\libc_nano.a(lib_a-memchr-stub.o)
                0x00000000080018c4                memchr
 .text.memcpy   0x00000000080018e0       0x1c c:/st/stm32cubeide_1.12.1/stm32cubeide/plugins/com.st.stm32cube.ide.mcu.externaltools.gnu-tools-for-stm32.10.3-2021.10.win32_1.0.200.202301161003/tools/bin/../lib/gcc/arm-none-eabi/10.3.1/../../../../arm-none-eabi/lib/thumb/v7-m/nofp\libc_nano.a(lib_a-memcpy-stub.o)
                0x00000000080018e0                memcpy
 .text.memmove  0x00000000080018fc       0x34 c:/st/stm32cubeide_1.12.1/stm32cubeide/plugins/com.st.stm32cube.ide.mcu.externaltools.gnu-tools-for-stm32.10.3-2021.10.win32_1.0.200.202301161003/tools/bin/../lib/gcc/arm-none-eabi/10.3.1/../../../../arm-none-eabi/lib/thumb/v7-m/nofp\libc_nano.a(lib_a-memmove.o)
                0x00000000080018fc                memmove
 .text._free_r  0x0000000008001930       0x90 c:/st/stm32cubeide_1.12.1/stm32cubeide/plugins/com.st.stm32cube.ide.mcu.externaltools.gnu-tools-for-stm32.10.3-2021.10.win32_1.0.200.202301161003/tools/bin/../lib/gcc/arm-none-eabi/10.3.1/../../../../arm-none-eabi/lib/thumb/v7-m/nofp\libc_nano.a(lib_a-nano-freer.o)
                0x0000000008001930                _free_r
 .text.sbrk_aligned
                0x00000000080019c0       0x40 c:/st/stm32cubeide_1.12.1/stm32cubeide/plugins/com.st.stm32cube.ide.mcu.externaltools.gnu-tools-for-stm32.10.3-2021.10.win32_1.0.200.202301161003/tools/bin/../lib/gcc/arm-none-eabi/10.3.1/../../../../arm-none-eabi/lib/thumb/v7-m/nofp\libc_nano.a(lib_a-nano-mallocr.o)
 .text._malloc_r
                0x0000000008001a00       0xe8 c:/st/stm32cubeide_1.12.1/stm32cubeide/plugins/com.st.stm32cube.ide.mcu.externaltools.gnu-tools-for-stm32.10.3-2021.10.win32_1.0.200.202301161003/tools/bin/../lib/gcc/arm-none-eabi/10.3.1/../../../../arm-none-eabi/lib/thumb/v7-m/nofp\libc_nano.a(lib_a-nano-mallocr.o)
                0x0000000008001a00                _malloc_r
 .text._realloc_r
                0x0000000008001ae8       0x5e c:/st/stm32cubeide_1.12.1/stm32cubeide/plugins/com.st.stm32cube.ide.mcu.externaltools.gnu-tools-for-stm32.10.3-2021.10.win32_1.0.200.202301161003/tools/bin/../lib/gcc/arm-none-eabi/10.3.1/../../../../arm-none-eabi/lib/thumb/v7-m/nofp\libc_nano.a(lib_a-nano-reallocr.o)
                0x0000000008001ae8                _realloc_r
 *fill*         0x0000000008001b46        0x2 
 .text._sbrk_r  0x0000000008001b48       0x20 c:/st/stm32cubeide_1.12.1/stm32cubeide/plugins/com.st.stm32cube.ide.mcu.externaltools.gnu-tools-for-stm32.10.3-2021.10.win32_1.0.200.202301161003/tools/bin/../lib/gcc/arm-none-eabi/10.3.1/../../../../arm-none-eabi/lib/thumb/v7-m/nofp\libc_nano.a(lib_a-sbrkr.o)
                0x0000000008001b48                _sbrk_r
 .text.__malloc_lock
                0x0000000008001b68        0xc c:/st/stm32cubeide_1.12.1/stm32cubeide/plugins/com.st.stm32cube.ide.mcu.externaltools.gnu-tools-for-stm32.10.3-2021.10.win32_1.0.200.202301161003/tools/bin/../lib/gcc/arm-none-eabi/10.3.1/../../../../arm-none-eabi/lib/thumb/v7-m/nofp\libc_nano.a(lib_a-mlock.o)
                0x0000000008001b68                __malloc_lock
 .text.__malloc_unlock
                0x0000000008001b74        0xc c:/st/stm32cubeide_1.12.1/stm32cubeide/plugins/com.st.stm32cube.ide.mcu.externaltools.gnu-tools-for-stm32.10.3-2021.10.win32_1.0.200.202301161003/tools/bin/../lib/gcc/arm-none-eabi/10.3.1/../../../../arm-none-eabi/lib/thumb/v7-m/nofp\libc_nano.a(lib_a-mlock.o)
                0x0000000008001b74                __malloc_unlock
 .text._malloc_usable_size_r
                0x0000000008001b80       0x10 c:/st/stm32cubeide_1.12.1/stm32cubeide/plugins/com.st.stm32cube.ide.mcu.externaltools.gnu-tools-for-stm32.10.3-2021.10.win32_1.0.200.202301161003/tools/bin/../lib/gcc/arm-none-eabi/10.3.1/../../../../arm-none-eabi/lib/thumb/v7-m/nofp\libc_nano.a(lib_a-nano-msizer.o)
                0x0000000008001b80                _malloc_usable_size_r
 .text.__retarget_lock_acquire_recursive
                0x0000000008001b90        0x2 c:/st/stm32cubeide_1.12.1/stm32cubeide/plugins/com.st.stm32cube.ide.mcu.externaltools.gnu-tools-for-stm32.10.3-2021.10.win32_1.0.200.202301161003/tools/bin/../lib/gcc/arm-none-eabi/10.3.1/../../../../arm-none-eabi/lib/thumb/v7-m/nofp\libc_nano.a(lib_a-lock.o)
                0x0000000008001b90                __retarget_lock_acquire_recursive
 .text.__retarget_lock_release_recursive
                0x0000000008001b92        0x2 c:/st/stm32cubeide_1.12.1/stm32cubeide/plugins/com.st.stm32cube.ide.mcu.externaltools.gnu-tools-for-stm32.10.3-2021.10.win32_1.0.200.202301161003/tools/bin/../lib/gcc/arm-none-eabi/10.3.1/../../../../arm-none-eabi/lib/thumb/v7-m/nofp\libc_nano.a(lib_a-lock.o)
                0x0000000008001b92                __retarget_lock_release_recursive
 *(.glue_7)
 .glue_7        0x0000000008001b94        0x0 linker stubs
 *(.glue_7t)
 .glue_7t       0x0000000008001b94        0x0 linker stubs
 *(.eh_frame)
 .eh_frame      0x0000000008001b94        0x0 c:/st/stm32cubeide_1.12.1/stm32cubeide/plugins/com.st.stm32cube.ide.mcu.externaltools.gnu-tools-for-stm32.10.3-2021.10.win32_1.0.200.202301161003/tools/bin/../lib/gcc/arm-none-eabi/10.3.1/thumb/v7-m/nofp/crtbegin.o
 *(.init)
 .init          0x0000000008001b94        0x4 c:/st/stm32cubeide_1.12.1/stm32cubeide/plugins/com.st.stm32cube.ide.mcu.externaltools.gnu-tools-for-stm32.10.3-2021.10.win32_1.0.200.202301161003/tools/bin/../lib/gcc/arm-none-eabi/10.3.1/thumb/v7-m/nofp/crti.o
                0x0000000008001b94                _init
 .init          0x0000000008001b98        0x8 c:/st/stm32cubeide_1.12.1/stm32cubeide/plugins/com.st.stm32cube.ide.mcu.externaltools.gnu-tools-for-stm32.10.3-2021.10.win32_1.0.200.202301161003/tools/bin/../lib/gcc/arm-none-eabi/10.3.1/thumb/v7-m/nofp/crtn.o
 *(.fini)
 .fini          0x0000000008001ba0        0x4 c:/st/stm32cubeide_1.12.1/stm32cubeide/plugins/com.st.stm32cube.ide.mcu.externaltools.gnu-tools-for-stm32.10.3-2021.10.win32_1.0.200.202301161003/tools/bin/../lib/gcc/arm-none-eabi/10.3.1/thumb/v7-m/nofp/crti.o
                0x0000000008001ba0                _fini
 .fini          0x0000000008001ba4        0x8 c:/st/stm32cubeide_1.12.1/stm32cubeide/plugins/com.st.stm32cube.ide.mcu.externaltools.gnu-tools-for-stm32.10.3-2021.10.win32_1.0.200.202301161003/tools/bin/../lib/gcc/arm-none-eabi/10.3.1/thumb/v7-m/nofp/crtn.o
                0x0000000008001bac                . = ALIGN (0x4)
                0x0000000008001bac                _etext = .

.vfp11_veneer   0x0000000008001bac        0x0
 .vfp11_veneer  0x0000000008001bac        0x0 linker stubs

.v4_bx          0x0000000008001bac        0x0
 .v4_bx         0x0000000008001bac        0x0 linker stubs

.iplt           0x0000000008001bac        0x0
 .iplt          0x0000000008001bac        0x0 c:/st/stm32cubeide_1.12.1/stm32cubeide/plugins/com.st.stm32cube.ide.mcu.externaltools.gnu-tools-for-stm32.10.3-2021.10.win32_1.0.200.202301161003/tools/bin/../lib/gcc/arm-none-eabi/10.3.1/thumb/v7-m/nofp/crtbegin.o

.rodata         0x0000000008001bac       0x48
                0x0000000008001bac                . = ALIGN (0x4)
 *(.rodata)
 .rodata        0x0000000008001bac       0x13 ./Src/LCD_prog.o
 *(.rodata*)
 .rodata._svfprintf_r.str1.1
                0x0000000008001bbf       0x11 c:/st/stm32cubeide_1.12.1/stm32cubeide/plugins/com.st.stm32cube.ide.mcu.externaltools.gnu-tools-for-stm32.10.3-2021.10.win32_1.0.200.202301161003/tools/bin/../lib/gcc/arm-none-eabi/10.3.1/../../../../arm-none-eabi/lib/thumb/v7-m/nofp\libc_nano.a(lib_a-nano-svfprintf.o)
 .rodata._printf_i.str1.1
                0x0000000008001bd0       0x22 c:/st/stm32cubeide_1.12.1/stm32cubeide/plugins/com.st.stm32cube.ide.mcu.externaltools.gnu-tools-for-stm32.10.3-2021.10.win32_1.0.200.202301161003/tools/bin/../lib/gcc/arm-none-eabi/10.3.1/../../../../arm-none-eabi/lib/thumb/v7-m/nofp\libc_nano.a(lib_a-nano-vfprintf_i.o)
                0x0000000008001bf4                . = ALIGN (0x4)
 *fill*         0x0000000008001bf2        0x2 

.rel.dyn        0x0000000008001bf4        0x0
 .rel.iplt      0x0000000008001bf4        0x0 c:/st/stm32cubeide_1.12.1/stm32cubeide/plugins/com.st.stm32cube.ide.mcu.externaltools.gnu-tools-for-stm32.10.3-2021.10.win32_1.0.200.202301161003/tools/bin/../lib/gcc/arm-none-eabi/10.3.1/thumb/v7-m/nofp/crtbegin.o

.ARM.extab      0x0000000008001bf4        0x0
                0x0000000008001bf4                . = ALIGN (0x4)
 *(.ARM.extab* .gnu.linkonce.armextab.*)
                0x0000000008001bf4                . = ALIGN (0x4)

.ARM            0x0000000008001bf4        0x0
                0x0000000008001bf4                . = ALIGN (0x4)
                0x0000000008001bf4                __exidx_start = .
 *(.ARM.exidx*)
                0x0000000008001bf4                __exidx_end = .
                0x0000000008001bf4                . = ALIGN (0x4)

.preinit_array  0x0000000008001bf4        0x0
                0x0000000008001bf4                . = ALIGN (0x4)
                0x0000000008001bf4                PROVIDE (__preinit_array_start = .)
 *(.preinit_array*)
                0x0000000008001bf4                PROVIDE (__preinit_array_end = .)
                0x0000000008001bf4                . = ALIGN (0x4)

.init_array     0x0000000008001bf4        0x4
                0x0000000008001bf4                . = ALIGN (0x4)
                0x0000000008001bf4                PROVIDE (__init_array_start = .)
 *(SORT_BY_NAME(.init_array.*))
 *(.init_array*)
 .init_array    0x0000000008001bf4        0x4 c:/st/stm32cubeide_1.12.1/stm32cubeide/plugins/com.st.stm32cube.ide.mcu.externaltools.gnu-tools-for-stm32.10.3-2021.10.win32_1.0.200.202301161003/tools/bin/../lib/gcc/arm-none-eabi/10.3.1/thumb/v7-m/nofp/crtbegin.o
                0x0000000008001bf8                PROVIDE (__init_array_end = .)
                0x0000000008001bf8                . = ALIGN (0x4)

.fini_array     0x0000000008001bf8        0x4
                0x0000000008001bf8                . = ALIGN (0x4)
                [!provide]                        PROVIDE (__fini_array_start = .)
 *(SORT_BY_NAME(.fini_array.*))
 *(.fini_array*)
 .fini_array    0x0000000008001bf8        0x4 c:/st/stm32cubeide_1.12.1/stm32cubeide/plugins/com.st.stm32cube.ide.mcu.externaltools.gnu-tools-for-stm32.10.3-2021.10.win32_1.0.200.202301161003/tools/bin/../lib/gcc/arm-none-eabi/10.3.1/thumb/v7-m/nofp/crtbegin.o
                [!provide]                        PROVIDE (__fini_array_end = .)
                0x0000000008001bfc                . = ALIGN (0x4)
                0x0000000008001bfc                _sidata = LOADADDR (.data)

.data           0x0000000020000000       0x64 load address 0x0000000008001bfc
                0x0000000020000000                . = ALIGN (0x4)
                0x0000000020000000                _sdata = .
 *(.data)
 *(.data*)
 .data._impure_ptr
                0x0000000020000000        0x4 c:/st/stm32cubeide_1.12.1/stm32cubeide/plugins/com.st.stm32cube.ide.mcu.externaltools.gnu-tools-for-stm32.10.3-2021.10.win32_1.0.200.202301161003/tools/bin/../lib/gcc/arm-none-eabi/10.3.1/../../../../arm-none-eabi/lib/thumb/v7-m/nofp\libc_nano.a(lib_a-impure.o)
                0x0000000020000000                _impure_ptr
 .data.impure_data
                0x0000000020000004       0x60 c:/st/stm32cubeide_1.12.1/stm32cubeide/plugins/com.st.stm32cube.ide.mcu.externaltools.gnu-tools-for-stm32.10.3-2021.10.win32_1.0.200.202301161003/tools/bin/../lib/gcc/arm-none-eabi/10.3.1/../../../../arm-none-eabi/lib/thumb/v7-m/nofp\libc_nano.a(lib_a-impure.o)
 *(.RamFunc)
 *(.RamFunc*)
                0x0000000020000064                . = ALIGN (0x4)
                0x0000000020000064                _edata = .

.igot.plt       0x0000000020000064        0x0 load address 0x0000000008001c60
 .igot.plt      0x0000000020000064        0x0 c:/st/stm32cubeide_1.12.1/stm32cubeide/plugins/com.st.stm32cube.ide.mcu.externaltools.gnu-tools-for-stm32.10.3-2021.10.win32_1.0.200.202301161003/tools/bin/../lib/gcc/arm-none-eabi/10.3.1/thumb/v7-m/nofp/crtbegin.o
                0x0000000020000064                . = ALIGN (0x4)

.bss            0x0000000020000064       0xb8 load address 0x0000000008001c60
                0x0000000020000064                _sbss = .
                0x0000000020000064                __bss_start__ = _sbss
 *(.bss)
 .bss           0x0000000020000064       0x1c c:/st/stm32cubeide_1.12.1/stm32cubeide/plugins/com.st.stm32cube.ide.mcu.externaltools.gnu-tools-for-stm32.10.3-2021.10.win32_1.0.200.202301161003/tools/bin/../lib/gcc/arm-none-eabi/10.3.1/thumb/v7-m/nofp/crtbegin.o
 *(.bss*)
 .bss.EXTI_CallBack
                0x0000000020000080       0x40 ./Src/EXTI_program.o
 .bss.input_capture_callback
                0x00000000200000c0       0x40 ./Src/TIMERx_program.o
 .bss.ovf_callback
                0x0000000020000100        0x4 ./Src/TIMERx_program.o
 .bss.MUSART1_CallBack
                0x0000000020000104        0x4 ./Src/USART_PROG.o
                0x0000000020000104                MUSART1_CallBack
 .bss.__sbrk_heap_end
                0x0000000020000108        0x4 ./Src/sysmem.o
 .bss.__malloc_free_list
                0x000000002000010c        0x4 c:/st/stm32cubeide_1.12.1/stm32cubeide/plugins/com.st.stm32cube.ide.mcu.externaltools.gnu-tools-for-stm32.10.3-2021.10.win32_1.0.200.202301161003/tools/bin/../lib/gcc/arm-none-eabi/10.3.1/../../../../arm-none-eabi/lib/thumb/v7-m/nofp\libc_nano.a(lib_a-nano-mallocr.o)
                0x000000002000010c                __malloc_free_list
 .bss.__malloc_sbrk_start
                0x0000000020000110        0x4 c:/st/stm32cubeide_1.12.1/stm32cubeide/plugins/com.st.stm32cube.ide.mcu.externaltools.gnu-tools-for-stm32.10.3-2021.10.win32_1.0.200.202301161003/tools/bin/../lib/gcc/arm-none-eabi/10.3.1/../../../../arm-none-eabi/lib/thumb/v7-m/nofp\libc_nano.a(lib_a-nano-mallocr.o)
                0x0000000020000110                __malloc_sbrk_start
 .bss.errno     0x0000000020000114        0x4 c:/st/stm32cubeide_1.12.1/stm32cubeide/plugins/com.st.stm32cube.ide.mcu.externaltools.gnu-tools-for-stm32.10.3-2021.10.win32_1.0.200.202301161003/tools/bin/../lib/gcc/arm-none-eabi/10.3.1/../../../../arm-none-eabi/lib/thumb/v7-m/nofp\libc_nano.a(lib_a-reent.o)
                0x0000000020000114                errno
 .bss.__lock___malloc_recursive_mutex
                0x0000000020000118        0x1 c:/st/stm32cubeide_1.12.1/stm32cubeide/plugins/com.st.stm32cube.ide.mcu.externaltools.gnu-tools-for-stm32.10.3-2021.10.win32_1.0.200.202301161003/tools/bin/../lib/gcc/arm-none-eabi/10.3.1/../../../../arm-none-eabi/lib/thumb/v7-m/nofp\libc_nano.a(lib_a-lock.o)
                0x0000000020000118                __lock___malloc_recursive_mutex
 *(COMMON)
                0x000000002000011c                . = ALIGN (0x4)
 *fill*         0x0000000020000119        0x3 
                0x000000002000011c                _ebss = .
                0x000000002000011c                __bss_end__ = _ebss

._user_heap_stack
                0x000000002000011c      0x604 load address 0x0000000008001c60
                0x0000000020000120                . = ALIGN (0x8)
 *fill*         0x000000002000011c        0x4 
                [!provide]                        PROVIDE (end = .)
                0x0000000020000120                PROVIDE (_end = .)
                0x0000000020000320                . = (. + _Min_Heap_Size)
 *fill*         0x0000000020000120      0x200 
                0x0000000020000720                . = (. + _Min_Stack_Size)
 *fill*         0x0000000020000320      0x400 
                0x0000000020000720                . = ALIGN (0x8)

/DISCARD/
 libc.a(*)
 libm.a(*)
 libgcc.a(*)

.ARM.attributes
                0x0000000000000000       0x29
 *(.ARM.attributes)
 .ARM.attributes
                0x0000000000000000       0x1d c:/st/stm32cubeide_1.12.1/stm32cubeide/plugins/com.st.stm32cube.ide.mcu.externaltools.gnu-tools-for-stm32.10.3-2021.10.win32_1.0.200.202301161003/tools/bin/../lib/gcc/arm-none-eabi/10.3.1/thumb/v7-m/nofp/crti.o
 .ARM.attributes
                0x000000000000001d       0x2d c:/st/stm32cubeide_1.12.1/stm32cubeide/plugins/com.st.stm32cube.ide.mcu.externaltools.gnu-tools-for-stm32.10.3-2021.10.win32_1.0.200.202301161003/tools/bin/../lib/gcc/arm-none-eabi/10.3.1/thumb/v7-m/nofp/crtbegin.o
 .ARM.attributes
                0x000000000000004a       0x2d ./Src/EXTI_program.o
 .ARM.attributes
                0x0000000000000077       0x2d ./Src/GPIO_program.o
 .ARM.attributes
                0x00000000000000a4       0x2d ./Src/LCD_private.o
 .ARM.attributes
                0x00000000000000d1       0x2d ./Src/LCD_prog.o
 .ARM.attributes
                0x00000000000000fe       0x2d ./Src/MotorDriver_program.o
 .ARM.attributes
                0x000000000000012b       0x2d ./Src/NVIC_program.o
 .ARM.attributes
                0x0000000000000158       0x2d ./Src/RCC_program.o
 .ARM.attributes
                0x0000000000000185       0x2d ./Src/SYSTICK_program.o
 .ARM.attributes
                0x00000000000001b2       0x2d ./Src/TIMERx_program.o
 .ARM.attributes
                0x00000000000001df       0x2d ./Src/USART_PROG.o
 .ARM.attributes
                0x000000000000020c       0x2d ./Src/main.o
 .ARM.attributes
                0x0000000000000239       0x2d ./Src/sysmem.o
 .ARM.attributes
                0x0000000000000266       0x21 ./Startup/startup_stm32f103c6tx.o
 .ARM.attributes
                0x0000000000000287       0x2d c:/st/stm32cubeide_1.12.1/stm32cubeide/plugins/com.st.stm32cube.ide.mcu.externaltools.gnu-tools-for-stm32.10.3-2021.10.win32_1.0.200.202301161003/tools/bin/../lib/gcc/arm-none-eabi/10.3.1/../../../../arm-none-eabi/lib/thumb/v7-m/nofp\libc_nano.a(lib_a-errno.o)
 .ARM.attributes
                0x00000000000002b4       0x2d c:/st/stm32cubeide_1.12.1/stm32cubeide/plugins/com.st.stm32cube.ide.mcu.externaltools.gnu-tools-for-stm32.10.3-2021.10.win32_1.0.200.202301161003/tools/bin/../lib/gcc/arm-none-eabi/10.3.1/../../../../arm-none-eabi/lib/thumb/v7-m/nofp\libc_nano.a(lib_a-impure.o)
 .ARM.attributes
                0x00000000000002e1       0x2d c:/st/stm32cubeide_1.12.1/stm32cubeide/plugins/com.st.stm32cube.ide.mcu.externaltools.gnu-tools-for-stm32.10.3-2021.10.win32_1.0.200.202301161003/tools/bin/../lib/gcc/arm-none-eabi/10.3.1/../../../../arm-none-eabi/lib/thumb/v7-m/nofp\libc_nano.a(lib_a-init.o)
 .ARM.attributes
                0x000000000000030e       0x2d c:/st/stm32cubeide_1.12.1/stm32cubeide/plugins/com.st.stm32cube.ide.mcu.externaltools.gnu-tools-for-stm32.10.3-2021.10.win32_1.0.200.202301161003/tools/bin/../lib/gcc/arm-none-eabi/10.3.1/../../../../arm-none-eabi/lib/thumb/v7-m/nofp\libc_nano.a(lib_a-sprintf.o)
 .ARM.attributes
                0x000000000000033b       0x2d c:/st/stm32cubeide_1.12.1/stm32cubeide/plugins/com.st.stm32cube.ide.mcu.externaltools.gnu-tools-for-stm32.10.3-2021.10.win32_1.0.200.202301161003/tools/bin/../lib/gcc/arm-none-eabi/10.3.1/../../../../arm-none-eabi/lib/thumb/v7-m/nofp\libc_nano.a(lib_a-nano-svfprintf.o)
 .ARM.attributes
                0x0000000000000368       0x2d c:/st/stm32cubeide_1.12.1/stm32cubeide/plugins/com.st.stm32cube.ide.mcu.externaltools.gnu-tools-for-stm32.10.3-2021.10.win32_1.0.200.202301161003/tools/bin/../lib/gcc/arm-none-eabi/10.3.1/../../../../arm-none-eabi/lib/thumb/v7-m/nofp\libc_nano.a(lib_a-nano-vfprintf_i.o)
 .ARM.attributes
                0x0000000000000395       0x2d c:/st/stm32cubeide_1.12.1/stm32cubeide/plugins/com.st.stm32cube.ide.mcu.externaltools.gnu-tools-for-stm32.10.3-2021.10.win32_1.0.200.202301161003/tools/bin/../lib/gcc/arm-none-eabi/10.3.1/../../../../arm-none-eabi/lib/thumb/v7-m/nofp\libc_nano.a(lib_a-memchr-stub.o)
 .ARM.attributes
                0x00000000000003c2       0x2d c:/st/stm32cubeide_1.12.1/stm32cubeide/plugins/com.st.stm32cube.ide.mcu.externaltools.gnu-tools-for-stm32.10.3-2021.10.win32_1.0.200.202301161003/tools/bin/../lib/gcc/arm-none-eabi/10.3.1/../../../../arm-none-eabi/lib/thumb/v7-m/nofp\libc_nano.a(lib_a-memcpy-stub.o)
 .ARM.attributes
                0x00000000000003ef       0x2d c:/st/stm32cubeide_1.12.1/stm32cubeide/plugins/com.st.stm32cube.ide.mcu.externaltools.gnu-tools-for-stm32.10.3-2021.10.win32_1.0.200.202301161003/tools/bin/../lib/gcc/arm-none-eabi/10.3.1/../../../../arm-none-eabi/lib/thumb/v7-m/nofp\libc_nano.a(lib_a-memmove.o)
 .ARM.attributes
                0x000000000000041c       0x2d c:/st/stm32cubeide_1.12.1/stm32cubeide/plugins/com.st.stm32cube.ide.mcu.externaltools.gnu-tools-for-stm32.10.3-2021.10.win32_1.0.200.202301161003/tools/bin/../lib/gcc/arm-none-eabi/10.3.1/../../../../arm-none-eabi/lib/thumb/v7-m/nofp\libc_nano.a(lib_a-nano-freer.o)
 .ARM.attributes
                0x0000000000000449       0x2d c:/st/stm32cubeide_1.12.1/stm32cubeide/plugins/com.st.stm32cube.ide.mcu.externaltools.gnu-tools-for-stm32.10.3-2021.10.win32_1.0.200.202301161003/tools/bin/../lib/gcc/arm-none-eabi/10.3.1/../../../../arm-none-eabi/lib/thumb/v7-m/nofp\libc_nano.a(lib_a-nano-mallocr.o)
 .ARM.attributes
                0x0000000000000476       0x2d c:/st/stm32cubeide_1.12.1/stm32cubeide/plugins/com.st.stm32cube.ide.mcu.externaltools.gnu-tools-for-stm32.10.3-2021.10.win32_1.0.200.202301161003/tools/bin/../lib/gcc/arm-none-eabi/10.3.1/../../../../arm-none-eabi/lib/thumb/v7-m/nofp\libc_nano.a(lib_a-nano-reallocr.o)
 .ARM.attributes
                0x00000000000004a3       0x2d c:/st/stm32cubeide_1.12.1/stm32cubeide/plugins/com.st.stm32cube.ide.mcu.externaltools.gnu-tools-for-stm32.10.3-2021.10.win32_1.0.200.202301161003/tools/bin/../lib/gcc/arm-none-eabi/10.3.1/../../../../arm-none-eabi/lib/thumb/v7-m/nofp\libc_nano.a(lib_a-sbrkr.o)
 .ARM.attributes
                0x00000000000004d0       0x2d c:/st/stm32cubeide_1.12.1/stm32cubeide/plugins/com.st.stm32cube.ide.mcu.externaltools.gnu-tools-for-stm32.10.3-2021.10.win32_1.0.200.202301161003/tools/bin/../lib/gcc/arm-none-eabi/10.3.1/../../../../arm-none-eabi/lib/thumb/v7-m/nofp\libc_nano.a(lib_a-mlock.o)
 .ARM.attributes
                0x00000000000004fd       0x2d c:/st/stm32cubeide_1.12.1/stm32cubeide/plugins/com.st.stm32cube.ide.mcu.externaltools.gnu-tools-for-stm32.10.3-2021.10.win32_1.0.200.202301161003/tools/bin/../lib/gcc/arm-none-eabi/10.3.1/../../../../arm-none-eabi/lib/thumb/v7-m/nofp\libc_nano.a(lib_a-nano-msizer.o)
 .ARM.attributes
                0x000000000000052a       0x2d c:/st/stm32cubeide_1.12.1/stm32cubeide/plugins/com.st.stm32cube.ide.mcu.externaltools.gnu-tools-for-stm32.10.3-2021.10.win32_1.0.200.202301161003/tools/bin/../lib/gcc/arm-none-eabi/10.3.1/../../../../arm-none-eabi/lib/thumb/v7-m/nofp\libc_nano.a(lib_a-reent.o)
 .ARM.attributes
                0x0000000000000557       0x2d c:/st/stm32cubeide_1.12.1/stm32cubeide/plugins/com.st.stm32cube.ide.mcu.externaltools.gnu-tools-for-stm32.10.3-2021.10.win32_1.0.200.202301161003/tools/bin/../lib/gcc/arm-none-eabi/10.3.1/../../../../arm-none-eabi/lib/thumb/v7-m/nofp\libc_nano.a(lib_a-lock.o)
 .ARM.attributes
                0x0000000000000584       0x1d c:/st/stm32cubeide_1.12.1/stm32cubeide/plugins/com.st.stm32cube.ide.mcu.externaltools.gnu-tools-for-stm32.10.3-2021.10.win32_1.0.200.202301161003/tools/bin/../lib/gcc/arm-none-eabi/10.3.1/thumb/v7-m/nofp/crtn.o
OUTPUT(sayed_car2.elf elf32-littlearm)
LOAD linker stubs
LOAD c:/st/stm32cubeide_1.12.1/stm32cubeide/plugins/com.st.stm32cube.ide.mcu.externaltools.gnu-tools-for-stm32.10.3-2021.10.win32_1.0.200.202301161003/tools/bin/../lib/gcc/arm-none-eabi/10.3.1/../../../../arm-none-eabi/lib/thumb/v7-m/nofp\libc.a
LOAD c:/st/stm32cubeide_1.12.1/stm32cubeide/plugins/com.st.stm32cube.ide.mcu.externaltools.gnu-tools-for-stm32.10.3-2021.10.win32_1.0.200.202301161003/tools/bin/../lib/gcc/arm-none-eabi/10.3.1/../../../../arm-none-eabi/lib/thumb/v7-m/nofp\libm.a
LOAD c:/st/stm32cubeide_1.12.1/stm32cubeide/plugins/com.st.stm32cube.ide.mcu.externaltools.gnu-tools-for-stm32.10.3-2021.10.win32_1.0.200.202301161003/tools/bin/../lib/gcc/arm-none-eabi/10.3.1/thumb/v7-m/nofp\libgcc.a

.debug_info     0x0000000000000000     0x1eb8
 .debug_info    0x0000000000000000      0x35c ./Src/EXTI_program.o
 .debug_info    0x000000000000035c      0x229 ./Src/GPIO_program.o
 .debug_info    0x0000000000000585      0x221 ./Src/LCD_private.o
 .debug_info    0x00000000000007a6      0x42a ./Src/LCD_prog.o
 .debug_info    0x0000000000000bd0      0x241 ./Src/MotorDriver_program.o
 .debug_info    0x0000000000000e11      0x1c4 ./Src/NVIC_program.o
 .debug_info    0x0000000000000fd5      0x161 ./Src/RCC_program.o
 .debug_info    0x0000000000001136      0x1e3 ./Src/SYSTICK_program.o
 .debug_info    0x0000000000001319      0x539 ./Src/TIMERx_program.o
 .debug_info    0x0000000000001852      0x2a6 ./Src/USART_PROG.o
 .debug_info    0x0000000000001af8      0x22d ./Src/main.o
 .debug_info    0x0000000000001d25      0x171 ./Src/sysmem.o
 .debug_info    0x0000000000001e96       0x22 ./Startup/startup_stm32f103c6tx.o

.debug_abbrev   0x0000000000000000      0xba6
 .debug_abbrev  0x0000000000000000       0xf2 ./Src/EXTI_program.o
 .debug_abbrev  0x00000000000000f2       0xd2 ./Src/GPIO_program.o
 .debug_abbrev  0x00000000000001c4       0xd9 ./Src/LCD_private.o
 .debug_abbrev  0x000000000000029d      0x176 ./Src/LCD_prog.o
 .debug_abbrev  0x0000000000000413       0xa5 ./Src/MotorDriver_program.o
 .debug_abbrev  0x00000000000004b8       0xa7 ./Src/NVIC_program.o
 .debug_abbrev  0x000000000000055f       0xa7 ./Src/RCC_program.o
 .debug_abbrev  0x0000000000000606       0xf7 ./Src/SYSTICK_program.o
 .debug_abbrev  0x00000000000006fd      0x173 ./Src/TIMERx_program.o
 .debug_abbrev  0x0000000000000870      0x188 ./Src/USART_PROG.o
 .debug_abbrev  0x00000000000009f8       0xe1 ./Src/main.o
 .debug_abbrev  0x0000000000000ad9       0xbb ./Src/sysmem.o
 .debug_abbrev  0x0000000000000b94       0x12 ./Startup/startup_stm32f103c6tx.o

.debug_aranges  0x0000000000000000      0x3c8
 .debug_aranges
                0x0000000000000000       0xc8 ./Src/EXTI_program.o
 .debug_aranges
                0x00000000000000c8       0x30 ./Src/GPIO_program.o
 .debug_aranges
                0x00000000000000f8       0x20 ./Src/LCD_private.o
 .debug_aranges
                0x0000000000000118       0x68 ./Src/LCD_prog.o
 .debug_aranges
                0x0000000000000180       0x30 ./Src/MotorDriver_program.o
 .debug_aranges
                0x00000000000001b0       0x50 ./Src/NVIC_program.o
 .debug_aranges
                0x0000000000000200       0x38 ./Src/RCC_program.o
 .debug_aranges
                0x0000000000000238       0x50 ./Src/SYSTICK_program.o
 .debug_aranges
                0x0000000000000288       0x80 ./Src/TIMERx_program.o
 .debug_aranges
                0x0000000000000308       0x58 ./Src/USART_PROG.o
 .debug_aranges
                0x0000000000000360       0x20 ./Src/main.o
 .debug_aranges
                0x0000000000000380       0x20 ./Src/sysmem.o
 .debug_aranges
                0x00000000000003a0       0x28 ./Startup/startup_stm32f103c6tx.o

.debug_ranges   0x0000000000000000      0x300
 .debug_ranges  0x0000000000000000       0xb8 ./Src/EXTI_program.o
 .debug_ranges  0x00000000000000b8       0x20 ./Src/GPIO_program.o
 .debug_ranges  0x00000000000000d8       0x10 ./Src/LCD_private.o
 .debug_ranges  0x00000000000000e8       0x58 ./Src/LCD_prog.o
 .debug_ranges  0x0000000000000140       0x20 ./Src/MotorDriver_program.o
 .debug_ranges  0x0000000000000160       0x40 ./Src/NVIC_program.o
 .debug_ranges  0x00000000000001a0       0x28 ./Src/RCC_program.o
 .debug_ranges  0x00000000000001c8       0x40 ./Src/SYSTICK_program.o
 .debug_ranges  0x0000000000000208       0x70 ./Src/TIMERx_program.o
 .debug_ranges  0x0000000000000278       0x48 ./Src/USART_PROG.o
 .debug_ranges  0x00000000000002c0       0x10 ./Src/main.o
 .debug_ranges  0x00000000000002d0       0x10 ./Src/sysmem.o
 .debug_ranges  0x00000000000002e0       0x20 ./Startup/startup_stm32f103c6tx.o

.debug_macro    0x0000000000000000     0x1f69
 .debug_macro   0x0000000000000000       0x3f ./Src/EXTI_program.o
 .debug_macro   0x000000000000003f       0x34 ./Src/EXTI_program.o
 .debug_macro   0x0000000000000073       0x16 ./Src/EXTI_program.o
 .debug_macro   0x0000000000000089       0x3f ./Src/GPIO_program.o
 .debug_macro   0x00000000000000c8       0x64 ./Src/GPIO_program.o
 .debug_macro   0x000000000000012c       0x9a ./Src/GPIO_program.o
 .debug_macro   0x00000000000001c6       0x3e ./Src/LCD_private.o
 .debug_macro   0x0000000000000204       0x46 ./Src/LCD_private.o
 .debug_macro   0x000000000000024a       0x9a ./Src/LCD_private.o
 .debug_macro   0x00000000000002e4       0x47 ./Src/LCD_prog.o
 .debug_macro   0x000000000000032b       0x88 ./Src/LCD_prog.o
 .debug_macro   0x00000000000003b3       0x6f ./Src/MotorDriver_program.o
 .debug_macro   0x0000000000000422      0x126 ./Src/MotorDriver_program.o
 .debug_macro   0x0000000000000548       0x3a ./Src/MotorDriver_program.o
 .debug_macro   0x0000000000000582       0x70 ./Src/MotorDriver_program.o
 .debug_macro   0x00000000000005f2       0x43 ./Src/NVIC_program.o
 .debug_macro   0x0000000000000635       0x10 ./Src/NVIC_program.o
 .debug_macro   0x0000000000000645       0x7c ./Src/NVIC_program.o
 .debug_macro   0x00000000000006c1       0x48 ./Src/RCC_program.o
 .debug_macro   0x0000000000000709       0x46 ./Src/RCC_program.o
 .debug_macro   0x000000000000074f       0xe2 ./Src/RCC_program.o
 .debug_macro   0x0000000000000831       0x3f ./Src/SYSTICK_program.o
 .debug_macro   0x0000000000000870       0x10 ./Src/SYSTICK_program.o
 .debug_macro   0x0000000000000880       0x58 ./Src/SYSTICK_program.o
 .debug_macro   0x00000000000008d8       0x3e ./Src/TIMERx_program.o
 .debug_macro   0x0000000000000916       0x6a ./Src/TIMERx_program.o
 .debug_macro   0x0000000000000980      0xd07 ./Src/TIMERx_program.o
 .debug_macro   0x0000000000001687       0x44 ./Src/USART_PROG.o
 .debug_macro   0x00000000000016cb       0x7c ./Src/USART_PROG.o
 .debug_macro   0x0000000000001747       0x40 ./Src/USART_PROG.o
 .debug_macro   0x0000000000001787       0x28 ./Src/USART_PROG.o
 .debug_macro   0x00000000000017af       0x72 ./Src/main.o
 .debug_macro   0x0000000000001821      0x12c ./Src/main.o
 .debug_macro   0x000000000000194d       0xff ./Src/sysmem.o
 .debug_macro   0x0000000000001a4c      0x23b ./Src/sysmem.o
 .debug_macro   0x0000000000001c87      0x103 ./Src/sysmem.o
 .debug_macro   0x0000000000001d8a      0x1df ./Src/sysmem.o

.debug_line     0x0000000000000000     0x1c88
 .debug_line    0x0000000000000000      0x2fb ./Src/EXTI_program.o
 .debug_line    0x00000000000002fb      0x23b ./Src/GPIO_program.o
 .debug_line    0x0000000000000536      0x140 ./Src/LCD_private.o
 .debug_line    0x0000000000000676      0x2b8 ./Src/LCD_prog.o
 .debug_line    0x000000000000092e      0x198 ./Src/MotorDriver_program.o
 .debug_line    0x0000000000000ac6      0x1e4 ./Src/NVIC_program.o
 .debug_line    0x0000000000000caa      0x162 ./Src/RCC_program.o
 .debug_line    0x0000000000000e0c      0x1a8 ./Src/SYSTICK_program.o
 .debug_line    0x0000000000000fb4      0x3ac ./Src/TIMERx_program.o
 .debug_line    0x0000000000001360      0x20f ./Src/USART_PROG.o
 .debug_line    0x000000000000156f      0x1a6 ./Src/main.o
 .debug_line    0x0000000000001715      0x4ef ./Src/sysmem.o
 .debug_line    0x0000000000001c04       0x84 ./Startup/startup_stm32f103c6tx.o

.debug_str      0x0000000000000000     0xccaf
 .debug_str     0x0000000000000000     0x3180 ./Src/EXTI_program.o
                                       0x3234 (size before relaxing)
 .debug_str     0x0000000000003180      0x78b ./Src/GPIO_program.o
                                       0x35ca (size before relaxing)
 .debug_str     0x000000000000390b      0x3b0 ./Src/LCD_private.o
                                       0x3411 (size before relaxing)
 .debug_str     0x0000000000003cbb      0x2a4 ./Src/LCD_prog.o
                                       0x36bd (size before relaxing)
 .debug_str     0x0000000000003f5f      0x5fc ./Src/MotorDriver_program.o
                                       0x3672 (size before relaxing)
 .debug_str     0x000000000000455b      0x4df ./Src/NVIC_program.o
                                       0x32f4 (size before relaxing)
 .debug_str     0x0000000000004a3a      0x58c ./Src/RCC_program.o
                                       0x364c (size before relaxing)
 .debug_str     0x0000000000004fc6      0x245 ./Src/SYSTICK_program.o
                                       0x306d (size before relaxing)
 .debug_str     0x000000000000520b     0x4688 ./Src/TIMERx_program.o
                                       0x752f (size before relaxing)
 .debug_str     0x0000000000009893      0x4f6 ./Src/USART_PROG.o
                                       0x32f6 (size before relaxing)
 .debug_str     0x0000000000009d89       0x36 ./Src/main.o
                                       0x376c (size before relaxing)
 .debug_str     0x0000000000009dbf     0x2ebf ./Src/sysmem.o
                                       0x5d77 (size before relaxing)
 .debug_str     0x000000000000cc7e       0x31 ./Startup/startup_stm32f103c6tx.o
                                         0x76 (size before relaxing)

.comment        0x0000000000000000       0x50
 .comment       0x0000000000000000       0x50 ./Src/EXTI_program.o
                                         0x51 (size before relaxing)
 .comment       0x0000000000000050       0x51 ./Src/GPIO_program.o
 .comment       0x0000000000000050       0x51 ./Src/LCD_private.o
 .comment       0x0000000000000050       0x51 ./Src/LCD_prog.o
 .comment       0x0000000000000050       0x51 ./Src/MotorDriver_program.o
 .comment       0x0000000000000050       0x51 ./Src/NVIC_program.o
 .comment       0x0000000000000050       0x51 ./Src/RCC_program.o
 .comment       0x0000000000000050       0x51 ./Src/SYSTICK_program.o
 .comment       0x0000000000000050       0x51 ./Src/TIMERx_program.o
 .comment       0x0000000000000050       0x51 ./Src/USART_PROG.o
 .comment       0x0000000000000050       0x51 ./Src/main.o
 .comment       0x0000000000000050       0x51 ./Src/sysmem.o

.debug_frame    0x0000000000000000      0xffc
 .debug_frame   0x0000000000000000      0x2b8 ./Src/EXTI_program.o
 .debug_frame   0x00000000000002b8       0x88 ./Src/GPIO_program.o
 .debug_frame   0x0000000000000340       0x34 ./Src/LCD_private.o
 .debug_frame   0x0000000000000374      0x164 ./Src/LCD_prog.o
 .debug_frame   0x00000000000004d8       0x64 ./Src/MotorDriver_program.o
 .debug_frame   0x000000000000053c      0x120 ./Src/NVIC_program.o
 .debug_frame   0x000000000000065c       0xa8 ./Src/RCC_program.o
 .debug_frame   0x0000000000000704      0x108 ./Src/SYSTICK_program.o
 .debug_frame   0x000000000000080c      0x1e8 ./Src/TIMERx_program.o
 .debug_frame   0x00000000000009f4      0x13c ./Src/USART_PROG.o
 .debug_frame   0x0000000000000b30       0x30 ./Src/main.o
 .debug_frame   0x0000000000000b60       0x34 ./Src/sysmem.o
 .debug_frame   0x0000000000000b94       0x20 c:/st/stm32cubeide_1.12.1/stm32cubeide/plugins/com.st.stm32cube.ide.mcu.externaltools.gnu-tools-for-stm32.10.3-2021.10.win32_1.0.200.202301161003/tools/bin/../lib/gcc/arm-none-eabi/10.3.1/../../../../arm-none-eabi/lib/thumb/v7-m/nofp\libc_nano.a(lib_a-errno.o)
 .debug_frame   0x0000000000000bb4       0x2c c:/st/stm32cubeide_1.12.1/stm32cubeide/plugins/com.st.stm32cube.ide.mcu.externaltools.gnu-tools-for-stm32.10.3-2021.10.win32_1.0.200.202301161003/tools/bin/../lib/gcc/arm-none-eabi/10.3.1/../../../../arm-none-eabi/lib/thumb/v7-m/nofp\libc_nano.a(lib_a-init.o)
 .debug_frame   0x0000000000000be0       0x6c c:/st/stm32cubeide_1.12.1/stm32cubeide/plugins/com.st.stm32cube.ide.mcu.externaltools.gnu-tools-for-stm32.10.3-2021.10.win32_1.0.200.202301161003/tools/bin/../lib/gcc/arm-none-eabi/10.3.1/../../../../arm-none-eabi/lib/thumb/v7-m/nofp\libc_nano.a(lib_a-sprintf.o)
 .debug_frame   0x0000000000000c4c       0x90 c:/st/stm32cubeide_1.12.1/stm32cubeide/plugins/com.st.stm32cube.ide.mcu.externaltools.gnu-tools-for-stm32.10.3-2021.10.win32_1.0.200.202301161003/tools/bin/../lib/gcc/arm-none-eabi/10.3.1/../../../../arm-none-eabi/lib/thumb/v7-m/nofp\libc_nano.a(lib_a-nano-svfprintf.o)
 .debug_frame   0x0000000000000cdc       0x60 c:/st/stm32cubeide_1.12.1/stm32cubeide/plugins/com.st.stm32cube.ide.mcu.externaltools.gnu-tools-for-stm32.10.3-2021.10.win32_1.0.200.202301161003/tools/bin/../lib/gcc/arm-none-eabi/10.3.1/../../../../arm-none-eabi/lib/thumb/v7-m/nofp\libc_nano.a(lib_a-nano-vfprintf_i.o)
 .debug_frame   0x0000000000000d3c       0x28 c:/st/stm32cubeide_1.12.1/stm32cubeide/plugins/com.st.stm32cube.ide.mcu.externaltools.gnu-tools-for-stm32.10.3-2021.10.win32_1.0.200.202301161003/tools/bin/../lib/gcc/arm-none-eabi/10.3.1/../../../../arm-none-eabi/lib/thumb/v7-m/nofp\libc_nano.a(lib_a-memchr-stub.o)
 .debug_frame   0x0000000000000d64       0x28 c:/st/stm32cubeide_1.12.1/stm32cubeide/plugins/com.st.stm32cube.ide.mcu.externaltools.gnu-tools-for-stm32.10.3-2021.10.win32_1.0.200.202301161003/tools/bin/../lib/gcc/arm-none-eabi/10.3.1/../../../../arm-none-eabi/lib/thumb/v7-m/nofp\libc_nano.a(lib_a-memcpy-stub.o)
 .debug_frame   0x0000000000000d8c       0x28 c:/st/stm32cubeide_1.12.1/stm32cubeide/plugins/com.st.stm32cube.ide.mcu.externaltools.gnu-tools-for-stm32.10.3-2021.10.win32_1.0.200.202301161003/tools/bin/../lib/gcc/arm-none-eabi/10.3.1/../../../../arm-none-eabi/lib/thumb/v7-m/nofp\libc_nano.a(lib_a-memmove.o)
 .debug_frame   0x0000000000000db4       0x38 c:/st/stm32cubeide_1.12.1/stm32cubeide/plugins/com.st.stm32cube.ide.mcu.externaltools.gnu-tools-for-stm32.10.3-2021.10.win32_1.0.200.202301161003/tools/bin/../lib/gcc/arm-none-eabi/10.3.1/../../../../arm-none-eabi/lib/thumb/v7-m/nofp\libc_nano.a(lib_a-nano-freer.o)
 .debug_frame   0x0000000000000dec       0x4c c:/st/stm32cubeide_1.12.1/stm32cubeide/plugins/com.st.stm32cube.ide.mcu.externaltools.gnu-tools-for-stm32.10.3-2021.10.win32_1.0.200.202301161003/tools/bin/../lib/gcc/arm-none-eabi/10.3.1/../../../../arm-none-eabi/lib/thumb/v7-m/nofp\libc_nano.a(lib_a-nano-mallocr.o)
 .debug_frame   0x0000000000000e38       0x3c c:/st/stm32cubeide_1.12.1/stm32cubeide/plugins/com.st.stm32cube.ide.mcu.externaltools.gnu-tools-for-stm32.10.3-2021.10.win32_1.0.200.202301161003/tools/bin/../lib/gcc/arm-none-eabi/10.3.1/../../../../arm-none-eabi/lib/thumb/v7-m/nofp\libc_nano.a(lib_a-nano-reallocr.o)
 .debug_frame   0x0000000000000e74       0x2c c:/st/stm32cubeide_1.12.1/stm32cubeide/plugins/com.st.stm32cube.ide.mcu.externaltools.gnu-tools-for-stm32.10.3-2021.10.win32_1.0.200.202301161003/tools/bin/../lib/gcc/arm-none-eabi/10.3.1/../../../../arm-none-eabi/lib/thumb/v7-m/nofp\libc_nano.a(lib_a-sbrkr.o)
 .debug_frame   0x0000000000000ea0       0x30 c:/st/stm32cubeide_1.12.1/stm32cubeide/plugins/com.st.stm32cube.ide.mcu.externaltools.gnu-tools-for-stm32.10.3-2021.10.win32_1.0.200.202301161003/tools/bin/../lib/gcc/arm-none-eabi/10.3.1/../../../../arm-none-eabi/lib/thumb/v7-m/nofp\libc_nano.a(lib_a-mlock.o)
 .debug_frame   0x0000000000000ed0       0x20 c:/st/stm32cubeide_1.12.1/stm32cubeide/plugins/com.st.stm32cube.ide.mcu.externaltools.gnu-tools-for-stm32.10.3-2021.10.win32_1.0.200.202301161003/tools/bin/../lib/gcc/arm-none-eabi/10.3.1/../../../../arm-none-eabi/lib/thumb/v7-m/nofp\libc_nano.a(lib_a-nano-msizer.o)
 .debug_frame   0x0000000000000ef0       0x5c c:/st/stm32cubeide_1.12.1/stm32cubeide/plugins/com.st.stm32cube.ide.mcu.externaltools.gnu-tools-for-stm32.10.3-2021.10.win32_1.0.200.202301161003/tools/bin/../lib/gcc/arm-none-eabi/10.3.1/../../../../arm-none-eabi/lib/thumb/v7-m/nofp\libc_nano.a(lib_a-reent.o)
 .debug_frame   0x0000000000000f4c       0xb0 c:/st/stm32cubeide_1.12.1/stm32cubeide/plugins/com.st.stm32cube.ide.mcu.externaltools.gnu-tools-for-stm32.10.3-2021.10.win32_1.0.200.202301161003/tools/bin/../lib/gcc/arm-none-eabi/10.3.1/../../../../arm-none-eabi/lib/thumb/v7-m/nofp\libc_nano.a(lib_a-lock.o)
