Archive member included to satisfy reference by file (symbol)

c:/st/stm32cubeide_1.12.1/stm32cubeide/plugins/com.st.stm32cube.ide.mcu.externaltools.gnu-tools-for-stm32.10.3-2021.10.win32_1.0.200.202301161003/tools/bin/../lib/gcc/arm-none-eabi/10.3.1/../../../../arm-none-eabi/lib/thumb/v7-m/nofp\libc_nano.a(lib_a-errno.o)
                              ./Src/syscalls.o (__errno)
c:/st/stm32cubeide_1.12.1/stm32cubeide/plugins/com.st.stm32cube.ide.mcu.externaltools.gnu-tools-for-stm32.10.3-2021.10.win32_1.0.200.202301161003/tools/bin/../lib/gcc/arm-none-eabi/10.3.1/../../../../arm-none-eabi/lib/thumb/v7-m/nofp\libc_nano.a(lib_a-exit.o)
                              c:/st/stm32cubeide_1.12.1/stm32cubeide/plugins/com.st.stm32cube.ide.mcu.externaltools.gnu-tools-for-stm32.10.3-2021.10.win32_1.0.200.202301161003/tools/bin/../lib/gcc/arm-none-eabi/10.3.1/../../../../arm-none-eabi/lib/thumb/v7-m/nofp/crt0.o (exit)
c:/st/stm32cubeide_1.12.1/stm32cubeide/plugins/com.st.stm32cube.ide.mcu.externaltools.gnu-tools-for-stm32.10.3-2021.10.win32_1.0.200.202301161003/tools/bin/../lib/gcc/arm-none-eabi/10.3.1/../../../../arm-none-eabi/lib/thumb/v7-m/nofp\libc_nano.a(lib_a-impure.o)
                              c:/st/stm32cubeide_1.12.1/stm32cubeide/plugins/com.st.stm32cube.ide.mcu.externaltools.gnu-tools-for-stm32.10.3-2021.10.win32_1.0.200.202301161003/tools/bin/../lib/gcc/arm-none-eabi/10.3.1/../../../../arm-none-eabi/lib/thumb/v7-m/nofp\libc_nano.a(lib_a-exit.o) (_global_impure_ptr)
c:/st/stm32cubeide_1.12.1/stm32cubeide/plugins/com.st.stm32cube.ide.mcu.externaltools.gnu-tools-for-stm32.10.3-2021.10.win32_1.0.200.202301161003/tools/bin/../lib/gcc/arm-none-eabi/10.3.1/../../../../arm-none-eabi/lib/thumb/v7-m/nofp\libc_nano.a(lib_a-init.o)
                              c:/st/stm32cubeide_1.12.1/stm32cubeide/plugins/com.st.stm32cube.ide.mcu.externaltools.gnu-tools-for-stm32.10.3-2021.10.win32_1.0.200.202301161003/tools/bin/../lib/gcc/arm-none-eabi/10.3.1/../../../../arm-none-eabi/lib/thumb/v7-m/nofp/crt0.o (__libc_init_array)
c:/st/stm32cubeide_1.12.1/stm32cubeide/plugins/com.st.stm32cube.ide.mcu.externaltools.gnu-tools-for-stm32.10.3-2021.10.win32_1.0.200.202301161003/tools/bin/../lib/gcc/arm-none-eabi/10.3.1/../../../../arm-none-eabi/lib/thumb/v7-m/nofp\libc_nano.a(lib_a-memset.o)
                              c:/st/stm32cubeide_1.12.1/stm32cubeide/plugins/com.st.stm32cube.ide.mcu.externaltools.gnu-tools-for-stm32.10.3-2021.10.win32_1.0.200.202301161003/tools/bin/../lib/gcc/arm-none-eabi/10.3.1/../../../../arm-none-eabi/lib/thumb/v7-m/nofp/crt0.o (memset)
c:/st/stm32cubeide_1.12.1/stm32cubeide/plugins/com.st.stm32cube.ide.mcu.externaltools.gnu-tools-for-stm32.10.3-2021.10.win32_1.0.200.202301161003/tools/bin/../lib/gcc/arm-none-eabi/10.3.1/../../../../arm-none-eabi/lib/thumb/v7-m/nofp\libc_nano.a(lib_a-sprintf.o)
                              ./Src/LCD_prog.o (sprintf)
c:/st/stm32cubeide_1.12.1/stm32cubeide/plugins/com.st.stm32cube.ide.mcu.externaltools.gnu-tools-for-stm32.10.3-2021.10.win32_1.0.200.202301161003/tools/bin/../lib/gcc/arm-none-eabi/10.3.1/../../../../arm-none-eabi/lib/thumb/v7-m/nofp\libc_nano.a(lib_a-nano-svfprintf.o)
                              c:/st/stm32cubeide_1.12.1/stm32cubeide/plugins/com.st.stm32cube.ide.mcu.externaltools.gnu-tools-for-stm32.10.3-2021.10.win32_1.0.200.202301161003/tools/bin/../lib/gcc/arm-none-eabi/10.3.1/../../../../arm-none-eabi/lib/thumb/v7-m/nofp\libc_nano.a(lib_a-sprintf.o) (_svfprintf_r)
c:/st/stm32cubeide_1.12.1/stm32cubeide/plugins/com.st.stm32cube.ide.mcu.externaltools.gnu-tools-for-stm32.10.3-2021.10.win32_1.0.200.202301161003/tools/bin/../lib/gcc/arm-none-eabi/10.3.1/../../../../arm-none-eabi/lib/thumb/v7-m/nofp\libc_nano.a(lib_a-nano-vfprintf_i.o)
                              c:/st/stm32cubeide_1.12.1/stm32cubeide/plugins/com.st.stm32cube.ide.mcu.externaltools.gnu-tools-for-stm32.10.3-2021.10.win32_1.0.200.202301161003/tools/bin/../lib/gcc/arm-none-eabi/10.3.1/../../../../arm-none-eabi/lib/thumb/v7-m/nofp\libc_nano.a(lib_a-nano-svfprintf.o) (_printf_i)
c:/st/stm32cubeide_1.12.1/stm32cubeide/plugins/com.st.stm32cube.ide.mcu.externaltools.gnu-tools-for-stm32.10.3-2021.10.win32_1.0.200.202301161003/tools/bin/../lib/gcc/arm-none-eabi/10.3.1/../../../../arm-none-eabi/lib/thumb/v7-m/nofp\libc_nano.a(lib_a-memchr-stub.o)
                              c:/st/stm32cubeide_1.12.1/stm32cubeide/plugins/com.st.stm32cube.ide.mcu.externaltools.gnu-tools-for-stm32.10.3-2021.10.win32_1.0.200.202301161003/tools/bin/../lib/gcc/arm-none-eabi/10.3.1/../../../../arm-none-eabi/lib/thumb/v7-m/nofp\libc_nano.a(lib_a-nano-svfprintf.o) (memchr)
c:/st/stm32cubeide_1.12.1/stm32cubeide/plugins/com.st.stm32cube.ide.mcu.externaltools.gnu-tools-for-stm32.10.3-2021.10.win32_1.0.200.202301161003/tools/bin/../lib/gcc/arm-none-eabi/10.3.1/../../../../arm-none-eabi/lib/thumb/v7-m/nofp\libc_nano.a(lib_a-memcpy-stub.o)
[...]
Memory Configuration

Name             Origin             Length             Attributes
RAM              0x0000000020000000 0x0000000000002800 xrw
FLASH            0x0000000008000000 0x0000000000008000 xr
*default*        0x0000000000000000 0xffffffffffffffff

Linker script and memory map

LOAD c:/st/stm32cubeide_1.12.1/stm32cubeide/plugins/com.st.stm32cube.ide.mcu.externaltools.gnu-tools-for-stm32.10.3-2021.10.win32_1.0.200.202301161003/tools/bin/../lib/gcc/arm-none-eabi/10.3.1/thumb/v7-m/nofp/crti.o
LOAD c:/st/stm32cubeide_1.12.1/stm32cubeide/plugins/com.st.stm32cube.ide.mcu.externaltools.gnu-tools-for-stm32.10.3-2021.10.win32_1.0.200.202301161003/tools/bin/../lib/gcc/arm-none-eabi/10.3.1/thumb/v7-m/nofp/crtbegin.o
LOAD c:/st/stm32cubeide_1.12.1/stm32cubeide/plugins/com.st.stm32cube.ide.mcu.externaltools.gnu-tools-for-stm32.10.3-2021.10.win32_1.0.200.202301161003/tools/bin/../lib/gcc/arm-none-eabi/10.3.1/../../../../arm-none-eabi/lib/thumb/v7-m/nofp/crt0.o
LOAD ./Src/AFIO_program.o
LOAD ./Src/EXTI_program.o
LOAD ./Src/GPIO_program.o
LOAD ./Src/LCD_private.o
LOAD ./Src/LCD_prog.o
LOAD ./Src/MotorDriver_program.o
LOAD ./Src/NVIC_program.o
LOAD ./Src/RCC_program.o
LOAD ./Src/SYSTICK_program.o
LOAD ./Src/TIMERx_program.o
LOAD ./Src/ULTRASONIC_program.o
LOAD ./Src/USART_PROG.o
LOAD ./Src/main.o
LOAD ./Src/syscalls.o
LOAD ./Src/sysmem.o
LOAD ./Startup/startup_stm32f103c6tx.o
START GROUP
LOAD c:/st/stm32cubeide_1.12.1/stm32cubeide/plugins/com.st.stm32cube.ide.mcu.externaltools.gnu-tools-for-stm32.10.3-2021.10.win32_1.0.200.202301161003/tools/bin/../lib/gcc/arm-none-eabi/10.3.1/../../../../arm-none-eabi/lib/thumb/v7-m/nofp\libc_nano.a
LOAD c:/st/stm32cubeide_1.12.1/stm32cubeide/plugins/com.st.stm32cube.ide.mcu.externaltools.gnu-tools-for-stm32.10.3-2021.10.win32_1.0.200.202301161003/tools/bin/../lib/gcc/arm-none-eabi/10.3.1/../../../../arm-none-eabi/lib/thumb/v7-m/nofp\libm.a
END GROUP
START GROUP
LOAD c:/st/stm32cubeide_1.12.1/stm32cubeide/plugins/com.st.stm32cube.ide.mcu.externaltools.gnu-tools-for-stm32.10.3-2021.10.win32_1.0.200.202301161003/tools/bin/../lib/gcc/arm-none-eabi/10.3.1/thumb/v7-m/nofp\libgcc.a
LOAD c:/st/stm32cubeide_1.12.1/stm32cubeide/plugins/com.st.stm32cube.ide.mcu.externaltools.gnu-tools-for-stm32.10.3-2021.10.win32_1.0.200.202301161003/tools/bin/../lib/gcc/arm-none-eabi/10.3.1/../../../../arm-none-eabi/lib/thumb/v7-m/nofp\libc_nano.a
END GROUP
START GROUP
LOAD c:/st/stm32cubeide_1.12.1/stm32cubeide/plugins/com.st.stm32cube.ide.mcu.externaltools.gnu-tools-for-stm32.10.3-2021.10.win32_1.0.200.202301161003/tools/bin/../lib/gcc/arm-none-eabi/10.3.1/thumb/v7-m/nofp\libgcc.a
LOAD c:/st/stm32cubeide_1.12.1/stm32cubeide/plugins/com.st.stm32cube.ide.mcu.externaltools.gnu-tools-for-stm32.10.3-2021.10.win32_1.0.200.202301161003/tools/bin/../lib/gcc/arm-none-eabi/10.3.1/../../../../arm-none-eabi/lib/thumb/v7-m/nofp\libc_nano.a
LOAD c:/st/stm32cubeide_1.12.1/stm32cubeide/plugins/com.st.stm32cube.ide.mcu.externaltools.gnu-tools-for-stm32.10.3-2021.10.win32_1.0.200.202301161003/tools/bin/../lib/gcc/arm-none-eabi/10.3.1/../../../../arm-none-eabi/lib/thumb/v7-m/nofp\libnosys.a
END GROUP
START GROUP
LOAD c:/st/stm32cubeide_1.12.1/stm32cubeide/plugins/com.st.stm32cube.ide.mcu.externaltools.gnu-tools-for-stm32.10.3-2021.10.win32_1.0.200.202301161003/tools/bin/../lib/gcc/arm-none-eabi/10.3.1/thumb/v7-m/nofp\libgcc.a
LOAD c:/st/stm32cubeide_1.12.1/stm32cubeide/plugins/com.st.stm32cube.ide.mcu.externaltools.gnu-tools-for-stm32.10.3-2021.10.win32_1.0.200.202301161003/tools/bin/../lib/gcc/arm-none-eabi/10.3.1/../../../../arm-none-eabi/lib/thumb/v7-m/nofp\libc_nano.a
LOAD c:/st/stm32cubeide_1.12.1/stm32cubeide/plugins/com.st.stm32cube.ide.mcu.externaltools.gnu-tools-for-stm32.10.3-2021.10.win32_1.0.200.202301161003/tools/bin/../lib/gcc/arm-none-eabi/10.3.1/../../../../arm-none-eabi/lib/thumb/v7-m/nofp\libnosys.a
END GROUP
LOAD c:/st/stm32cubeide_1.12.1/stm32cubeide/plugins/com.st.stm32cube.ide.mcu.externaltools.gnu-tools-for-stm32.10.3-2021.10.win32_1.0.200.202301161003/tools/bin/../lib/gcc/arm-none-eabi/10.3.1/thumb/v7-m/nofp/crtend.o
LOAD c:/st/stm32cubeide_1.12.1/stm32cubeide/plugins/com.st.stm32cube.ide.mcu.externaltools.gnu-tools-for-stm32.10.3-2021.10.win32_1.0.200.202301161003/tools/bin/../lib/gcc/arm-none-eabi/10.3.1/thumb/v7-m/nofp/crtn.o
                0x0000000020002800                _estack = (ORIGIN (RAM) + LENGTH (RAM))
                0x0000000000000200                _Min_Heap_Size = 0x200
                0x0000000000000400                _Min_Stack_Size = 0x400

.isr_vector     0x0000000008000000      0x130
                0x0000000008000000                . = ALIGN (0x4)
 *(.isr_vector)
 .isr_vector    0x0000000008000000      0x130 ./Startup/startup_stm32f103c6tx.o
                0x0000000008000000                g_pfnVectors
                0x0000000008000130                . = ALIGN (0x4)

.text           0x0000000008000130     0x1b04
                0x0000000008000130                . = ALIGN (0x4)
 *(.text)
 .text          0x0000000008000130       0x40 c:/st/stm32cubeide_1.12.1/stm32cubeide/plugins/com.st.stm32cube.ide.mcu.externaltools.gnu-tools-for-stm32.10.3-2021.10.win32_1.0.200.202301161003/tools/bin/../lib/gcc/arm-none-eabi/10.3.1/thumb/v7-m/nofp/crtbegin.o
 .text          0x0000000008000170      0x21c c:/st/stm32cubeide_1.12.1/stm32cubeide/plugins/com.st.stm32cube.ide.mcu.externaltools.gnu-tools-for-stm32.10.3-2021.10.win32_1.0.200.202301161003/tools/bin/../lib/gcc/arm-none-eabi/10.3.1/thumb/v7-m/nofp\libgcc.a(_arm_addsubsf3.o)
                0x0000000008000170                __aeabi_frsub
                0x0000000008000178                __subsf3
                0x0000000008000178                __aeabi_fsub
                0x000000000800017c                __aeabi_fadd
                0x000000000800017c                __addsf3
                0x00000000080002dc                __aeabi_ui2f
                0x00000000080002dc                __floatunsisf
                0x00000000080002e4                __aeabi_i2f
                0x00000000080002e4                __floatsisf
                0x0000000008000300                __aeabi_ul2f
                0x0000000008000300                __floatundisf
                0x0000000008000310                __aeabi_l2f
                0x0000000008000310                __floatdisf
 .text          0x000000000800038c      0x2a0 c:/st/stm32cubeide_1.12.1/stm32cubeide/plugins/com.st.stm32cube.ide.mcu.externaltools.gnu-tools-for-stm32.10.3-2021.10.win32_1.0.200.202301161003/tools/bin/../lib/gcc/arm-none-eabi/10.3.1/thumb/v7-m/nofp\libgcc.a(_arm_muldivsf3.o)
                0x000000000800038c                __mulsf3
                0x000000000800038c                __aeabi_fmul
                0x00000000080004f4                __aeabi_fdiv
                0x00000000080004f4                __divsf3
 .text          0x000000000800062c       0x40 c:/st/stm32cubeide_1.12.1/stm32cubeide/plugins/com.st.stm32cube.ide.mcu.externaltools.gnu-tools-for-stm32.10.3-2021.10.win32_1.0.200.202301161003/tools/bin/../lib/gcc/arm-none-eabi/10.3.1/thumb/v7-m/nofp\libgcc.a(_arm_fixunssfsi.o)
                0x000000000800062c                __fixunssfsi
                0x000000000800062c                __aeabi_f2uiz
 *(.text*)
 .text.EXTI0_IRQHandler
                0x000000000800066c       0x24 ./Src/EXTI_program.o
                0x000000000800066c                EXTI0_IRQHandler
 .text.EXTI1_IRQHandler
                0x0000000008000690       0x24 ./Src/EXTI_program.o
                0x0000000008000690                EXTI1_IRQHandler
 .text.EXTI2_IRQHandler
                0x00000000080006b4       0x24 ./Src/EXTI_program.o
                0x00000000080006b4                EXTI2_IRQHandler
 .text.EXTI3_IRQHandler
                0x00000000080006d8       0x24 ./Src/EXTI_program.o
                0x00000000080006d8                EXTI3_IRQHandler
 .text.EXTI4_IRQHandler
                0x00000000080006fc       0x24 ./Src/EXTI_program.o
                0x00000000080006fc                EXTI4_IRQHandler
 .text.MGPIO_voidSetPinMode
                0x0000000008000720      0x1b8 ./Src/GPIO_program.o
                0x0000000008000720                MGPIO_voidSetPinMode
 .text.MGPIO_voidSetPinValue
                0x00000000080008d8      0x100 ./Src/GPIO_program.o
                0x00000000080008d8                MGPIO_voidSetPinValue
 .text.H_MotorDriver_voidInit
                0x00000000080009d8       0x58 ./Src/MotorDriver_program.o
                0x00000000080009d8                H_MotorDriver_voidInit
 .text.H_MotorDriver_voidForward
                0x0000000008000a30       0x58 ./Src/MotorDriver_program.o
                0x0000000008000a30                H_MotorDriver_voidForward
 .text.H_MotorDriver_voidStop
                0x0000000008000a88       0x58 ./Src/MotorDriver_program.o
                0x0000000008000a88                H_MotorDriver_voidStop
 .text.MNVIC_voidEnableInterrupt
                0x0000000008000ae0       0x44 ./Src/NVIC_program.o
                0x0000000008000ae0                MNVIC_voidEnableInterrupt
 .text.MRCC_voidInitSysClock
                0x0000000008000b24       0x54 ./Src/RCC_program.o
                0x0000000008000b24                MRCC_voidInitSysClock
 .text.MRCC_voidEnableClock
                0x0000000008000b78       0x84 ./Src/RCC_program.o
                0x0000000008000b78                MRCC_voidEnableClock
 .text.MSTK_voidInit
                0x0000000008000bfc       0x40 ./Src/SYSTICK_program.o
                0x0000000008000bfc                MSTK_voidInit
 .text.MSTK_voidSetBusyWait
                0x0000000008000c3c       0x60 ./Src/SYSTICK_program.o
                0x0000000008000c3c                MSTK_voidSetBusyWait
 .text.MTIMERx_voidInit
                0x0000000008000c9c       0x42 ./Src/TIMERx_program.o
                0x0000000008000c9c                MTIMERx_voidInit
 *fill*         0x0000000008000cde        0x2 
 .text.MTIMERx_voidStopTimer
                0x0000000008000ce0       0x7c ./Src/TIMERx_program.o
                0x0000000008000ce0                MTIMERx_voidStopTimer
 .text.MTIMERx_voidStartTimer
                0x0000000008000d5c       0x7c ./Src/TIMERx_program.o
                0x0000000008000d5c                MTIMERx_voidStartTimer
 .text.MTIMERx_voidInputCaptureSetup
                0x0000000008000dd8      0x124 ./Src/TIMERx_program.o
                0x0000000008000dd8                MTIMERx_voidInputCaptureSetup
 .text.MTIMERx_voidGetInputCaptureCounter
                0x0000000008000efc       0x6c ./Src/TIMERx_program.o
                0x0000000008000efc                MTIMERx_voidGetInputCaptureCounter
 .text.MTIMERx_voidSetInputCaptureTrigger
                0x0000000008000f68       0xb8 ./Src/TIMERx_program.o
                0x0000000008000f68                MTIMERx_voidSetInputCaptureTrigger
 .text.MTIMERx_GetTimerID
                0x0000000008001020       0x60 ./Src/TIMERx_program.o
                0x0000000008001020                MTIMERx_GetTimerID
 .text.MTIMERx_voidInputCaptureCallback
                0x0000000008001080       0x44 ./Src/TIMERx_program.o
                0x0000000008001080                MTIMERx_voidInputCaptureCallback
 .text.MTIMERx_voidSetOVFCallback
                0x00000000080010c4       0x48 ./Src/TIMERx_program.o
                0x00000000080010c4                MTIMERx_voidSetOVFCallback
 .text.TIM2_IRQHandler
                0x000000000800110c       0xe4 ./Src/TIMERx_program.o
                0x000000000800110c                TIM2_IRQHandler
 .text.TIM3_IRQHandler
                0x00000000080011f0       0xcc ./Src/TIMERx_program.o
                0x00000000080011f0                TIM3_IRQHandler
 .text.HUS_voidInit
                0x00000000080012bc      0x110 ./Src/ULTRASONIC_program.o
                0x00000000080012bc                HUS_voidInit
 .text.HUS_voidGetDistance
                0x00000000080013cc       0xcc ./Src/ULTRASONIC_program.o
                0x00000000080013cc                HUS_voidGetDistance
 .text.HUS_voidOVFCounts
                0x0000000008001498       0x1c ./Src/ULTRASONIC_program.o
 .text.HUS_void_FRONT_ECHO_Interrupt
                0x00000000080014b4       0x98 ./Src/ULTRASONIC_program.o
 .text.HUS_void_F_SIDE_ECHO_Interrupt
                0x000000000800154c       0x9c ./Src/ULTRASONIC_program.o
 .text.HUS_void_B_SIDE_ECHO_Interrupt
                0x00000000080015e8       0x9c ./Src/ULTRASONIC_program.o
 .text.HUS_void_BACK_ECHO_Interrupt
                0x0000000008001684       0x9c ./Src/ULTRASONIC_program.o
 .text.MUSART_VidInit
                0x0000000008001720       0xc8 ./Src/USART_PROG.o
                0x0000000008001720                MUSART_VidInit
 .text.MUSART3_VidInit
                0x00000000080017e8       0xcc ./Src/USART_PROG.o
                0x00000000080017e8                MUSART3_VidInit
 .text.MUSART1_VidSendCharSync
                0x00000000080018b4       0x3c ./Src/USART_PROG.o
                0x00000000080018b4                MUSART1_VidSendCharSync
 .text.MUSART3_u8RecCharSynch
                0x00000000080018f0       0x64 ./Src/USART_PROG.o
                0x00000000080018f0                MUSART3_u8RecCharSynch
 .text.USART1_IRQHandler
                0x0000000008001954       0x1c ./Src/USART_PROG.o
                0x0000000008001954                USART1_IRQHandler
 .text.USART3_IRQHandler
                0x0000000008001970       0x1c ./Src/USART_PROG.o
                0x0000000008001970                USART3_IRQHandler
 .text.main     0x000000000800198c      0x1f4 ./Src/main.o
                0x000000000800198c                main
 .text.Reset_Handler
                0x0000000008001b80       0x50 ./Startup/startup_stm32f103c6tx.o
                0x0000000008001b80                Reset_Handler
 .text.Default_Handler
                0x0000000008001bd0        0x2 ./Startup/startup_stm32f103c6tx.o
                0x0000000008001bd0                TIM8_TRG_COM_IRQHandler
                0x0000000008001bd0                TIM8_CC_IRQHandler
                0x0000000008001bd0                DebugMon_Handler
                0x0000000008001bd0                TIM1_CC_IRQHandler
                0x0000000008001bd0                HardFault_Handler
                0x0000000008001bd0                TIM6_IRQHandler
                0x0000000008001bd0                SysTick_Handler
                0x0000000008001bd0                PVD_IRQHandler
                0x0000000008001bd0                SDIO_IRQHandler
                0x0000000008001bd0                PendSV_Handler
                0x0000000008001bd0                NMI_Handler
                0x0000000008001bd0                USB_HP_CAN_TX_IRQHandler
                0x0000000008001bd0                I2C2_EV_IRQHandler
                0x0000000008001bd0                UsageFault_Handler
                0x0000000008001bd0                ADC1_2_IRQHandler
                0x0000000008001bd0                SPI1_IRQHandler
                0x0000000008001bd0                CAN_SCE_IRQHandler
                0x0000000008001bd0                TAMPER_IRQHandler
                0x0000000008001bd0                TIM8_UP_IRQHandler
                0x0000000008001bd0                DMA2_Channel2_IRQHandler
                0x0000000008001bd0                DMA1_Channel4_IRQHandler
                0x0000000008001bd0                RTC_IRQHandler
                0x0000000008001bd0                DMA1_Channel7_IRQHandler
                0x0000000008001bd0                UART5_IRQHandler
                0x0000000008001bd0                ADC3_IRQHandler
                0x0000000008001bd0                TIM4_IRQHandler
                0x0000000008001bd0                CAN_RX1_IRQHandler
                0x0000000008001bd0                DMA2_Channel1_IRQHandler
                0x0000000008001bd0                I2C1_EV_IRQHandler
                0x0000000008001bd0                DMA1_Channel6_IRQHandler
                0x0000000008001bd0                UART4_IRQHandler
                0x0000000008001bd0                RCC_IRQHandler
                0x0000000008001bd0                TIM1_TRG_COM_IRQHandler
                0x0000000008001bd0                DMA1_Channel1_IRQHandler
                0x0000000008001bd0                Default_Handler
                0x0000000008001bd0                EXTI15_10_IRQHandler
                0x0000000008001bd0                TIM7_IRQHandler
                0x0000000008001bd0                TIM5_IRQHandler
                0x0000000008001bd0                EXTI9_5_IRQHandler
                0x0000000008001bd0                SPI2_IRQHandler
                0x0000000008001bd0                USB_LP_CAN_RX0_IRQHandler
                0x0000000008001bd0                MemManage_Handler
                0x0000000008001bd0                SVC_Handler
                0x0000000008001bd0                DMA1_Channel5_IRQHandler
                0x0000000008001bd0                DMA1_Channel3_IRQHandler
                0x0000000008001bd0                FSMC_IRQHandler
                0x0000000008001bd0                TIM1_UP_IRQHandler
                0x0000000008001bd0                WWDG_IRQHandler
                0x0000000008001bd0                TIM1_BRK_IRQHandler
                0x0000000008001bd0                RTCAlarm_IRQHandler
                0x0000000008001bd0                DMA2_Channel4_5_IRQHandler
                0x0000000008001bd0                USART2_IRQHandler
                0x0000000008001bd0                I2C2_ER_IRQHandler
                0x0000000008001bd0                DMA1_Channel2_IRQHandler
                0x0000000008001bd0                TIM8_BRK_IRQHandler
                0x0000000008001bd0                FLASH_IRQHandler
                0x0000000008001bd0                BusFault_Handler
                0x0000000008001bd0                SPI3_IRQHandler
                0x0000000008001bd0                I2C1_ER_IRQHandler
                0x0000000008001bd0                DMA2_Channel3_IRQHandler
 *fill*         0x0000000008001bd2        0x2 
 .text.__libc_init_array
                0x0000000008001bd4       0x48 c:/st/stm32cubeide_1.12.1/stm32cubeide/plugins/com.st.stm32cube.ide.mcu.externaltools.gnu-tools-for-stm32.10.3-2021.10.win32_1.0.200.202301161003/tools/bin/../lib/gcc/arm-none-eabi/10.3.1/../../../../arm-none-eabi/lib/thumb/v7-m/nofp\libc_nano.a(lib_a-init.o)
                0x0000000008001bd4                __libc_init_array
 *(.glue_7)
 .glue_7        0x0000000008001c1c        0x0 linker stubs
 *(.glue_7t)
 .glue_7t       0x0000000008001c1c        0x0 linker stubs
 *(.eh_frame)
 .eh_frame      0x0000000008001c1c        0x0 c:/st/stm32cubeide_1.12.1/stm32cubeide/plugins/com.st.stm32cube.ide.mcu.externaltools.gnu-tools-for-stm32.10.3-2021.10.win32_1.0.200.202301161003/tools/bin/../lib/gcc/arm-none-eabi/10.3.1/thumb/v7-m/nofp/crtbegin.o
 *(.init)
 .init          0x0000000008001c1c        0x4 c:/st/stm32cubeide_1.12.1/stm32cubeide/plugins/com.st.stm32cube.ide.mcu.externaltools.gnu-tools-for-stm32.10.3-2021.10.win32_1.0.200.202301161003/tools/bin/../lib/gcc/arm-none-eabi/10.3.1/thumb/v7-m/nofp/crti.o
                0x0000000008001c1c                _init
 .init          0x0000000008001c20        0x8 c:/st/stm32cubeide_1.12.1/stm32cubeide/plugins/com.st.stm32cube.ide.mcu.externaltools.gnu-tools-for-stm32.10.3-2021.10.win32_1.0.200.202301161003/tools/bin/../lib/gcc/arm-none-eabi/10.3.1/thumb/v7-m/nofp/crtn.o
 *(.fini)
 .fini          0x0000000008001c28        0x4 c:/st/stm32cubeide_1.12.1/stm32cubeide/plugins/com.st.stm32cube.ide.mcu.externaltools.gnu-tools-for-stm32.10.3-2021.10.win32_1.0.200.202301161003/tools/bin/../lib/gcc/arm-none-eabi/10.3.1/thumb/v7-m/nofp/crti.o
                0x0000000008001c28                _fini
 .fini          0x0000000008001c2c        0x8 c:/st/stm32cubeide_1.12.1/stm32cubeide/plugins/com.st.stm32cube.ide.mcu.externaltools.gnu-tools-for-stm32.10.3-2021.10.win32_1.0.200.202301161003/tools/bin/../lib/gcc/arm-none-eabi/10.3.1/thumb/v7-m/nofp/crtn.o
                0x0000000008001c34                . = ALIGN (0x4)
                0x0000000008001c34                _etext = .

.vfp11_veneer   0x0000000008001c34        0x0
 .vfp11_veneer  0x0000000008001c34        0x0 linker stubs

.v4_bx          0x0000000008001c34        0x0
 .v4_bx         0x0000000008001c34        0x0 linker stubs

.iplt           0x0000000008001c34        0x0
 .iplt          0x0000000008001c34        0x0 c:/st/stm32cubeide_1.12.1/stm32cubeide/plugins/com.st.stm32cube.ide.mcu.externaltools.gnu-tools-for-stm32.10.3-2021.10.win32_1.0.200.202301161003/tools/bin/../lib/gcc/arm-none-eabi/10.3.1/thumb/v7-m/nofp/crtbegin.o

.rel.dyn        0x0000000008001c34        0x0
 .rel.iplt      0x0000000008001c34        0x0 c:/st/stm32cubeide_1.12.1/stm32cubeide/plugins/com.st.stm32cube.ide.mcu.externaltools.gnu-tools-for-stm32.10.3-2021.10.win32_1.0.200.202301161003/tools/bin/../lib/gcc/arm-none-eabi/10.3.1/thumb/v7-m/nofp/crtbegin.o

.rodata         0x0000000008001c34        0x0
                0x0000000008001c34                . = ALIGN (0x4)
 *(.rodata)
 *(.rodata*)
                0x0000000008001c34                . = ALIGN (0x4)

.ARM.extab      0x0000000008001c34        0x0
                0x0000000008001c34                . = ALIGN (0x4)
 *(.ARM.extab* .gnu.linkonce.armextab.*)
                0x0000000008001c34                . = ALIGN (0x4)

.ARM            0x0000000008001c34        0x0
                0x0000000008001c34                . = ALIGN (0x4)
                0x0000000008001c34                __exidx_start = .
 *(.ARM.exidx*)
                0x0000000008001c34                __exidx_end = .
                0x0000000008001c34                . = ALIGN (0x4)

.preinit_array  0x0000000008001c34        0x0
                0x0000000008001c34                . = ALIGN (0x4)
                0x0000000008001c34                PROVIDE (__preinit_array_start = .)
 *(.preinit_array*)
                0x0000000008001c34                PROVIDE (__preinit_array_end = .)
                0x0000000008001c34                . = ALIGN (0x4)

.init_array     0x0000000008001c34        0x4
                0x0000000008001c34                . = ALIGN (0x4)
                0x0000000008001c34                PROVIDE (__init_array_start = .)
 *(SORT_BY_NAME(.init_array.*))
 *(.init_array*)
 .init_array    0x0000000008001c34        0x4 c:/st/stm32cubeide_1.12.1/stm32cubeide/plugins/com.st.stm32cube.ide.mcu.externaltools.gnu-tools-for-stm32.10.3-2021.10.win32_1.0.200.202301161003/tools/bin/../lib/gcc/arm-none-eabi/10.3.1/thumb/v7-m/nofp/crtbegin.o
                0x0000000008001c38                PROVIDE (__init_array_end = .)
                0x0000000008001c38                . = ALIGN (0x4)

.fini_array     0x0000000008001c38        0x4
                0x0000000008001c38                . = ALIGN (0x4)
                [!provide]                        PROVIDE (__fini_array_start = .)
 *(SORT_BY_NAME(.fini_array.*))
 *(.fini_array*)
 .fini_array    0x0000000008001c38        0x4 c:/st/stm32cubeide_1.12.1/stm32cubeide/plugins/com.st.stm32cube.ide.mcu.externaltools.gnu-tools-for-stm32.10.3-2021.10.win32_1.0.200.202301161003/tools/bin/../lib/gcc/arm-none-eabi/10.3.1/thumb/v7-m/nofp/crtbegin.o
                [!provide]                        PROVIDE (__fini_array_end = .)
                0x0000000008001c3c                . = ALIGN (0x4)
                0x0000000008001c3c                _sidata = LOADADDR (.data)

.data           0x0000000020000000       0x14 load address 0x0000000008001c3c
                0x0000000020000000                . = ALIGN (0x4)
                0x0000000020000000                _sdata = .
 *(.data)
 *(.data*)
 .data.GlobalArr_u8USTimer
                0x0000000020000000        0x4 ./Src/ULTRASONIC_program.o
 .data.GlobalArr_u8USChannel
                0x0000000020000004        0x4 ./Src/ULTRASONIC_program.o
 .data.GlobalArr_u8USChannelPin
                0x0000000020000008        0x4 ./Src/ULTRASONIC_program.o
 .data.GlobalArr_u8TriggerPort
                0x000000002000000c        0x4 ./Src/ULTRASONIC_program.o
 .data.GlobalArr_u8TriggerPin
                0x0000000020000010        0x4 ./Src/ULTRASONIC_program.o
 *(.RamFunc)
 *(.RamFunc*)
                0x0000000020000014                . = ALIGN (0x4)
                0x0000000020000014                _edata = .

.igot.plt       0x0000000020000014        0x0 load address 0x0000000008001c50
 .igot.plt      0x0000000020000014        0x0 c:/st/stm32cubeide_1.12.1/stm32cubeide/plugins/com.st.stm32cube.ide.mcu.externaltools.gnu-tools-for-stm32.10.3-2021.10.win32_1.0.200.202301161003/tools/bin/../lib/gcc/arm-none-eabi/10.3.1/thumb/v7-m/nofp/crtbegin.o
                0x0000000020000014                . = ALIGN (0x4)

.bss            0x0000000020000014       0xf0 load address 0x0000000008001c50
                0x0000000020000014                _sbss = .
                0x0000000020000014                __bss_start__ = _sbss
 *(.bss)
 .bss           0x0000000020000014       0x1c c:/st/stm32cubeide_1.12.1/stm32cubeide/plugins/com.st.stm32cube.ide.mcu.externaltools.gnu-tools-for-stm32.10.3-2021.10.win32_1.0.200.202301161003/tools/bin/../lib/gcc/arm-none-eabi/10.3.1/thumb/v7-m/nofp/crtbegin.o
 *(.bss*)
 .bss.EXTI_CallBack
                0x0000000020000030       0x40 ./Src/EXTI_program.o
 .bss.input_capture_callback
                0x0000000020000070       0x40 ./Src/TIMERx_program.o
 .bss.ovf_callback
                0x00000000200000b0       0x10 ./Src/TIMERx_program.o
 .bss.GlobalArr_u32EchoFlag
                0x00000000200000c0       0x10 ./Src/ULTRASONIC_program.o
 .bss.GlobalArr_u32StartTime
                0x00000000200000d0       0x10 ./Src/ULTRASONIC_program.o
 .bss.GlobalArr_u32EndTime
                0x00000000200000e0       0x10 ./Src/ULTRASONIC_program.o
 .bss.GlobalArr_u8USEchoPort
                0x00000000200000f0        0x4 ./Src/ULTRASONIC_program.o
 .bss.Global_u32Timer1OVFCounter
                0x00000000200000f4        0x4 ./Src/ULTRASONIC_program.o
 .bss.MUSART1_CallBack
                0x00000000200000f8        0x4 ./Src/USART_PROG.o
                0x00000000200000f8                MUSART1_CallBack
 .bss.MUSART3_CallBack
                0x00000000200000fc        0x4 ./Src/USART_PROG.o
                0x00000000200000fc                MUSART3_CallBack
 .bss.B_SIDE_Distance
                0x0000000020000100        0x2 ./Src/main.o
                0x0000000020000100                B_SIDE_Distance
 .bss.F_SIDE_Distance
                0x0000000020000102        0x2 ./Src/main.o
                0x0000000020000102                F_SIDE_Distance
 *(COMMON)
                0x0000000020000104                . = ALIGN (0x4)
                0x0000000020000104                _ebss = .
                0x0000000020000104                __bss_end__ = _ebss

._user_heap_stack
                0x0000000020000104      0x604 load address 0x0000000008001c50
                0x0000000020000108                . = ALIGN (0x8)
 *fill*         0x0000000020000104        0x4 
                [!provide]                        PROVIDE (end = .)
                0x0000000020000108                PROVIDE (_end = .)
                0x0000000020000308                . = (. + _Min_Heap_Size)
 *fill*         0x0000000020000108      0x200 
                0x0000000020000708                . = (. + _Min_Stack_Size)
 *fill*         0x0000000020000308      0x400 
                0x0000000020000708                . = ALIGN (0x8)

/DISCARD/
 libc.a(*)
 libm.a(*)
 libgcc.a(*)

.ARM.attributes
                0x0000000000000000       0x29
 *(.ARM.attributes)
 .ARM.attributes
                0x0000000000000000       0x1d c:/st/stm32cubeide_1.12.1/stm32cubeide/plugins/com.st.stm32cube.ide.mcu.externaltools.gnu-tools-for-stm32.10.3-2021.10.win32_1.0.200.202301161003/tools/bin/../lib/gcc/arm-none-eabi/10.3.1/thumb/v7-m/nofp/crti.o
 .ARM.attributes
                0x000000000000001d       0x2d c:/st/stm32cubeide_1.12.1/stm32cubeide/plugins/com.st.stm32cube.ide.mcu.externaltools.gnu-tools-for-stm32.10.3-2021.10.win32_1.0.200.202301161003/tools/bin/../lib/gcc/arm-none-eabi/10.3.1/thumb/v7-m/nofp/crtbegin.o
 .ARM.attributes
                0x000000000000004a       0x2d ./Src/EXTI_program.o
 .ARM.attributes
                0x0000000000000077       0x2d ./Src/GPIO_program.o
 .ARM.attributes
                0x00000000000000a4       0x2d ./Src/MotorDriver_program.o
 .ARM.attributes
                0x00000000000000d1       0x2d ./Src/NVIC_program.o
 .ARM.attributes
                0x00000000000000fe       0x2d ./Src/RCC_program.o
 .ARM.attributes
                0x000000000000012b       0x2d ./Src/SYSTICK_program.o
 .ARM.attributes
                0x0000000000000158       0x2d ./Src/TIMERx_program.o
 .ARM.attributes
                0x0000000000000185       0x2d ./Src/ULTRASONIC_program.o
 .ARM.attributes
                0x00000000000001b2       0x2d ./Src/USART_PROG.o
 .ARM.attributes
                0x00000000000001df       0x2d ./Src/main.o
 .ARM.attributes
                0x000000000000020c       0x21 ./Startup/startup_stm32f103c6tx.o
 .ARM.attributes
                0x000000000000022d       0x2d c:/st/stm32cubeide_1.12.1/stm32cubeide/plugins/com.st.stm32cube.ide.mcu.externaltools.gnu-tools-for-stm32.10.3-2021.10.win32_1.0.200.202301161003/tools/bin/../lib/gcc/arm-none-eabi/10.3.1/../../../../arm-none-eabi/lib/thumb/v7-m/nofp\libc_nano.a(lib_a-init.o)
 .ARM.attributes
                0x000000000000025a       0x1d c:/st/stm32cubeide_1.12.1/stm32cubeide/plugins/com.st.stm32cube.ide.mcu.externaltools.gnu-tools-for-stm32.10.3-2021.10.win32_1.0.200.202301161003/tools/bin/../lib/gcc/arm-none-eabi/10.3.1/thumb/v7-m/nofp\libgcc.a(_arm_addsubsf3.o)
 .ARM.attributes
                0x0000000000000277       0x1d c:/st/stm32cubeide_1.12.1/stm32cubeide/plugins/com.st.stm32cube.ide.mcu.externaltools.gnu-tools-for-stm32.10.3-2021.10.win32_1.0.200.202301161003/tools/bin/../lib/gcc/arm-none-eabi/10.3.1/thumb/v7-m/nofp\libgcc.a(_arm_muldivsf3.o)
 .ARM.attributes
                0x0000000000000294       0x1d c:/st/stm32cubeide_1.12.1/stm32cubeide/plugins/com.st.stm32cube.ide.mcu.externaltools.gnu-tools-for-stm32.10.3-2021.10.win32_1.0.200.202301161003/tools/bin/../lib/gcc/arm-none-eabi/10.3.1/thumb/v7-m/nofp\libgcc.a(_arm_fixunssfsi.o)
 .ARM.attributes
                0x00000000000002b1       0x1d c:/st/stm32cubeide_1.12.1/stm32cubeide/plugins/com.st.stm32cube.ide.mcu.externaltools.gnu-tools-for-stm32.10.3-2021.10.win32_1.0.200.202301161003/tools/bin/../lib/gcc/arm-none-eabi/10.3.1/thumb/v7-m/nofp/crtn.o
OUTPUT(sayed_ultrasonic2.elf elf32-littlearm)
LOAD linker stubs
LOAD c:/st/stm32cubeide_1.12.1/stm32cubeide/plugins/com.st.stm32cube.ide.mcu.externaltools.gnu-tools-for-stm32.10.3-2021.10.win32_1.0.200.202301161003/tools/bin/../lib/gcc/arm-none-eabi/10.3.1/../../../../arm-none-eabi/lib/thumb/v7-m/nofp\libc.a
LOAD c:/st/stm32cubeide_1.12.1/stm32cubeide/plugins/com.st.stm32cube.ide.mcu.externaltools.gnu-tools-for-stm32.10.3-2021.10.win32_1.0.200.202301161003/tools/bin/../lib/gcc/arm-none-eabi/10.3.1/../../../../arm-none-eabi/lib/thumb/v7-m/nofp\libm.a
LOAD c:/st/stm32cubeide_1.12.1/stm32cubeide/plugins/com.st.stm32cube.ide.mcu.externaltools.gnu-tools-for-stm32.10.3-2021.10.win32_1.0.200.202301161003/tools/bin/../lib/gcc/arm-none-eabi/10.3.1/thumb/v7-m/nofp\libgcc.a

.debug_info     0x0000000000000000     0x1d8a
 .debug_info    0x0000000000000000      0x35c ./Src/EXTI_program.o
 .debug_info    0x000000000000035c      0x229 ./Src/GPIO_program.o
 .debug_info    0x0000000000000585      0x1bf ./Src/MotorDriver_program.o
 .debug_info    0x0000000000000744      0x1c4 ./Src/NVIC_program.o
 .debug_info    0x0000000000000908      0x161 ./Src/RCC_program.o
 .debug_info    0x0000000000000a69      0x1e3 ./Src/SYSTICK_program.o
 .debug_info    0x0000000000000c4c      0x55c ./Src/TIMERx_program.o
 .debug_info    0x00000000000011a8      0x4bf ./Src/ULTRASONIC_program.o
 .debug_info    0x0000000000001667      0x448 ./Src/USART_PROG.o
 .debug_info    0x0000000000001aaf      0x2b9 ./Src/main.o
 .debug_info    0x0000000000001d68       0x22 ./Startup/startup_stm32f103c6tx.o

.debug_abbrev   0x0000000000000000      0xa4d
 .debug_abbrev  0x0000000000000000       0xf2 ./Src/EXTI_program.o
 .debug_abbrev  0x00000000000000f2       0xd2 ./Src/GPIO_program.o
 .debug_abbrev  0x00000000000001c4       0x92 ./Src/MotorDriver_program.o
 .debug_abbrev  0x0000000000000256       0xa7 ./Src/NVIC_program.o
 .debug_abbrev  0x00000000000002fd       0xa7 ./Src/RCC_program.o
 .debug_abbrev  0x00000000000003a4       0xf7 ./Src/SYSTICK_program.o
 .debug_abbrev  0x000000000000049b      0x173 ./Src/TIMERx_program.o
 .debug_abbrev  0x000000000000060e      0x14f ./Src/ULTRASONIC_program.o
 .debug_abbrev  0x000000000000075d      0x1d9 ./Src/USART_PROG.o
 .debug_abbrev  0x0000000000000936      0x105 ./Src/main.o
 .debug_abbrev  0x0000000000000a3b       0x12 ./Startup/startup_stm32f103c6tx.o

.debug_aranges  0x0000000000000000      0x3c0
 .debug_aranges
                0x0000000000000000       0xc8 ./Src/EXTI_program.o
 .debug_aranges
                0x00000000000000c8       0x30 ./Src/GPIO_program.o
 .debug_aranges
                0x00000000000000f8       0x30 ./Src/MotorDriver_program.o
 .debug_aranges
                0x0000000000000128       0x50 ./Src/NVIC_program.o
 .debug_aranges
                0x0000000000000178       0x38 ./Src/RCC_program.o
 .debug_aranges
                0x00000000000001b0       0x50 ./Src/SYSTICK_program.o
 .debug_aranges
                0x0000000000000200       0x88 ./Src/TIMERx_program.o
 .debug_aranges
                0x0000000000000288       0x58 ./Src/ULTRASONIC_program.o
 .debug_aranges
                0x00000000000002e0       0x98 ./Src/USART_PROG.o
 .debug_aranges
                0x0000000000000378       0x20 ./Src/main.o
 .debug_aranges
                0x0000000000000398       0x28 ./Startup/startup_stm32f103c6tx.o

.debug_ranges   0x0000000000000000      0x318
 .debug_ranges  0x0000000000000000       0xb8 ./Src/EXTI_program.o
 .debug_ranges  0x00000000000000b8       0x20 ./Src/GPIO_program.o
 .debug_ranges  0x00000000000000d8       0x20 ./Src/MotorDriver_program.o
 .debug_ranges  0x00000000000000f8       0x40 ./Src/NVIC_program.o
 .debug_ranges  0x0000000000000138       0x28 ./Src/RCC_program.o
 .debug_ranges  0x0000000000000160       0x40 ./Src/SYSTICK_program.o
 .debug_ranges  0x00000000000001a0       0x78 ./Src/TIMERx_program.o
 .debug_ranges  0x0000000000000218       0x48 ./Src/ULTRASONIC_program.o
 .debug_ranges  0x0000000000000260       0x88 ./Src/USART_PROG.o
 .debug_ranges  0x00000000000002e8       0x10 ./Src/main.o
 .debug_ranges  0x00000000000002f8       0x20 ./Startup/startup_stm32f103c6tx.o

.debug_macro    0x0000000000000000     0x191e
 .debug_macro   0x0000000000000000       0x3f ./Src/EXTI_program.o
 .debug_macro   0x000000000000003f       0x34 ./Src/EXTI_program.o
 .debug_macro   0x0000000000000073       0x16 ./Src/EXTI_program.o
 .debug_macro   0x0000000000000089       0x3f ./Src/GPIO_program.o
 .debug_macro   0x00000000000000c8       0x64 ./Src/GPIO_program.o
 .debug_macro   0x000000000000012c       0x9a ./Src/GPIO_program.o
 .debug_macro   0x00000000000001c6       0x66 ./Src/MotorDriver_program.o
 .debug_macro   0x000000000000022c      0x128 ./Src/MotorDriver_program.o
 .debug_macro   0x0000000000000354       0x6a ./Src/MotorDriver_program.o
 .debug_macro   0x00000000000003be       0x43 ./Src/NVIC_program.o
 .debug_macro   0x0000000000000401       0x10 ./Src/NVIC_program.o
 .debug_macro   0x0000000000000411       0x7c ./Src/NVIC_program.o
 .debug_macro   0x000000000000048d       0x48 ./Src/RCC_program.o
 .debug_macro   0x00000000000004d5       0x40 ./Src/RCC_program.o
 .debug_macro   0x0000000000000515       0xe2 ./Src/RCC_program.o
 .debug_macro   0x00000000000005f7       0x3f ./Src/SYSTICK_program.o
 .debug_macro   0x0000000000000636       0x10 ./Src/SYSTICK_program.o
 .debug_macro   0x0000000000000646       0x58 ./Src/SYSTICK_program.o
 .debug_macro   0x000000000000069e       0x51 ./Src/TIMERx_program.o
 .debug_macro   0x00000000000006ef       0x6a ./Src/TIMERx_program.o
 .debug_macro   0x0000000000000759      0xd07 ./Src/TIMERx_program.o
 .debug_macro   0x0000000000001460       0x34 ./Src/TIMERx_program.o
 .debug_macro   0x0000000000001494       0x71 ./Src/ULTRASONIC_program.o
 .debug_macro   0x0000000000001505      0x12e ./Src/ULTRASONIC_program.o
 .debug_macro   0x0000000000001633       0x3a ./Src/ULTRASONIC_program.o
 .debug_macro   0x000000000000166d       0x6a ./Src/ULTRASONIC_program.o
 .debug_macro   0x00000000000016d7       0x46 ./Src/ULTRASONIC_program.o
 .debug_macro   0x000000000000171d       0x22 ./Src/ULTRASONIC_program.o
 .debug_macro   0x000000000000173f       0x44 ./Src/USART_PROG.o
 .debug_macro   0x0000000000001783       0x88 ./Src/USART_PROG.o
 .debug_macro   0x000000000000180b       0x70 ./Src/USART_PROG.o
 .debug_macro   0x000000000000187b       0x28 ./Src/USART_PROG.o
 .debug_macro   0x00000000000018a3       0x7b ./Src/main.o

.debug_line     0x0000000000000000     0x190c
 .debug_line    0x0000000000000000      0x2fb ./Src/EXTI_program.o
 .debug_line    0x00000000000002fb      0x23b ./Src/GPIO_program.o
 .debug_line    0x0000000000000536      0x140 ./Src/MotorDriver_program.o
 .debug_line    0x0000000000000676      0x1e4 ./Src/NVIC_program.o
 .debug_line    0x000000000000085a      0x164 ./Src/RCC_program.o
 .debug_line    0x00000000000009be      0x1a8 ./Src/SYSTICK_program.o
 .debug_line    0x0000000000000b66      0x451 ./Src/TIMERx_program.o
 .debug_line    0x0000000000000fb7      0x385 ./Src/ULTRASONIC_program.o
 .debug_line    0x000000000000133c      0x391 ./Src/USART_PROG.o
 .debug_line    0x00000000000016cd      0x1bb ./Src/main.o
 .debug_line    0x0000000000001888       0x84 ./Startup/startup_stm32f103c6tx.o

.debug_str      0x0000000000000000     0x9f8e
 .debug_str     0x0000000000000000     0x3193 ./Src/EXTI_program.o
                                       0x323b (size before relaxing)
 .debug_str     0x0000000000003193      0x7b2 ./Src/GPIO_program.o
                                       0x35d5 (size before relaxing)
 .debug_str     0x0000000000003945      0x50e ./Src/MotorDriver_program.o
                                       0x358f (size before relaxing)
 .debug_str     0x0000000000003e53      0x4f9 ./Src/NVIC_program.o
                                       0x32fb (size before relaxing)
 .debug_str     0x000000000000434c      0x59b ./Src/RCC_program.o
                                       0x364d (size before relaxing)
 .debug_str     0x00000000000048e7      0x25a ./Src/SYSTICK_program.o
                                       0x3074 (size before relaxing)
 .debug_str     0x0000000000004b41     0x4852 ./Src/TIMERx_program.o
                                       0x7666 (size before relaxing)
 .debug_str     0x0000000000009393      0x4af ./Src/ULTRASONIC_program.o
                                       0x39ef (size before relaxing)
 .debug_str     0x0000000000009842      0x6de ./Src/USART_PROG.o
                                       0x34e5 (size before relaxing)
 .debug_str     0x0000000000009f20       0x3d ./Src/main.o
                                       0x3855 (size before relaxing)
 .debug_str     0x0000000000009f5d       0x31 ./Startup/startup_stm32f103c6tx.o
                                         0x7d (size before relaxing)

.comment        0x0000000000000000       0x50
 .comment       0x0000000000000000       0x50 ./Src/EXTI_program.o
                                         0x51 (size before relaxing)
 .comment       0x0000000000000050       0x51 ./Src/GPIO_program.o
 .comment       0x0000000000000050       0x51 ./Src/MotorDriver_program.o
 .comment       0x0000000000000050       0x51 ./Src/NVIC_program.o
 .comment       0x0000000000000050       0x51 ./Src/RCC_program.o
 .comment       0x0000000000000050       0x51 ./Src/SYSTICK_program.o
 .comment       0x0000000000000050       0x51 ./Src/TIMERx_program.o
 .comment       0x0000000000000050       0x51 ./Src/ULTRASONIC_program.o
 .comment       0x0000000000000050       0x51 ./Src/USART_PROG.o
 .comment       0x0000000000000050       0x51 ./Src/main.o

.debug_frame    0x0000000000000000      0xcf0
 .debug_frame   0x0000000000000000      0x2b8 ./Src/EXTI_program.o
 .debug_frame   0x00000000000002b8       0x88 ./Src/GPIO_program.o
 .debug_frame   0x0000000000000340       0x64 ./Src/MotorDriver_program.o
 .debug_frame   0x00000000000003a4      0x120 ./Src/NVIC_program.o
 .debug_frame   0x00000000000004c4       0xa8 ./Src/RCC_program.o
 .debug_frame   0x000000000000056c      0x108 ./Src/SYSTICK_program.o
 .debug_frame   0x0000000000000674      0x204 ./Src/TIMERx_program.o
 .debug_frame   0x0000000000000878      0x10c ./Src/ULTRASONIC_program.o
 .debug_frame   0x0000000000000984      0x268 ./Src/USART_PROG.o
 .debug_frame   0x0000000000000bec       0x30 ./Src/main.o
 .debug_frame   0x0000000000000c1c       0x2c c:/st/stm32cubeide_1.12.1/stm32cubeide/plugins/com.st.stm32cube.ide.mcu.externaltools.gnu-tools-for-stm32.10.3-2021.10.win32_1.0.200.202301161003/tools/bin/../lib/gcc/arm-none-eabi/10.3.1/../../../../arm-none-eabi/lib/thumb/v7-m/nofp\libc_nano.a(lib_a-init.o)
 .debug_frame   0x0000000000000c48       0x4c c:/st/stm32cubeide_1.12.1/stm32cubeide/plugins/com.st.stm32cube.ide.mcu.externaltools.gnu-tools-for-stm32.10.3-2021.10.win32_1.0.200.202301161003/tools/bin/../lib/gcc/arm-none-eabi/10.3.1/thumb/v7-m/nofp\libgcc.a(_arm_addsubsf3.o)
 .debug_frame   0x0000000000000c94       0x38 c:/st/stm32cubeide_1.12.1/stm32cubeide/plugins/com.st.stm32cube.ide.mcu.externaltools.gnu-tools-for-stm32.10.3-2021.10.win32_1.0.200.202301161003/tools/bin/../lib/gcc/arm-none-eabi/10.3.1/thumb/v7-m/nofp\libgcc.a(_arm_muldivsf3.o)
 .debug_frame   0x0000000000000ccc       0x24 c:/st/stm32cubeide_1.12.1/stm32cubeide/plugins/com.st.stm32cube.ide.mcu.externaltools.gnu-tools-for-stm32.10.3-2021.10.win32_1.0.200.202301161003/tools/bin/../lib/gcc/arm-none-eabi/10.3.1/thumb/v7-m/nofp\libgcc.a(_arm_fixunssfsi.o)
