Archive member included to satisfy reference by file (symbol)

c:/st/stm32cubeide_1.12.1/stm32cubeide/plugins/com.st.stm32cube.ide.mcu.externaltools.gnu-tools-for-stm32.10.3-2021.10.win32_1.0.200.202301161003/tools/bin/../lib/gcc/arm-none-eabi/10.3.1/../../../../arm-none-eabi/lib/thumb/v7-m/nofp\libc_nano.a(lib_a-errno.o)
                              ./Src/syscalls.o (__errno)
c:/st/stm32cubeide_1.12.1/stm32cubeide/plugins/com.st.stm32cube.ide.mcu.externaltools.gnu-tools-for-stm32.10.3-2021.10.win32_1.0.200.202301161003/tools/bin/../lib/gcc/arm-none-eabi/10.3.1/../../../../arm-none-eabi/lib/thumb/v7-m/nofp\libc_nano.a(lib_a-exit.o)
                              c:/st/stm32cubeide_1.12.1/stm32cubeide/plugins/com.st.stm32cube.ide.mcu.externaltools.gnu-tools-for-stm32.10.3-2021.10.win32_1.0.200.202301161003/tools/bin/../lib/gcc/arm-none-eabi/10.3.1/../../../../arm-none-eabi/lib/thumb/v7-m/nofp/crt0.o (exit)
c:/st/stm32cubeide_1.12.1/stm32cubeide/plugins/com.st.stm32cube.ide.mcu.externaltools.gnu-tools-for-stm32.10.3-2021.10.win32_1.0.200.202301161003/tools/bin/../lib/gcc/arm-none-eabi/10.3.1/../../../../arm-none-eabi/lib/thumb/v7-m/nofp\libc_nano.a(lib_a-impure.o)
                              c:/st/stm32cubeide_1.12.1/stm32cubeide/plugins/com.st.stm32cube.ide.mcu.externaltools.gnu-tools-for-stm32.10.3-2021.10.win32_1.0.200.202301161003/tools/bin/../lib/gcc/arm-none-eabi/10.3.1/../../../../arm-none-eabi/lib/thumb/v7-m/nofp\libc_nano.a(lib_a-exit.o) (_global_impure_ptr)
c:/st/stm32cubeide_1.12.1/stm32cubeide/plugins/com.st.stm32cube.ide.mcu.externaltools.gnu-tools-for-stm32.10.3-2021.10.win32_1.0.200.202301161003/tools/bin/../lib/gcc/arm-none-eabi/10.3.1/../../../../arm-none-eabi/lib/thumb/v7-m/nofp\libc_nano.a(lib_a-init.o)
                              c:/st/stm32cubeide_1.12.1/stm32cubeide/plugins/com.st.stm32cube.ide.mcu.externaltools.gnu-tools-for-stm32.10.3-2021.10.win32_1.0.200.202301161003/tools/bin/../lib/gcc/arm-none-eabi/10.3.1/../../../../arm-none-eabi/lib/thumb/v7-m/nofp/crt0.o (__libc_init_array)
c:/st/stm32cubeide_1.12.1/stm32cubeide/plugins/com.st.stm32cube.ide.mcu.externaltools.gnu-tools-for-stm32.10.3-2021.10.win32_1.0.200.202301161003/tools/bin/../lib/gcc/arm-none-eabi/10.3.1/../../../../arm-none-eabi/lib/thumb/v7-m/nofp\libc_nano.a(lib_a-memset.o)
                              c:/st/stm32cubeide_1.12.1/stm32cubeide/plugins/com.st.stm32cube.ide.mcu.externaltools.gnu-tools-for-stm32.10.3-2021.10.win32_1.0.200.202301161003/tools/bin/../lib/gcc/arm-none-eabi/10.3.1/../../../../arm-none-eabi/lib/thumb/v7-m/nofp/crt0.o (memset)
c:/st/stm32cubeide_1.12.1/stm32cubeide/plugins/com.st.stm32cube.ide.mcu.externaltools.gnu-tools-for-stm32.10.3-2021.10.win32_1.0.200.202301161003/tools/bin/../lib/gcc/arm-none-eabi/10.3.1/../../../../arm-none-eabi/lib/thumb/v7-m/nofp\libc_nano.a(lib_a-sprintf.o)
                              ./Src/LCD_prog.o (sprintf)
c:/st/stm32cubeide_1.12.1/stm32cubeide/plugins/com.st.stm32cube.ide.mcu.externaltools.gnu-tools-for-stm32.10.3-2021.10.win32_1.0.200.202301161003/tools/bin/../lib/gcc/arm-none-eabi/10.3.1/../../../../arm-none-eabi/lib/thumb/v7-m/nofp\libc_nano.a(lib_a-nano-svfprintf.o)
                              c:/st/stm32cubeide_1.12.1/stm32cubeide/plugins/com.st.stm32cube.ide.mcu.externaltools.gnu-tools-for-stm32.10.3-2021.10.win32_1.0.200.202301161003/tools/bin/../lib/gcc/arm-none-eabi/10.3.1/../../../../arm-none-eabi/lib/thumb/v7-m/nofp\libc_nano.a(lib_a-sprintf.o) (_svfprintf_r)
c:/st/stm32cubeide_1.12.1/stm32cubeide/plugins/com.st.stm32cube.ide.mcu.externaltools.gnu-tools-for-stm32.10.3-2021.10.win32_1.0.200.202301161003/tools/bin/../lib/gcc/arm-none-eabi/10.3.1/../../../../arm-none-eabi/lib/thumb/v7-m/nofp\libc_nano.a(lib_a-nano-vfprintf_i.o)
                              c:/st/stm32cubeide_1.12.1/stm32cubeide/plugins/com.st.stm32cube.ide.mcu.externaltools.gnu-tools-for-stm32.10.3-2021.10.win32_1.0.200.202301161003/tools/bin/../lib/gcc/arm-none-eabi/10.3.1/../../../../arm-none-eabi/lib/thumb/v7-m/nofp\libc_nano.a(lib_a-nano-svfprintf.o) (_printf_i)
c:/st/stm32cubeide_1.12.1/stm32cubeide/plugins/com.st.stm32cube.ide.mcu.externaltools.gnu-tools-for-stm32.10.3-2021.10.win32_1.0.200.202301161003/tools/bin/../lib/gcc/arm-none-eabi/10.3.1/../../../../arm-none-eabi/lib/thumb/v7-m/nofp\libc_nano.a(lib_a-memchr-stub.o)
                              c:/st/stm32cubeide_1.12.1/stm32cubeide/plugins/com.st.stm32cube.ide.mcu.externaltools.gnu-tools-for-stm32.10.3-2021.10.win32_1.0.200.202301161003/tools/bin/../lib/gcc/arm-none-eabi/10.3.1/../../../../arm-none-eabi/lib/thumb/v7-m/nofp\libc_nano.a(lib_a-nano-svfprintf.o) (memchr)
c:/st/stm32cubeide_1.12.1/stm32cubeide/plugins/com.st.stm32cube.ide.mcu.externaltools.gnu-tools-for-stm32.10.3-2021.10.win32_1.0.200.202301161003/tools/bin/../lib/gcc/arm-none-eabi/10.3.1/../../../../arm-none-eabi/lib/thumb/v7-m/nofp\libc_nano.a(lib_a-memcpy-stub.o)
[...]
Memory Configuration

Name             Origin             Length             Attributes
RAM              0x0000000020000000 0x0000000000002800 xrw
FLASH            0x0000000008000000 0x0000000000008000 xr
*default*        0x0000000000000000 0xffffffffffffffff

Linker script and memory map

LOAD c:/st/stm32cubeide_1.12.1/stm32cubeide/plugins/com.st.stm32cube.ide.mcu.externaltools.gnu-tools-for-stm32.10.3-2021.10.win32_1.0.200.202301161003/tools/bin/../lib/gcc/arm-none-eabi/10.3.1/thumb/v7-m/nofp/crti.o
LOAD c:/st/stm32cubeide_1.12.1/stm32cubeide/plugins/com.st.stm32cube.ide.mcu.externaltools.gnu-tools-for-stm32.10.3-2021.10.win32_1.0.200.202301161003/tools/bin/../lib/gcc/arm-none-eabi/10.3.1/thumb/v7-m/nofp/crtbegin.o
LOAD c:/st/stm32cubeide_1.12.1/stm32cubeide/plugins/com.st.stm32cube.ide.mcu.externaltools.gnu-tools-for-stm32.10.3-2021.10.win32_1.0.200.202301161003/tools/bin/../lib/gcc/arm-none-eabi/10.3.1/../../../../arm-none-eabi/lib/thumb/v7-m/nofp/crt0.o
LOAD ./Src/AFIO_program.o
LOAD ./Src/EXTI_program.o
LOAD ./Src/GPIO_program.o
LOAD ./Src/LCD_private.o
LOAD ./Src/LCD_prog.o
LOAD ./Src/MotorDriver_program.o
LOAD ./Src/NVIC_program.o
LOAD ./Src/RCC_program.o
LOAD ./Src/SYSTICK_program.o
LOAD ./Src/TIMERx_program.o
LOAD ./Src/USART_PROG.o
LOAD ./Src/main.o
LOAD ./Src/syscalls.o
LOAD ./Src/sysmem.o
LOAD ./Startup/startup_stm32f103c6tx.o
START GROUP
LOAD c:/st/stm32cubeide_1.12.1/stm32cubeide/plugins/com.st.stm32cube.ide.mcu.externaltools.gnu-tools-for-stm32.10.3-2021.10.win32_1.0.200.202301161003/tools/bin/../lib/gcc/arm-none-eabi/10.3.1/../../../../arm-none-eabi/lib/thumb/v7-m/nofp\libc_nano.a
LOAD c:/st/stm32cubeide_1.12.1/stm32cubeide/plugins/com.st.stm32cube.ide.mcu.externaltools.gnu-tools-for-stm32.10.3-2021.10.win32_1.0.200.202301161003/tools/bin/../lib/gcc/arm-none-eabi/10.3.1/../../../../arm-none-eabi/lib/thumb/v7-m/nofp\libm.a
END GROUP
START GROUP
LOAD c:/st/stm32cubeide_1.12.1/stm32cubeide/plugins/com.st.stm32cube.ide.mcu.externaltools.gnu-tools-for-stm32.10.3-2021.10.win32_1.0.200.202301161003/tools/bin/../lib/gcc/arm-none-eabi/10.3.1/thumb/v7-m/nofp\libgcc.a
LOAD c:/st/stm32cubeide_1.12.1/stm32cubeide/plugins/com.st.stm32cube.ide.mcu.externaltools.gnu-tools-for-stm32.10.3-2021.10.win32_1.0.200.202301161003/tools/bin/../lib/gcc/arm-none-eabi/10.3.1/../../../../arm-none-eabi/lib/thumb/v7-m/nofp\libc_nano.a
END GROUP
START GROUP
LOAD c:/st/stm32cubeide_1.12.1/stm32cubeide/plugins/com.st.stm32cube.ide.mcu.externaltools.gnu-tools-for-stm32.10.3-2021.10.win32_1.0.200.202301161003/tools/bin/../lib/gcc/arm-none-eabi/10.3.1/thumb/v7-m/nofp\libgcc.a
LOAD c:/st/stm32cubeide_1.12.1/stm32cubeide/plugins/com.st.stm32cube.ide.mcu.externaltools.gnu-tools-for-stm32.10.3-2021.10.win32_1.0.200.202301161003/tools/bin/../lib/gcc/arm-none-eabi/10.3.1/../../../../arm-none-eabi/lib/thumb/v7-m/nofp\libc_nano.a
LOAD c:/st/stm32cubeide_1.12.1/stm32cubeide/plugins/com.st.stm32cube.ide.mcu.externaltools.gnu-tools-for-stm32.10.3-2021.10.win32_1.0.200.202301161003/tools/bin/../lib/gcc/arm-none-eabi/10.3.1/../../../../arm-none-eabi/lib/thumb/v7-m/nofp\libnosys.a
END GROUP
START GROUP
LOAD c:/st/stm32cubeide_1.12.1/stm32cubeide/plugins/com.st.stm32cube.ide.mcu.externaltools.gnu-tools-for-stm32.10.3-2021.10.win32_1.0.200.202301161003/tools/bin/../lib/gcc/arm-none-eabi/10.3.1/thumb/v7-m/nofp\libgcc.a
LOAD c:/st/stm32cubeide_1.12.1/stm32cubeide/plugins/com.st.stm32cube.ide.mcu.externaltools.gnu-tools-for-stm32.10.3-2021.10.win32_1.0.200.202301161003/tools/bin/../lib/gcc/arm-none-eabi/10.3.1/../../../../arm-none-eabi/lib/thumb/v7-m/nofp\libc_nano.a
LOAD c:/st/stm32cubeide_1.12.1/stm32cubeide/plugins/com.st.stm32cube.ide.mcu.externaltools.gnu-tools-for-stm32.10.3-2021.10.win32_1.0.200.202301161003/tools/bin/../lib/gcc/arm-none-eabi/10.3.1/../../../../arm-none-eabi/lib/thumb/v7-m/nofp\libnosys.a
END GROUP
LOAD c:/st/stm32cubeide_1.12.1/stm32cubeide/plugins/com.st.stm32cube.ide.mcu.externaltools.gnu-tools-for-stm32.10.3-2021.10.win32_1.0.200.202301161003/tools/bin/../lib/gcc/arm-none-eabi/10.3.1/thumb/v7-m/nofp/crtend.o
LOAD c:/st/stm32cubeide_1.12.1/stm32cubeide/plugins/com.st.stm32cube.ide.mcu.externaltools.gnu-tools-for-stm32.10.3-2021.10.win32_1.0.200.202301161003/tools/bin/../lib/gcc/arm-none-eabi/10.3.1/thumb/v7-m/nofp/crtn.o
                0x0000000020002800                _estack = (ORIGIN (RAM) + LENGTH (RAM))
                0x0000000000000200                _Min_Heap_Size = 0x200
                0x0000000000000400                _Min_Stack_Size = 0x400

.isr_vector     0x0000000008000000      0x130
                0x0000000008000000                . = ALIGN (0x4)
 *(.isr_vector)
 .isr_vector    0x0000000008000000      0x130 ./Startup/startup_stm32f103c6tx.o
                0x0000000008000000                g_pfnVectors
                0x0000000008000130                . = ALIGN (0x4)

.text           0x0000000008000130     0x1a94
                0x0000000008000130                . = ALIGN (0x4)
 *(.text)
 .text          0x0000000008000130       0x40 c:/st/stm32cubeide_1.12.1/stm32cubeide/plugins/com.st.stm32cube.ide.mcu.externaltools.gnu-tools-for-stm32.10.3-2021.10.win32_1.0.200.202301161003/tools/bin/../lib/gcc/arm-none-eabi/10.3.1/thumb/v7-m/nofp/crtbegin.o
 *(.text*)
 .text.EXTI0_IRQHandler
                0x0000000008000170       0x24 ./Src/EXTI_program.o
                0x0000000008000170                EXTI0_IRQHandler
 .text.EXTI1_IRQHandler
                0x0000000008000194       0x24 ./Src/EXTI_program.o
                0x0000000008000194                EXTI1_IRQHandler
 .text.EXTI2_IRQHandler
                0x00000000080001b8       0x24 ./Src/EXTI_program.o
                0x00000000080001b8                EXTI2_IRQHandler
 .text.EXTI3_IRQHandler
                0x00000000080001dc       0x24 ./Src/EXTI_program.o
                0x00000000080001dc                EXTI3_IRQHandler
 .text.EXTI4_IRQHandler
                0x0000000008000200       0x24 ./Src/EXTI_program.o
                0x0000000008000200                EXTI4_IRQHandler
 .text.MGPIO_voidSetPinMode
                0x0000000008000224      0x1b8 ./Src/GPIO_program.o
                0x0000000008000224                MGPIO_voidSetPinMode
 .text.MGPIO_voidSetPinValue
                0x00000000080003dc      0x100 ./Src/GPIO_program.o
                0x00000000080003dc                MGPIO_voidSetPinValue
 .text.HLCD_voidSendCmd
                0x00000000080004dc      0x12e ./Src/LCD_private.o
                0x00000000080004dc                HLCD_voidSendCmd
 .text.HLCD_voidInit
                0x000000000800060a       0x70 ./Src/LCD_prog.o
                0x000000000800060a                HLCD_voidInit
 .text.HLCD_voidSendData
                0x000000000800067a       0xc8 ./Src/LCD_prog.o
                0x000000000800067a                HLCD_voidSendData
 .text.HLCD_voidDispStr
                0x0000000008000742       0x38 ./Src/LCD_prog.o
                0x0000000008000742                HLCD_voidDispStr
 *fill*         0x000000000800077a        0x2 
 .text.HLCD_voidDispIntNum
                0x000000000800077c       0x68 ./Src/LCD_prog.o
                0x000000000800077c                HLCD_voidDispIntNum
 .text.HLCD_voidClrScreen
                0x00000000080007e4        0xe ./Src/LCD_prog.o
                0x00000000080007e4                HLCD_voidClrScreen
 .text.H_MotorDriver_voidInit
                0x00000000080007f2       0x7c ./Src/MotorDriver_program.o
                0x00000000080007f2                H_MotorDriver_voidInit
 .text.H_MotorDriver_voidForward
                0x000000000800086e       0xe2 ./Src/MotorDriver_program.o
                0x000000000800086e                H_MotorDriver_voidForward
 .text.H_MotorDriver_voidStop
                0x0000000008000950       0xe2 ./Src/MotorDriver_program.o
                0x0000000008000950                H_MotorDriver_voidStop
 *fill*         0x0000000008000a32        0x2 
 .text.MNVIC_voidEnableInterrupt
                0x0000000008000a34       0x44 ./Src/NVIC_program.o
                0x0000000008000a34                MNVIC_voidEnableInterrupt
 .text.MRCC_voidInitSysClock
                0x0000000008000a78       0x54 ./Src/RCC_program.o
                0x0000000008000a78                MRCC_voidInitSysClock
 .text.MRCC_voidEnableClock
                0x0000000008000acc       0x84 ./Src/RCC_program.o
                0x0000000008000acc                MRCC_voidEnableClock
 .text.MSTK_voidInit
                0x0000000008000b50       0x40 ./Src/SYSTICK_program.o
                0x0000000008000b50                MSTK_voidInit
 .text.MSTK_voidSetBusyWait
                0x0000000008000b90       0x60 ./Src/SYSTICK_program.o
                0x0000000008000b90                MSTK_voidSetBusyWait
 .text.MTIMERx_voidInit
                0x0000000008000bf0       0x3a ./Src/TIMERx_program.o
                0x0000000008000bf0                MTIMERx_voidInit
 *fill*         0x0000000008000c2a        0x2 
 .text.MTIMERx_voidPWMSetup
                0x0000000008000c2c      0x154 ./Src/TIMERx_program.o
                0x0000000008000c2c                MTIMERx_voidPWMSetup
 .text.MTIMERx_voidSetPWMDuty
                0x0000000008000d80       0x64 ./Src/TIMERx_program.o
                0x0000000008000d80                MTIMERx_voidSetPWMDuty
 .text.MTIMERx_GetTimerID
                0x0000000008000de4       0x60 ./Src/TIMERx_program.o
                0x0000000008000de4                MTIMERx_GetTimerID
 .text.TIM2_IRQHandler
                0x0000000008000e44       0xec ./Src/TIMERx_program.o
                0x0000000008000e44                TIM2_IRQHandler
 .text.MUSART_VidInit
                0x0000000008000f30       0xc8 ./Src/USART_PROG.o
                0x0000000008000f30                MUSART_VidInit
 .text.MUSART1_u8RecCharSynch
                0x0000000008000ff8       0x64 ./Src/USART_PROG.o
                0x0000000008000ff8                MUSART1_u8RecCharSynch
 .text.USART1_IRQHandler
                0x000000000800105c       0x1c ./Src/USART_PROG.o
                0x000000000800105c                USART1_IRQHandler
 .text.USART2_IRQHandler
                0x0000000008001078       0x1c ./Src/USART_PROG.o
                0x0000000008001078                USART2_IRQHandler
 .text.main     0x0000000008001094      0x110 ./Src/main.o
                0x0000000008001094                main
 .text._sbrk    0x00000000080011a4       0x6c ./Src/sysmem.o
                0x00000000080011a4                _sbrk
 .text.Reset_Handler
                0x0000000008001210       0x50 ./Startup/startup_stm32f103c6tx.o
                0x0000000008001210                Reset_Handler
 .text.Default_Handler
                0x0000000008001260        0x2 ./Startup/startup_stm32f103c6tx.o
                0x0000000008001260                TIM8_TRG_COM_IRQHandler
                0x0000000008001260                TIM8_CC_IRQHandler
                0x0000000008001260                DebugMon_Handler
                0x0000000008001260                TIM1_CC_IRQHandler
                0x0000000008001260                HardFault_Handler
                0x0000000008001260                TIM6_IRQHandler
                0x0000000008001260                SysTick_Handler
                0x0000000008001260                PVD_IRQHandler
                0x0000000008001260                SDIO_IRQHandler
                0x0000000008001260                PendSV_Handler
                0x0000000008001260                NMI_Handler
                0x0000000008001260                USB_HP_CAN_TX_IRQHandler
                0x0000000008001260                I2C2_EV_IRQHandler
                0x0000000008001260                UsageFault_Handler
                0x0000000008001260                ADC1_2_IRQHandler
                0x0000000008001260                SPI1_IRQHandler
                0x0000000008001260                CAN_SCE_IRQHandler
                0x0000000008001260                TAMPER_IRQHandler
                0x0000000008001260                TIM8_UP_IRQHandler
                0x0000000008001260                DMA2_Channel2_IRQHandler
                0x0000000008001260                DMA1_Channel4_IRQHandler
                0x0000000008001260                USART3_IRQHandler
                0x0000000008001260                RTC_IRQHandler
                0x0000000008001260                DMA1_Channel7_IRQHandler
                0x0000000008001260                UART5_IRQHandler
                0x0000000008001260                ADC3_IRQHandler
                0x0000000008001260                TIM4_IRQHandler
                0x0000000008001260                CAN_RX1_IRQHandler
                0x0000000008001260                DMA2_Channel1_IRQHandler
                0x0000000008001260                I2C1_EV_IRQHandler
                0x0000000008001260                DMA1_Channel6_IRQHandler
                0x0000000008001260                UART4_IRQHandler
                0x0000000008001260                TIM3_IRQHandler
                0x0000000008001260                RCC_IRQHandler
                0x0000000008001260                TIM1_TRG_COM_IRQHandler
                0x0000000008001260                DMA1_Channel1_IRQHandler
                0x0000000008001260                Default_Handler
                0x0000000008001260                EXTI15_10_IRQHandler
                0x0000000008001260                TIM7_IRQHandler
                0x0000000008001260                TIM5_IRQHandler
                0x0000000008001260                EXTI9_5_IRQHandler
                0x0000000008001260                SPI2_IRQHandler
                0x0000000008001260                USB_LP_CAN_RX0_IRQHandler
                0x0000000008001260                MemManage_Handler
                0x0000000008001260                SVC_Handler
                0x0000000008001260                DMA1_Channel5_IRQHandler
                0x0000000008001260                DMA1_Channel3_IRQHandler
                0x0000000008001260                FSMC_IRQHandler
                0x0000000008001260                TIM1_UP_IRQHandler
                0x0000000008001260                WWDG_IRQHandler
                0x0000000008001260                TIM1_BRK_IRQHandler
                0x0000000008001260                RTCAlarm_IRQHandler
                0x0000000008001260                DMA2_Channel4_5_IRQHandler
                0x0000000008001260                I2C2_ER_IRQHandler
                0x0000000008001260                DMA1_Channel2_IRQHandler
                0x0000000008001260                TIM8_BRK_IRQHandler
                0x0000000008001260                FLASH_IRQHandler
                0x0000000008001260                BusFault_Handler
                0x0000000008001260                SPI3_IRQHandler
                0x0000000008001260                I2C1_ER_IRQHandler
                0x0000000008001260                DMA2_Channel3_IRQHandler
 *fill*         0x0000000008001262        0x2 
 .text.__errno  0x0000000008001264        0xc c:/st/stm32cubeide_1.12.1/stm32cubeide/plugins/com.st.stm32cube.ide.mcu.externaltools.gnu-tools-for-stm32.10.3-2021.10.win32_1.0.200.202301161003/tools/bin/../lib/gcc/arm-none-eabi/10.3.1/../../../../arm-none-eabi/lib/thumb/v7-m/nofp\libc_nano.a(lib_a-errno.o)
                0x0000000008001264                __errno
 .text.__libc_init_array
                0x0000000008001270       0x48 c:/st/stm32cubeide_1.12.1/stm32cubeide/plugins/com.st.stm32cube.ide.mcu.externaltools.gnu-tools-for-stm32.10.3-2021.10.win32_1.0.200.202301161003/tools/bin/../lib/gcc/arm-none-eabi/10.3.1/../../../../arm-none-eabi/lib/thumb/v7-m/nofp\libc_nano.a(lib_a-init.o)
                0x0000000008001270                __libc_init_array
 .text.sprintf  0x00000000080012b8       0x40 c:/st/stm32cubeide_1.12.1/stm32cubeide/plugins/com.st.stm32cube.ide.mcu.externaltools.gnu-tools-for-stm32.10.3-2021.10.win32_1.0.200.202301161003/tools/bin/../lib/gcc/arm-none-eabi/10.3.1/../../../../arm-none-eabi/lib/thumb/v7-m/nofp\libc_nano.a(lib_a-sprintf.o)
                0x00000000080012b8                siprintf
                0x00000000080012b8                sprintf
 .text.__ssputs_r
                0x00000000080012f8       0xb6 c:/st/stm32cubeide_1.12.1/stm32cubeide/plugins/com.st.stm32cube.ide.mcu.externaltools.gnu-tools-for-stm32.10.3-2021.10.win32_1.0.200.202301161003/tools/bin/../lib/gcc/arm-none-eabi/10.3.1/../../../../arm-none-eabi/lib/thumb/v7-m/nofp\libc_nano.a(lib_a-nano-svfprintf.o)
                0x00000000080012f8                __ssputs_r
 *fill*         0x00000000080013ae        0x2 
 .text._svfprintf_r
                0x00000000080013b0      0x200 c:/st/stm32cubeide_1.12.1/stm32cubeide/plugins/com.st.stm32cube.ide.mcu.externaltools.gnu-tools-for-stm32.10.3-2021.10.win32_1.0.200.202301161003/tools/bin/../lib/gcc/arm-none-eabi/10.3.1/../../../../arm-none-eabi/lib/thumb/v7-m/nofp\libc_nano.a(lib_a-nano-svfprintf.o)
                0x00000000080013b0                _svfiprintf_r
                0x00000000080013b0                _svfprintf_r
 .text._printf_common
                0x00000000080015b0       0xde c:/st/stm32cubeide_1.12.1/stm32cubeide/plugins/com.st.stm32cube.ide.mcu.externaltools.gnu-tools-for-stm32.10.3-2021.10.win32_1.0.200.202301161003/tools/bin/../lib/gcc/arm-none-eabi/10.3.1/../../../../arm-none-eabi/lib/thumb/v7-m/nofp\libc_nano.a(lib_a-nano-vfprintf_i.o)
                0x00000000080015b0                _printf_common
 *fill*         0x000000000800168e        0x2 
 .text._printf_i
                0x0000000008001690      0x24c c:/st/stm32cubeide_1.12.1/stm32cubeide/plugins/com.st.stm32cube.ide.mcu.externaltools.gnu-tools-for-stm32.10.3-2021.10.win32_1.0.200.202301161003/tools/bin/../lib/gcc/arm-none-eabi/10.3.1/../../../../arm-none-eabi/lib/thumb/v7-m/nofp\libc_nano.a(lib_a-nano-vfprintf_i.o)
                0x0000000008001690                _printf_i
 .text.memchr   0x00000000080018dc       0x1c c:/st/stm32cubeide_1.12.1/stm32cubeide/plugins/com.st.stm32cube.ide.mcu.externaltools.gnu-tools-for-stm32.10.3-2021.10.win32_1.0.200.202301161003/tools/bin/../lib/gcc/arm-none-eabi/10.3.1/../../../../arm-none-eabi/lib/thumb/v7-m/nofp\libc_nano.a(lib_a-memchr-stub.o)
                0x00000000080018dc                memchr
 .text.memcpy   0x00000000080018f8       0x1c c:/st/stm32cubeide_1.12.1/stm32cubeide/plugins/com.st.stm32cube.ide.mcu.externaltools.gnu-tools-for-stm32.10.3-2021.10.win32_1.0.200.202301161003/tools/bin/../lib/gcc/arm-none-eabi/10.3.1/../../../../arm-none-eabi/lib/thumb/v7-m/nofp\libc_nano.a(lib_a-memcpy-stub.o)
                0x00000000080018f8                memcpy
 .text.memmove  0x0000000008001914       0x34 c:/st/stm32cubeide_1.12.1/stm32cubeide/plugins/com.st.stm32cube.ide.mcu.externaltools.gnu-tools-for-stm32.10.3-2021.10.win32_1.0.200.202301161003/tools/bin/../lib/gcc/arm-none-eabi/10.3.1/../../../../arm-none-eabi/lib/thumb/v7-m/nofp\libc_nano.a(lib_a-memmove.o)
                0x0000000008001914                memmove
 .text._free_r  0x0000000008001948       0x90 c:/st/stm32cubeide_1.12.1/stm32cubeide/plugins/com.st.stm32cube.ide.mcu.externaltools.gnu-tools-for-stm32.10.3-2021.10.win32_1.0.200.202301161003/tools/bin/../lib/gcc/arm-none-eabi/10.3.1/../../../../arm-none-eabi/lib/thumb/v7-m/nofp\libc_nano.a(lib_a-nano-freer.o)
                0x0000000008001948                _free_r
 .text.sbrk_aligned
                0x00000000080019d8       0x40 c:/st/stm32cubeide_1.12.1/stm32cubeide/plugins/com.st.stm32cube.ide.mcu.externaltools.gnu-tools-for-stm32.10.3-2021.10.win32_1.0.200.202301161003/tools/bin/../lib/gcc/arm-none-eabi/10.3.1/../../../../arm-none-eabi/lib/thumb/v7-m/nofp\libc_nano.a(lib_a-nano-mallocr.o)
 .text._malloc_r
                0x0000000008001a18       0xe8 c:/st/stm32cubeide_1.12.1/stm32cubeide/plugins/com.st.stm32cube.ide.mcu.externaltools.gnu-tools-for-stm32.10.3-2021.10.win32_1.0.200.202301161003/tools/bin/../lib/gcc/arm-none-eabi/10.3.1/../../../../arm-none-eabi/lib/thumb/v7-m/nofp\libc_nano.a(lib_a-nano-mallocr.o)
                0x0000000008001a18                _malloc_r
 .text._realloc_r
                0x0000000008001b00       0x5e c:/st/stm32cubeide_1.12.1/stm32cubeide/plugins/com.st.stm32cube.ide.mcu.externaltools.gnu-tools-for-stm32.10.3-2021.10.win32_1.0.200.202301161003/tools/bin/../lib/gcc/arm-none-eabi/10.3.1/../../../../arm-none-eabi/lib/thumb/v7-m/nofp\libc_nano.a(lib_a-nano-reallocr.o)
                0x0000000008001b00                _realloc_r
 *fill*         0x0000000008001b5e        0x2 
 .text._sbrk_r  0x0000000008001b60       0x20 c:/st/stm32cubeide_1.12.1/stm32cubeide/plugins/com.st.stm32cube.ide.mcu.externaltools.gnu-tools-for-stm32.10.3-2021.10.win32_1.0.200.202301161003/tools/bin/../lib/gcc/arm-none-eabi/10.3.1/../../../../arm-none-eabi/lib/thumb/v7-m/nofp\libc_nano.a(lib_a-sbrkr.o)
                0x0000000008001b60                _sbrk_r
 .text.__malloc_lock
                0x0000000008001b80        0xc c:/st/stm32cubeide_1.12.1/stm32cubeide/plugins/com.st.stm32cube.ide.mcu.externaltools.gnu-tools-for-stm32.10.3-2021.10.win32_1.0.200.202301161003/tools/bin/../lib/gcc/arm-none-eabi/10.3.1/../../../../arm-none-eabi/lib/thumb/v7-m/nofp\libc_nano.a(lib_a-mlock.o)
                0x0000000008001b80                __malloc_lock
 .text.__malloc_unlock
                0x0000000008001b8c        0xc c:/st/stm32cubeide_1.12.1/stm32cubeide/plugins/com.st.stm32cube.ide.mcu.externaltools.gnu-tools-for-stm32.10.3-2021.10.win32_1.0.200.202301161003/tools/bin/../lib/gcc/arm-none-eabi/10.3.1/../../../../arm-none-eabi/lib/thumb/v7-m/nofp\libc_nano.a(lib_a-mlock.o)
                0x0000000008001b8c                __malloc_unlock
 .text._malloc_usable_size_r
                0x0000000008001b98       0x10 c:/st/stm32cubeide_1.12.1/stm32cubeide/plugins/com.st.stm32cube.ide.mcu.externaltools.gnu-tools-for-stm32.10.3-2021.10.win32_1.0.200.202301161003/tools/bin/../lib/gcc/arm-none-eabi/10.3.1/../../../../arm-none-eabi/lib/thumb/v7-m/nofp\libc_nano.a(lib_a-nano-msizer.o)
                0x0000000008001b98                _malloc_usable_size_r
 .text.__retarget_lock_acquire_recursive
                0x0000000008001ba8        0x2 c:/st/stm32cubeide_1.12.1/stm32cubeide/plugins/com.st.stm32cube.ide.mcu.externaltools.gnu-tools-for-stm32.10.3-2021.10.win32_1.0.200.202301161003/tools/bin/../lib/gcc/arm-none-eabi/10.3.1/../../../../arm-none-eabi/lib/thumb/v7-m/nofp\libc_nano.a(lib_a-lock.o)
                0x0000000008001ba8                __retarget_lock_acquire_recursive
 .text.__retarget_lock_release_recursive
                0x0000000008001baa        0x2 c:/st/stm32cubeide_1.12.1/stm32cubeide/plugins/com.st.stm32cube.ide.mcu.externaltools.gnu-tools-for-stm32.10.3-2021.10.win32_1.0.200.202301161003/tools/bin/../lib/gcc/arm-none-eabi/10.3.1/../../../../arm-none-eabi/lib/thumb/v7-m/nofp\libc_nano.a(lib_a-lock.o)
                0x0000000008001baa                __retarget_lock_release_recursive
 *(.glue_7)
 .glue_7        0x0000000008001bac        0x0 linker stubs
 *(.glue_7t)
 .glue_7t       0x0000000008001bac        0x0 linker stubs
 *(.eh_frame)
 .eh_frame      0x0000000008001bac        0x0 c:/st/stm32cubeide_1.12.1/stm32cubeide/plugins/com.st.stm32cube.ide.mcu.externaltools.gnu-tools-for-stm32.10.3-2021.10.win32_1.0.200.202301161003/tools/bin/../lib/gcc/arm-none-eabi/10.3.1/thumb/v7-m/nofp/crtbegin.o
 *(.init)
 .init          0x0000000008001bac        0x4 c:/st/stm32cubeide_1.12.1/stm32cubeide/plugins/com.st.stm32cube.ide.mcu.externaltools.gnu-tools-for-stm32.10.3-2021.10.win32_1.0.200.202301161003/tools/bin/../lib/gcc/arm-none-eabi/10.3.1/thumb/v7-m/nofp/crti.o
                0x0000000008001bac                _init
 .init          0x0000000008001bb0        0x8 c:/st/stm32cubeide_1.12.1/stm32cubeide/plugins/com.st.stm32cube.ide.mcu.externaltools.gnu-tools-for-stm32.10.3-2021.10.win32_1.0.200.202301161003/tools/bin/../lib/gcc/arm-none-eabi/10.3.1/thumb/v7-m/nofp/crtn.o
 *(.fini)
 .fini          0x0000000008001bb8        0x4 c:/st/stm32cubeide_1.12.1/stm32cubeide/plugins/com.st.stm32cube.ide.mcu.externaltools.gnu-tools-for-stm32.10.3-2021.10.win32_1.0.200.202301161003/tools/bin/../lib/gcc/arm-none-eabi/10.3.1/thumb/v7-m/nofp/crti.o
                0x0000000008001bb8                _fini
 .fini          0x0000000008001bbc        0x8 c:/st/stm32cubeide_1.12.1/stm32cubeide/plugins/com.st.stm32cube.ide.mcu.externaltools.gnu-tools-for-stm32.10.3-2021.10.win32_1.0.200.202301161003/tools/bin/../lib/gcc/arm-none-eabi/10.3.1/thumb/v7-m/nofp/crtn.o
                0x0000000008001bc4                . = ALIGN (0x4)
                0x0000000008001bc4                _etext = .

.vfp11_veneer   0x0000000008001bc4        0x0
 .vfp11_veneer  0x0000000008001bc4        0x0 linker stubs

.v4_bx          0x0000000008001bc4        0x0
 .v4_bx         0x0000000008001bc4        0x0 linker stubs

.iplt           0x0000000008001bc4        0x0
 .iplt          0x0000000008001bc4        0x0 c:/st/stm32cubeide_1.12.1/stm32cubeide/plugins/com.st.stm32cube.ide.mcu.externaltools.gnu-tools-for-stm32.10.3-2021.10.win32_1.0.200.202301161003/tools/bin/../lib/gcc/arm-none-eabi/10.3.1/thumb/v7-m/nofp/crtbegin.o

.rodata         0x0000000008001bc4       0x48
                0x0000000008001bc4                . = ALIGN (0x4)
 *(.rodata)
 .rodata        0x0000000008001bc4       0x13 ./Src/LCD_prog.o
 *(.rodata*)
 .rodata._svfprintf_r.str1.1
                0x0000000008001bd7       0x11 c:/st/stm32cubeide_1.12.1/stm32cubeide/plugins/com.st.stm32cube.ide.mcu.externaltools.gnu-tools-for-stm32.10.3-2021.10.win32_1.0.200.202301161003/tools/bin/../lib/gcc/arm-none-eabi/10.3.1/../../../../arm-none-eabi/lib/thumb/v7-m/nofp\libc_nano.a(lib_a-nano-svfprintf.o)
 .rodata._printf_i.str1.1
                0x0000000008001be8       0x22 c:/st/stm32cubeide_1.12.1/stm32cubeide/plugins/com.st.stm32cube.ide.mcu.externaltools.gnu-tools-for-stm32.10.3-2021.10.win32_1.0.200.202301161003/tools/bin/../lib/gcc/arm-none-eabi/10.3.1/../../../../arm-none-eabi/lib/thumb/v7-m/nofp\libc_nano.a(lib_a-nano-vfprintf_i.o)
                0x0000000008001c0c                . = ALIGN (0x4)
 *fill*         0x0000000008001c0a        0x2 

.rel.dyn        0x0000000008001c0c        0x0
 .rel.iplt      0x0000000008001c0c        0x0 c:/st/stm32cubeide_1.12.1/stm32cubeide/plugins/com.st.stm32cube.ide.mcu.externaltools.gnu-tools-for-stm32.10.3-2021.10.win32_1.0.200.202301161003/tools/bin/../lib/gcc/arm-none-eabi/10.3.1/thumb/v7-m/nofp/crtbegin.o

.ARM.extab      0x0000000008001c0c        0x0
                0x0000000008001c0c                . = ALIGN (0x4)
 *(.ARM.extab* .gnu.linkonce.armextab.*)
                0x0000000008001c0c                . = ALIGN (0x4)

.ARM            0x0000000008001c0c        0x0
                0x0000000008001c0c                . = ALIGN (0x4)
                0x0000000008001c0c                __exidx_start = .
 *(.ARM.exidx*)
                0x0000000008001c0c                __exidx_end = .
                0x0000000008001c0c                . = ALIGN (0x4)

.preinit_array  0x0000000008001c0c        0x0
                0x0000000008001c0c                . = ALIGN (0x4)
                0x0000000008001c0c                PROVIDE (__preinit_array_start = .)
 *(.preinit_array*)
                0x0000000008001c0c                PROVIDE (__preinit_array_end = .)
                0x0000000008001c0c                . = ALIGN (0x4)

.init_array     0x0000000008001c0c        0x4
                0x0000000008001c0c                . = ALIGN (0x4)
                0x0000000008001c0c                PROVIDE (__init_array_start = .)
 *(SORT_BY_NAME(.init_array.*))
 *(.init_array*)
 .init_array    0x0000000008001c0c        0x4 c:/st/stm32cubeide_1.12.1/stm32cubeide/plugins/com.st.stm32cube.ide.mcu.externaltools.gnu-tools-for-stm32.10.3-2021.10.win32_1.0.200.202301161003/tools/bin/../lib/gcc/arm-none-eabi/10.3.1/thumb/v7-m/nofp/crtbegin.o
                0x0000000008001c10                PROVIDE (__init_array_end = .)
                0x0000000008001c10                . = ALIGN (0x4)

.fini_array     0x0000000008001c10        0x4
                0x0000000008001c10                . = ALIGN (0x4)
                [!provide]                        PROVIDE (__fini_array_start = .)
 *(SORT_BY_NAME(.fini_array.*))
 *(.fini_array*)
 .fini_array    0x0000000008001c10        0x4 c:/st/stm32cubeide_1.12.1/stm32cubeide/plugins/com.st.stm32cube.ide.mcu.externaltools.gnu-tools-for-stm32.10.3-2021.10.win32_1.0.200.202301161003/tools/bin/../lib/gcc/arm-none-eabi/10.3.1/thumb/v7-m/nofp/crtbegin.o
                [!provide]                        PROVIDE (__fini_array_end = .)
                0x0000000008001c14                . = ALIGN (0x4)
                0x0000000008001c14                _sidata = LOADADDR (.data)

.data           0x0000000020000000       0x64 load address 0x0000000008001c14
                0x0000000020000000                . = ALIGN (0x4)
                0x0000000020000000                _sdata = .
 *(.data)
 *(.data*)
 .data._impure_ptr
                0x0000000020000000        0x4 c:/st/stm32cubeide_1.12.1/stm32cubeide/plugins/com.st.stm32cube.ide.mcu.externaltools.gnu-tools-for-stm32.10.3-2021.10.win32_1.0.200.202301161003/tools/bin/../lib/gcc/arm-none-eabi/10.3.1/../../../../arm-none-eabi/lib/thumb/v7-m/nofp\libc_nano.a(lib_a-impure.o)
                0x0000000020000000                _impure_ptr
 .data.impure_data
                0x0000000020000004       0x60 c:/st/stm32cubeide_1.12.1/stm32cubeide/plugins/com.st.stm32cube.ide.mcu.externaltools.gnu-tools-for-stm32.10.3-2021.10.win32_1.0.200.202301161003/tools/bin/../lib/gcc/arm-none-eabi/10.3.1/../../../../arm-none-eabi/lib/thumb/v7-m/nofp\libc_nano.a(lib_a-impure.o)
 *(.RamFunc)
 *(.RamFunc*)
                0x0000000020000064                . = ALIGN (0x4)
                0x0000000020000064                _edata = .

.igot.plt       0x0000000020000064        0x0 load address 0x0000000008001c78
 .igot.plt      0x0000000020000064        0x0 c:/st/stm32cubeide_1.12.1/stm32cubeide/plugins/com.st.stm32cube.ide.mcu.externaltools.gnu-tools-for-stm32.10.3-2021.10.win32_1.0.200.202301161003/tools/bin/../lib/gcc/arm-none-eabi/10.3.1/thumb/v7-m/nofp/crtbegin.o
                0x0000000020000064                . = ALIGN (0x4)

.bss            0x0000000020000064       0xbc load address 0x0000000008001c78
                0x0000000020000064                _sbss = .
                0x0000000020000064                __bss_start__ = _sbss
 *(.bss)
 .bss           0x0000000020000064       0x1c c:/st/stm32cubeide_1.12.1/stm32cubeide/plugins/com.st.stm32cube.ide.mcu.externaltools.gnu-tools-for-stm32.10.3-2021.10.win32_1.0.200.202301161003/tools/bin/../lib/gcc/arm-none-eabi/10.3.1/thumb/v7-m/nofp/crtbegin.o
 *(.bss*)
 .bss.EXTI_CallBack
                0x0000000020000080       0x40 ./Src/EXTI_program.o
 .bss.input_capture_callback
                0x00000000200000c0       0x40 ./Src/TIMERx_program.o
 .bss.ovf_callback
                0x0000000020000100        0x4 ./Src/TIMERx_program.o
 .bss.MUSART1_CallBack
                0x0000000020000104        0x4 ./Src/USART_PROG.o
                0x0000000020000104                MUSART1_CallBack
 .bss.MUSART3_CallBack
                0x0000000020000108        0x4 ./Src/USART_PROG.o
                0x0000000020000108                MUSART3_CallBack
 .bss.__sbrk_heap_end
                0x000000002000010c        0x4 ./Src/sysmem.o
 .bss.__malloc_free_list
                0x0000000020000110        0x4 c:/st/stm32cubeide_1.12.1/stm32cubeide/plugins/com.st.stm32cube.ide.mcu.externaltools.gnu-tools-for-stm32.10.3-2021.10.win32_1.0.200.202301161003/tools/bin/../lib/gcc/arm-none-eabi/10.3.1/../../../../arm-none-eabi/lib/thumb/v7-m/nofp\libc_nano.a(lib_a-nano-mallocr.o)
                0x0000000020000110                __malloc_free_list
 .bss.__malloc_sbrk_start
                0x0000000020000114        0x4 c:/st/stm32cubeide_1.12.1/stm32cubeide/plugins/com.st.stm32cube.ide.mcu.externaltools.gnu-tools-for-stm32.10.3-2021.10.win32_1.0.200.202301161003/tools/bin/../lib/gcc/arm-none-eabi/10.3.1/../../../../arm-none-eabi/lib/thumb/v7-m/nofp\libc_nano.a(lib_a-nano-mallocr.o)
                0x0000000020000114                __malloc_sbrk_start
 .bss.errno     0x0000000020000118        0x4 c:/st/stm32cubeide_1.12.1/stm32cubeide/plugins/com.st.stm32cube.ide.mcu.externaltools.gnu-tools-for-stm32.10.3-2021.10.win32_1.0.200.202301161003/tools/bin/../lib/gcc/arm-none-eabi/10.3.1/../../../../arm-none-eabi/lib/thumb/v7-m/nofp\libc_nano.a(lib_a-reent.o)
                0x0000000020000118                errno
 .bss.__lock___malloc_recursive_mutex
                0x000000002000011c        0x1 c:/st/stm32cubeide_1.12.1/stm32cubeide/plugins/com.st.stm32cube.ide.mcu.externaltools.gnu-tools-for-stm32.10.3-2021.10.win32_1.0.200.202301161003/tools/bin/../lib/gcc/arm-none-eabi/10.3.1/../../../../arm-none-eabi/lib/thumb/v7-m/nofp\libc_nano.a(lib_a-lock.o)
                0x000000002000011c                __lock___malloc_recursive_mutex
 *(COMMON)
                0x0000000020000120                . = ALIGN (0x4)
 *fill*         0x000000002000011d        0x3 
                0x0000000020000120                _ebss = .
                0x0000000020000120                __bss_end__ = _ebss

._user_heap_stack
                0x0000000020000120      0x600 load address 0x0000000008001c78
                0x0000000020000120                . = ALIGN (0x8)
                [!provide]                        PROVIDE (end = .)
                0x0000000020000120                PROVIDE (_end = .)
                0x0000000020000320                . = (. + _Min_Heap_Size)
 *fill*         0x0000000020000120      0x200 
                0x0000000020000720                . = (. + _Min_Stack_Size)
 *fill*         0x0000000020000320      0x400 
                0x0000000020000720                . = ALIGN (0x8)

/DISCARD/
 libc.a(*)
 libm.a(*)
 libgcc.a(*)

.ARM.attributes
                0x0000000000000000       0x29
 *(.ARM.attributes)
 .ARM.attributes
                0x0000000000000000       0x1d c:/st/stm32cubeide_1.12.1/stm32cubeide/plugins/com.st.stm32cube.ide.mcu.externaltools.gnu-tools-for-stm32.10.3-2021.10.win32_1.0.200.202301161003/tools/bin/../lib/gcc/arm-none-eabi/10.3.1/thumb/v7-m/nofp/crti.o
 .ARM.attributes
                0x000000000000001d       0x2d c:/st/stm32cubeide_1.12.1/stm32cubeide/plugins/com.st.stm32cube.ide.mcu.externaltools.gnu-tools-for-stm32.10.3-2021.10.win32_1.0.200.202301161003/tools/bin/../lib/gcc/arm-none-eabi/10.3.1/thumb/v7-m/nofp/crtbegin.o
 .ARM.attributes
                0x000000000000004a       0x2d ./Src/EXTI_program.o
 .ARM.attributes
                0x0000000000000077       0x2d ./Src/GPIO_program.o
 .ARM.attributes
                0x00000000000000a4       0x2d ./Src/LCD_private.o
 .ARM.attributes
                0x00000000000000d1       0x2d ./Src/LCD_prog.o
 .ARM.attributes
                0x00000000000000fe       0x2d ./Src/MotorDriver_program.o
 .ARM.attributes
                0x000000000000012b       0x2d ./Src/NVIC_program.o
 .ARM.attributes
                0x0000000000000158       0x2d ./Src/RCC_program.o
 .ARM.attributes
                0x0000000000000185       0x2d ./Src/SYSTICK_program.o
 .ARM.attributes
                0x00000000000001b2       0x2d ./Src/TIMERx_program.o
 .ARM.attributes
                0x00000000000001df       0x2d ./Src/USART_PROG.o
 .ARM.attributes
                0x000000000000020c       0x2d ./Src/main.o
 .ARM.attributes
                0x0000000000000239       0x2d ./Src/sysmem.o
 .ARM.attributes
                0x0000000000000266       0x21 ./Startup/startup_stm32f103c6tx.o
 .ARM.attributes
                0x0000000000000287       0x2d c:/st/stm32cubeide_1.12.1/stm32cubeide/plugins/com.st.stm32cube.ide.mcu.externaltools.gnu-tools-for-stm32.10.3-2021.10.win32_1.0.200.202301161003/tools/bin/../lib/gcc/arm-none-eabi/10.3.1/../../../../arm-none-eabi/lib/thumb/v7-m/nofp\libc_nano.a(lib_a-errno.o)
 .ARM.attributes
                0x00000000000002b4       0x2d c:/st/stm32cubeide_1.12.1/stm32cubeide/plugins/com.st.stm32cube.ide.mcu.externaltools.gnu-tools-for-stm32.10.3-2021.10.win32_1.0.200.202301161003/tools/bin/../lib/gcc/arm-none-eabi/10.3.1/../../../../arm-none-eabi/lib/thumb/v7-m/nofp\libc_nano.a(lib_a-impure.o)
 .ARM.attributes
                0x00000000000002e1       0x2d c:/st/stm32cubeide_1.12.1/stm32cubeide/plugins/com.st.stm32cube.ide.mcu.externaltools.gnu-tools-for-stm32.10.3-2021.10.win32_1.0.200.202301161003/tools/bin/../lib/gcc/arm-none-eabi/10.3.1/../../../../arm-none-eabi/lib/thumb/v7-m/nofp\libc_nano.a(lib_a-init.o)
 .ARM.attributes
                0x000000000000030e       0x2d c:/st/stm32cubeide_1.12.1/stm32cubeide/plugins/com.st.stm32cube.ide.mcu.externaltools.gnu-tools-for-stm32.10.3-2021.10.win32_1.0.200.202301161003/tools/bin/../lib/gcc/arm-none-eabi/10.3.1/../../../../arm-none-eabi/lib/thumb/v7-m/nofp\libc_nano.a(lib_a-sprintf.o)
 .ARM.attributes
                0x000000000000033b       0x2d c:/st/stm32cubeide_1.12.1/stm32cubeide/plugins/com.st.stm32cube.ide.mcu.externaltools.gnu-tools-for-stm32.10.3-2021.10.win32_1.0.200.202301161003/tools/bin/../lib/gcc/arm-none-eabi/10.3.1/../../../../arm-none-eabi/lib/thumb/v7-m/nofp\libc_nano.a(lib_a-nano-svfprintf.o)
 .ARM.attributes
                0x0000000000000368       0x2d c:/st/stm32cubeide_1.12.1/stm32cubeide/plugins/com.st.stm32cube.ide.mcu.externaltools.gnu-tools-for-stm32.10.3-2021.10.win32_1.0.200.202301161003/tools/bin/../lib/gcc/arm-none-eabi/10.3.1/../../../../arm-none-eabi/lib/thumb/v7-m/nofp\libc_nano.a(lib_a-nano-vfprintf_i.o)
 .ARM.attributes
                0x0000000000000395       0x2d c:/st/stm32cubeide_1.12.1/stm32cubeide/plugins/com.st.stm32cube.ide.mcu.externaltools.gnu-tools-for-stm32.10.3-2021.10.win32_1.0.200.202301161003/tools/bin/../lib/gcc/arm-none-eabi/10.3.1/../../../../arm-none-eabi/lib/thumb/v7-m/nofp\libc_nano.a(lib_a-memchr-stub.o)
 .ARM.attributes
                0x00000000000003c2       0x2d c:/st/stm32cubeide_1.12.1/stm32cubeide/plugins/com.st.stm32cube.ide.mcu.externaltools.gnu-tools-for-stm32.10.3-2021.10.win32_1.0.200.202301161003/tools/bin/../lib/gcc/arm-none-eabi/10.3.1/../../../../arm-none-eabi/lib/thumb/v7-m/nofp\libc_nano.a(lib_a-memcpy-stub.o)
 .ARM.attributes
                0x00000000000003ef       0x2d c:/st/stm32cubeide_1.12.1/stm32cubeide/plugins/com.st.stm32cube.ide.mcu.externaltools.gnu-tools-for-stm32.10.3-2021.10.win32_1.0.200.202301161003/tools/bin/../lib/gcc/arm-none-eabi/10.3.1/../../../../arm-none-eabi/lib/thumb/v7-m/nofp\libc_nano.a(lib_a-memmove.o)
 .ARM.attributes
                0x000000000000041c       0x2d c:/st/stm32cubeide_1.12.1/stm32cubeide/plugins/com.st.stm32cube.ide.mcu.externaltools.gnu-tools-for-stm32.10.3-2021.10.win32_1.0.200.202301161003/tools/bin/../lib/gcc/arm-none-eabi/10.3.1/../../../../arm-none-eabi/lib/thumb/v7-m/nofp\libc_nano.a(lib_a-nano-freer.o)
 .ARM.attributes
                0x0000000000000449       0x2d c:/st/stm32cubeide_1.12.1/stm32cubeide/plugins/com.st.stm32cube.ide.mcu.externaltools.gnu-tools-for-stm32.10.3-2021.10.win32_1.0.200.202301161003/tools/bin/../lib/gcc/arm-none-eabi/10.3.1/../../../../arm-none-eabi/lib/thumb/v7-m/nofp\libc_nano.a(lib_a-nano-mallocr.o)
 .ARM.attributes
                0x0000000000000476       0x2d c:/st/stm32cubeide_1.12.1/stm32cubeide/plugins/com.st.stm32cube.ide.mcu.externaltools.gnu-tools-for-stm32.10.3-2021.10.win32_1.0.200.202301161003/tools/bin/../lib/gcc/arm-none-eabi/10.3.1/../../../../arm-none-eabi/lib/thumb/v7-m/nofp\libc_nano.a(lib_a-nano-reallocr.o)
 .ARM.attributes
                0x00000000000004a3       0x2d c:/st/stm32cubeide_1.12.1/stm32cubeide/plugins/com.st.stm32cube.ide.mcu.externaltools.gnu-tools-for-stm32.10.3-2021.10.win32_1.0.200.202301161003/tools/bin/../lib/gcc/arm-none-eabi/10.3.1/../../../../arm-none-eabi/lib/thumb/v7-m/nofp\libc_nano.a(lib_a-sbrkr.o)
 .ARM.attributes
                0x00000000000004d0       0x2d c:/st/stm32cubeide_1.12.1/stm32cubeide/plugins/com.st.stm32cube.ide.mcu.externaltools.gnu-tools-for-stm32.10.3-2021.10.win32_1.0.200.202301161003/tools/bin/../lib/gcc/arm-none-eabi/10.3.1/../../../../arm-none-eabi/lib/thumb/v7-m/nofp\libc_nano.a(lib_a-mlock.o)
 .ARM.attributes
                0x00000000000004fd       0x2d c:/st/stm32cubeide_1.12.1/stm32cubeide/plugins/com.st.stm32cube.ide.mcu.externaltools.gnu-tools-for-stm32.10.3-2021.10.win32_1.0.200.202301161003/tools/bin/../lib/gcc/arm-none-eabi/10.3.1/../../../../arm-none-eabi/lib/thumb/v7-m/nofp\libc_nano.a(lib_a-nano-msizer.o)
 .ARM.attributes
                0x000000000000052a       0x2d c:/st/stm32cubeide_1.12.1/stm32cubeide/plugins/com.st.stm32cube.ide.mcu.externaltools.gnu-tools-for-stm32.10.3-2021.10.win32_1.0.200.202301161003/tools/bin/../lib/gcc/arm-none-eabi/10.3.1/../../../../arm-none-eabi/lib/thumb/v7-m/nofp\libc_nano.a(lib_a-reent.o)
 .ARM.attributes
                0x0000000000000557       0x2d c:/st/stm32cubeide_1.12.1/stm32cubeide/plugins/com.st.stm32cube.ide.mcu.externaltools.gnu-tools-for-stm32.10.3-2021.10.win32_1.0.200.202301161003/tools/bin/../lib/gcc/arm-none-eabi/10.3.1/../../../../arm-none-eabi/lib/thumb/v7-m/nofp\libc_nano.a(lib_a-lock.o)
 .ARM.attributes
                0x0000000000000584       0x1d c:/st/stm32cubeide_1.12.1/stm32cubeide/plugins/com.st.stm32cube.ide.mcu.externaltools.gnu-tools-for-stm32.10.3-2021.10.win32_1.0.200.202301161003/tools/bin/../lib/gcc/arm-none-eabi/10.3.1/thumb/v7-m/nofp/crtn.o
OUTPUT(sayed_car2.elf elf32-littlearm)
LOAD linker stubs
LOAD c:/st/stm32cubeide_1.12.1/stm32cubeide/plugins/com.st.stm32cube.ide.mcu.externaltools.gnu-tools-for-stm32.10.3-2021.10.win32_1.0.200.202301161003/tools/bin/../lib/gcc/arm-none-eabi/10.3.1/../../../../arm-none-eabi/lib/thumb/v7-m/nofp\libc.a
LOAD c:/st/stm32cubeide_1.12.1/stm32cubeide/plugins/com.st.stm32cube.ide.mcu.externaltools.gnu-tools-for-stm32.10.3-2021.10.win32_1.0.200.202301161003/tools/bin/../lib/gcc/arm-none-eabi/10.3.1/../../../../arm-none-eabi/lib/thumb/v7-m/nofp\libm.a
LOAD c:/st/stm32cubeide_1.12.1/stm32cubeide/plugins/com.st.stm32cube.ide.mcu.externaltools.gnu-tools-for-stm32.10.3-2021.10.win32_1.0.200.202301161003/tools/bin/../lib/gcc/arm-none-eabi/10.3.1/thumb/v7-m/nofp\libgcc.a

.debug_info     0x0000000000000000     0x205a
 .debug_info    0x0000000000000000      0x35c ./Src/EXTI_program.o
 .debug_info    0x000000000000035c      0x229 ./Src/GPIO_program.o
 .debug_info    0x0000000000000585      0x221 ./Src/LCD_private.o
 .debug_info    0x00000000000007a6      0x42a ./Src/LCD_prog.o
 .debug_info    0x0000000000000bd0      0x241 ./Src/MotorDriver_program.o
 .debug_info    0x0000000000000e11      0x1c4 ./Src/NVIC_program.o
 .debug_info    0x0000000000000fd5      0x161 ./Src/RCC_program.o
 .debug_info    0x0000000000001136      0x1e3 ./Src/SYSTICK_program.o
 .debug_info    0x0000000000001319      0x539 ./Src/TIMERx_program.o
 .debug_info    0x0000000000001852      0x448 ./Src/USART_PROG.o
 .debug_info    0x0000000000001c9a      0x22d ./Src/main.o
 .debug_info    0x0000000000001ec7      0x171 ./Src/sysmem.o
 .debug_info    0x0000000000002038       0x22 ./Startup/startup_stm32f103c6tx.o

.debug_abbrev   0x0000000000000000      0xbf7
 .debug_abbrev  0x0000000000000000       0xf2 ./Src/EXTI_program.o
 .debug_abbrev  0x00000000000000f2       0xd2 ./Src/GPIO_program.o
 .debug_abbrev  0x00000000000001c4       0xd9 ./Src/LCD_private.o
 .debug_abbrev  0x000000000000029d      0x176 ./Src/LCD_prog.o
 .debug_abbrev  0x0000000000000413       0xa5 ./Src/MotorDriver_program.o
 .debug_abbrev  0x00000000000004b8       0xa7 ./Src/NVIC_program.o
 .debug_abbrev  0x000000000000055f       0xa7 ./Src/RCC_program.o
 .debug_abbrev  0x0000000000000606       0xf7 ./Src/SYSTICK_program.o
 .debug_abbrev  0x00000000000006fd      0x173 ./Src/TIMERx_program.o
 .debug_abbrev  0x0000000000000870      0x1d9 ./Src/USART_PROG.o
 .debug_abbrev  0x0000000000000a49       0xe1 ./Src/main.o
 .debug_abbrev  0x0000000000000b2a       0xbb ./Src/sysmem.o
 .debug_abbrev  0x0000000000000be5       0x12 ./Startup/startup_stm32f103c6tx.o

.debug_aranges  0x0000000000000000      0x408
 .debug_aranges
                0x0000000000000000       0xc8 ./Src/EXTI_program.o
 .debug_aranges
                0x00000000000000c8       0x30 ./Src/GPIO_program.o
 .debug_aranges
                0x00000000000000f8       0x20 ./Src/LCD_private.o
 .debug_aranges
                0x0000000000000118       0x68 ./Src/LCD_prog.o
 .debug_aranges
                0x0000000000000180       0x30 ./Src/MotorDriver_program.o
 .debug_aranges
                0x00000000000001b0       0x50 ./Src/NVIC_program.o
 .debug_aranges
                0x0000000000000200       0x38 ./Src/RCC_program.o
 .debug_aranges
                0x0000000000000238       0x50 ./Src/SYSTICK_program.o
 .debug_aranges
                0x0000000000000288       0x80 ./Src/TIMERx_program.o
 .debug_aranges
                0x0000000000000308       0x98 ./Src/USART_PROG.o
 .debug_aranges
                0x00000000000003a0       0x20 ./Src/main.o
 .debug_aranges
                0x00000000000003c0       0x20 ./Src/sysmem.o
 .debug_aranges
                0x00000000000003e0       0x28 ./Startup/startup_stm32f103c6tx.o

.debug_ranges   0x0000000000000000      0x340
 .debug_ranges  0x0000000000000000       0xb8 ./Src/EXTI_program.o
 .debug_ranges  0x00000000000000b8       0x20 ./Src/GPIO_program.o
 .debug_ranges  0x00000000000000d8       0x10 ./Src/LCD_private.o
 .debug_ranges  0x00000000000000e8       0x58 ./Src/LCD_prog.o
 .debug_ranges  0x0000000000000140       0x20 ./Src/MotorDriver_program.o
 .debug_ranges  0x0000000000000160       0x40 ./Src/NVIC_program.o
 .debug_ranges  0x00000000000001a0       0x28 ./Src/RCC_program.o
 .debug_ranges  0x00000000000001c8       0x40 ./Src/SYSTICK_program.o
 .debug_ranges  0x0000000000000208       0x70 ./Src/TIMERx_program.o
 .debug_ranges  0x0000000000000278       0x88 ./Src/USART_PROG.o
 .debug_ranges  0x0000000000000300       0x10 ./Src/main.o
 .debug_ranges  0x0000000000000310       0x10 ./Src/sysmem.o
 .debug_ranges  0x0000000000000320       0x20 ./Startup/startup_stm32f103c6tx.o

.debug_macro    0x0000000000000000     0x1f9f
 .debug_macro   0x0000000000000000       0x3f ./Src/EXTI_program.o
 .debug_macro   0x000000000000003f       0x34 ./Src/EXTI_program.o
 .debug_macro   0x0000000000000073       0x16 ./Src/EXTI_program.o
 .debug_macro   0x0000000000000089       0x3f ./Src/GPIO_program.o
 .debug_macro   0x00000000000000c8       0x64 ./Src/GPIO_program.o
 .debug_macro   0x000000000000012c       0x9a ./Src/GPIO_program.o
 .debug_macro   0x00000000000001c6       0x3e ./Src/LCD_private.o
 .debug_macro   0x0000000000000204       0x46 ./Src/LCD_private.o
 .debug_macro   0x000000000000024a       0x9a ./Src/LCD_private.o
 .debug_macro   0x00000000000002e4       0x47 ./Src/LCD_prog.o
 .debug_macro   0x000000000000032b       0x88 ./Src/LCD_prog.o
 .debug_macro   0x00000000000003b3       0x6f ./Src/MotorDriver_program.o
 .debug_macro   0x0000000000000422      0x126 ./Src/MotorDriver_program.o
 .debug_macro   0x0000000000000548       0x3a ./Src/MotorDriver_program.o
 .debug_macro   0x0000000000000582       0x70 ./Src/MotorDriver_program.o
 .debug_macro   0x00000000000005f2       0x43 ./Src/NVIC_program.o
 .debug_macro   0x0000000000000635       0x10 ./Src/NVIC_program.o
 .debug_macro   0x0000000000000645       0x7c ./Src/NVIC_program.o
 .debug_macro   0x00000000000006c1       0x48 ./Src/RCC_program.o
 .debug_macro   0x0000000000000709       0x40 ./Src/RCC_program.o
 .debug_macro   0x0000000000000749       0xe2 ./Src/RCC_program.o
 .debug_macro   0x000000000000082b       0x3f ./Src/SYSTICK_program.o
 .debug_macro   0x000000000000086a       0x10 ./Src/SYSTICK_program.o
 .debug_macro   0x000000000000087a       0x58 ./Src/SYSTICK_program.o
 .debug_macro   0x00000000000008d2       0x3e ./Src/TIMERx_program.o
 .debug_macro   0x0000000000000910       0x6a ./Src/TIMERx_program.o
 .debug_macro   0x000000000000097a      0xd07 ./Src/TIMERx_program.o
 .debug_macro   0x0000000000001681       0x44 ./Src/USART_PROG.o
 .debug_macro   0x00000000000016c5       0x88 ./Src/USART_PROG.o
 .debug_macro   0x000000000000174d       0x70 ./Src/USART_PROG.o
 .debug_macro   0x00000000000017bd       0x28 ./Src/USART_PROG.o
 .debug_macro   0x00000000000017e5       0x72 ./Src/main.o
 .debug_macro   0x0000000000001857      0x12c ./Src/main.o
 .debug_macro   0x0000000000001983       0xff ./Src/sysmem.o
 .debug_macro   0x0000000000001a82      0x23b ./Src/sysmem.o
 .debug_macro   0x0000000000001cbd      0x103 ./Src/sysmem.o
 .debug_macro   0x0000000000001dc0      0x1df ./Src/sysmem.o

.debug_line     0x0000000000000000     0x1e0c
 .debug_line    0x0000000000000000      0x2fb ./Src/EXTI_program.o
 .debug_line    0x00000000000002fb      0x23b ./Src/GPIO_program.o
 .debug_line    0x0000000000000536      0x140 ./Src/LCD_private.o
 .debug_line    0x0000000000000676      0x2b8 ./Src/LCD_prog.o
 .debug_line    0x000000000000092e      0x198 ./Src/MotorDriver_program.o
 .debug_line    0x0000000000000ac6      0x1e4 ./Src/NVIC_program.o
 .debug_line    0x0000000000000caa      0x164 ./Src/RCC_program.o
 .debug_line    0x0000000000000e0e      0x1a8 ./Src/SYSTICK_program.o
 .debug_line    0x0000000000000fb6      0x3ac ./Src/TIMERx_program.o
 .debug_line    0x0000000000001362      0x391 ./Src/USART_PROG.o
 .debug_line    0x00000000000016f3      0x1a6 ./Src/main.o
 .debug_line    0x0000000000001899      0x4ef ./Src/sysmem.o
 .debug_line    0x0000000000001d88       0x84 ./Startup/startup_stm32f103c6tx.o

.debug_str      0x0000000000000000     0xce91
 .debug_str     0x0000000000000000     0x3180 ./Src/EXTI_program.o
                                       0x3234 (size before relaxing)
 .debug_str     0x0000000000003180      0x78b ./Src/GPIO_program.o
                                       0x35ca (size before relaxing)
 .debug_str     0x000000000000390b      0x3b0 ./Src/LCD_private.o
                                       0x3411 (size before relaxing)
 .debug_str     0x0000000000003cbb      0x2a4 ./Src/LCD_prog.o
                                       0x36bd (size before relaxing)
 .debug_str     0x0000000000003f5f      0x5fc ./Src/MotorDriver_program.o
                                       0x3672 (size before relaxing)
 .debug_str     0x000000000000455b      0x4df ./Src/NVIC_program.o
                                       0x32f4 (size before relaxing)
 .debug_str     0x0000000000004a3a      0x586 ./Src/RCC_program.o
                                       0x3646 (size before relaxing)
 .debug_str     0x0000000000004fc0      0x245 ./Src/SYSTICK_program.o
                                       0x306d (size before relaxing)
 .debug_str     0x0000000000005205     0x4688 ./Src/TIMERx_program.o
                                       0x752f (size before relaxing)
 .debug_str     0x000000000000988d      0x6de ./Src/USART_PROG.o
                                       0x34de (size before relaxing)
 .debug_str     0x0000000000009f6b       0x36 ./Src/main.o
                                       0x378d (size before relaxing)
 .debug_str     0x0000000000009fa1     0x2ebf ./Src/sysmem.o
                                       0x5d77 (size before relaxing)
 .debug_str     0x000000000000ce60       0x31 ./Startup/startup_stm32f103c6tx.o
                                         0x76 (size before relaxing)

.comment        0x0000000000000000       0x50
 .comment       0x0000000000000000       0x50 ./Src/EXTI_program.o
                                         0x51 (size before relaxing)
 .comment       0x0000000000000050       0x51 ./Src/GPIO_program.o
 .comment       0x0000000000000050       0x51 ./Src/LCD_private.o
 .comment       0x0000000000000050       0x51 ./Src/LCD_prog.o
 .comment       0x0000000000000050       0x51 ./Src/MotorDriver_program.o
 .comment       0x0000000000000050       0x51 ./Src/NVIC_program.o
 .comment       0x0000000000000050       0x51 ./Src/RCC_program.o
 .comment       0x0000000000000050       0x51 ./Src/SYSTICK_program.o
 .comment       0x0000000000000050       0x51 ./Src/TIMERx_program.o
 .comment       0x0000000000000050       0x51 ./Src/USART_PROG.o
 .comment       0x0000000000000050       0x51 ./Src/main.o
 .comment       0x0000000000000050       0x51 ./Src/sysmem.o

.debug_frame    0x0000000000000000     0x1128
 .debug_frame   0x0000000000000000      0x2b8 ./Src/EXTI_program.o
 .debug_frame   0x00000000000002b8       0x88 ./Src/GPIO_program.o
 .debug_frame   0x0000000000000340       0x34 ./Src/LCD_private.o
 .debug_frame   0x0000000000000374      0x164 ./Src/LCD_prog.o
 .debug_frame   0x00000000000004d8       0x64 ./Src/MotorDriver_program.o
 .debug_frame   0x000000000000053c      0x120 ./Src/NVIC_program.o
 .debug_frame   0x000000000000065c       0xa8 ./Src/RCC_program.o
 .debug_frame   0x0000000000000704      0x108 ./Src/SYSTICK_program.o
 .debug_frame   0x000000000000080c      0x1e8 ./Src/TIMERx_program.o
 .debug_frame   0x00000000000009f4      0x268 ./Src/USART_PROG.o
 .debug_frame   0x0000000000000c5c       0x30 ./Src/main.o
 .debug_frame   0x0000000000000c8c       0x34 ./Src/sysmem.o
 .debug_frame   0x0000000000000cc0       0x20 c:/st/stm32cubeide_1.12.1/stm32cubeide/plugins/com.st.stm32cube.ide.mcu.externaltools.gnu-tools-for-stm32.10.3-2021.10.win32_1.0.200.202301161003/tools/bin/../lib/gcc/arm-none-eabi/10.3.1/../../../../arm-none-eabi/lib/thumb/v7-m/nofp\libc_nano.a(lib_a-errno.o)
 .debug_frame   0x0000000000000ce0       0x2c c:/st/stm32cubeide_1.12.1/stm32cubeide/plugins/com.st.stm32cube.ide.mcu.externaltools.gnu-tools-for-stm32.10.3-2021.10.win32_1.0.200.202301161003/tools/bin/../lib/gcc/arm-none-eabi/10.3.1/../../../../arm-none-eabi/lib/thumb/v7-m/nofp\libc_nano.a(lib_a-init.o)
 .debug_frame   0x0000000000000d0c       0x6c c:/st/stm32cubeide_1.12.1/stm32cubeide/plugins/com.st.stm32cube.ide.mcu.externaltools.gnu-tools-for-stm32.10.3-2021.10.win32_1.0.200.202301161003/tools/bin/../lib/gcc/arm-none-eabi/10.3.1/../../../../arm-none-eabi/lib/thumb/v7-m/nofp\libc_nano.a(lib_a-sprintf.o)
 .debug_frame   0x0000000000000d78       0x90 c:/st/stm32cubeide_1.12.1/stm32cubeide/plugins/com.st.stm32cube.ide.mcu.externaltools.gnu-tools-for-stm32.10.3-2021.10.win32_1.0.200.202301161003/tools/bin/../lib/gcc/arm-none-eabi/10.3.1/../../../../arm-none-eabi/lib/thumb/v7-m/nofp\libc_nano.a(lib_a-nano-svfprintf.o)
 .debug_frame   0x0000000000000e08       0x60 c:/st/stm32cubeide_1.12.1/stm32cubeide/plugins/com.st.stm32cube.ide.mcu.externaltools.gnu-tools-for-stm32.10.3-2021.10.win32_1.0.200.202301161003/tools/bin/../lib/gcc/arm-none-eabi/10.3.1/../../../../arm-none-eabi/lib/thumb/v7-m/nofp\libc_nano.a(lib_a-nano-vfprintf_i.o)
 .debug_frame   0x0000000000000e68       0x28 c:/st/stm32cubeide_1.12.1/stm32cubeide/plugins/com.st.stm32cube.ide.mcu.externaltools.gnu-tools-for-stm32.10.3-2021.10.win32_1.0.200.202301161003/tools/bin/../lib/gcc/arm-none-eabi/10.3.1/../../../../arm-none-eabi/lib/thumb/v7-m/nofp\libc_nano.a(lib_a-memchr-stub.o)
 .debug_frame   0x0000000000000e90       0x28 c:/st/stm32cubeide_1.12.1/stm32cubeide/plugins/com.st.stm32cube.ide.mcu.externaltools.gnu-tools-for-stm32.10.3-2021.10.win32_1.0.200.202301161003/tools/bin/../lib/gcc/arm-none-eabi/10.3.1/../../../../arm-none-eabi/lib/thumb/v7-m/nofp\libc_nano.a(lib_a-memcpy-stub.o)
 .debug_frame   0x0000000000000eb8       0x28 c:/st/stm32cubeide_1.12.1/stm32cubeide/plugins/com.st.stm32cube.ide.mcu.externaltools.gnu-tools-for-stm32.10.3-2021.10.win32_1.0.200.202301161003/tools/bin/../lib/gcc/arm-none-eabi/10.3.1/../../../../arm-none-eabi/lib/thumb/v7-m/nofp\libc_nano.a(lib_a-memmove.o)
 .debug_frame   0x0000000000000ee0       0x38 c:/st/stm32cubeide_1.12.1/stm32cubeide/plugins/com.st.stm32cube.ide.mcu.externaltools.gnu-tools-for-stm32.10.3-2021.10.win32_1.0.200.202301161003/tools/bin/../lib/gcc/arm-none-eabi/10.3.1/../../../../arm-none-eabi/lib/thumb/v7-m/nofp\libc_nano.a(lib_a-nano-freer.o)
 .debug_frame   0x0000000000000f18       0x4c c:/st/stm32cubeide_1.12.1/stm32cubeide/plugins/com.st.stm32cube.ide.mcu.externaltools.gnu-tools-for-stm32.10.3-2021.10.win32_1.0.200.202301161003/tools/bin/../lib/gcc/arm-none-eabi/10.3.1/../../../../arm-none-eabi/lib/thumb/v7-m/nofp\libc_nano.a(lib_a-nano-mallocr.o)
 .debug_frame   0x0000000000000f64       0x3c c:/st/stm32cubeide_1.12.1/stm32cubeide/plugins/com.st.stm32cube.ide.mcu.externaltools.gnu-tools-for-stm32.10.3-2021.10.win32_1.0.200.202301161003/tools/bin/../lib/gcc/arm-none-eabi/10.3.1/../../../../arm-none-eabi/lib/thumb/v7-m/nofp\libc_nano.a(lib_a-nano-reallocr.o)
 .debug_frame   0x0000000000000fa0       0x2c c:/st/stm32cubeide_1.12.1/stm32cubeide/plugins/com.st.stm32cube.ide.mcu.externaltools.gnu-tools-for-stm32.10.3-2021.10.win32_1.0.200.202301161003/tools/bin/../lib/gcc/arm-none-eabi/10.3.1/../../../../arm-none-eabi/lib/thumb/v7-m/nofp\libc_nano.a(lib_a-sbrkr.o)
 .debug_frame   0x0000000000000fcc       0x30 c:/st/stm32cubeide_1.12.1/stm32cubeide/plugins/com.st.stm32cube.ide.mcu.externaltools.gnu-tools-for-stm32.10.3-2021.10.win32_1.0.200.202301161003/tools/bin/../lib/gcc/arm-none-eabi/10.3.1/../../../../arm-none-eabi/lib/thumb/v7-m/nofp\libc_nano.a(lib_a-mlock.o)
 .debug_frame   0x0000000000000ffc       0x20 c:/st/stm32cubeide_1.12.1/stm32cubeide/plugins/com.st.stm32cube.ide.mcu.externaltools.gnu-tools-for-stm32.10.3-2021.10.win32_1.0.200.202301161003/tools/bin/../lib/gcc/arm-none-eabi/10.3.1/../../../../arm-none-eabi/lib/thumb/v7-m/nofp\libc_nano.a(lib_a-nano-msizer.o)
 .debug_frame   0x000000000000101c       0x5c c:/st/stm32cubeide_1.12.1/stm32cubeide/plugins/com.st.stm32cube.ide.mcu.externaltools.gnu-tools-for-stm32.10.3-2021.10.win32_1.0.200.202301161003/tools/bin/../lib/gcc/arm-none-eabi/10.3.1/../../../../arm-none-eabi/lib/thumb/v7-m/nofp\libc_nano.a(lib_a-reent.o)
 .debug_frame   0x0000000000001078       0xb0 c:/st/stm32cubeide_1.12.1/stm32cubeide/plugins/com.st.stm32cube.ide.mcu.externaltools.gnu-tools-for-stm32.10.3-2021.10.win32_1.0.200.202301161003/tools/bin/../lib/gcc/arm-none-eabi/10.3.1/../../../../arm-none-eabi/lib/thumb/v7-m/nofp\libc_nano.a(lib_a-lock.o)
